Archive member included to satisfy reference by file (symbol)

e:/intelfpga_lite/16.1/nios2eds/bin/gnu/h-x86_64-mingw32/bin/../lib/gcc/nios2-elf/5.3.0\libgcc.a(lib2-divmod.o)
                              obj/default/src/alarm_util.o (__udivsi3)
../Embed_System_bsp/\libhal_bsp.a(alt_alarm_start.o)
                              obj/default/src/alarm_util.o (alt_alarm_start)
../Embed_System_bsp/\libhal_bsp.a(alt_getchar.o)
                              obj/default/main.o (alt_getchar)
../Embed_System_bsp/\libhal_bsp.a(alt_load.o)
                              ../Embed_System_bsp//obj/HAL/src/crt0.o (alt_load)
../Embed_System_bsp/\libhal_bsp.a(alt_main.o)
                              ../Embed_System_bsp//obj/HAL/src/crt0.o (alt_main)
../Embed_System_bsp/\libhal_bsp.a(alt_printf.o)
                              obj/default/main.o (alt_printf)
../Embed_System_bsp/\libhal_bsp.a(alt_putchar.o)
                              ../Embed_System_bsp/\libhal_bsp.a(alt_printf.o) (alt_putchar)
../Embed_System_bsp/\libhal_bsp.a(alt_tick.o)
                              ../Embed_System_bsp/\libhal_bsp.a(alt_alarm_start.o) (_alt_nticks)
../Embed_System_bsp/\libhal_bsp.a(alt_sys_init.o)
                              ../Embed_System_bsp/\libhal_bsp.a(alt_main.o) (alt_irq_init)
../Embed_System_bsp/\libhal_bsp.a(altera_avalon_jtag_uart_fd.o)
                              ../Embed_System_bsp/\libhal_bsp.a(alt_sys_init.o) (altera_avalon_jtag_uart_read_fd)
../Embed_System_bsp/\libhal_bsp.a(altera_avalon_jtag_uart_read.o)
                              ../Embed_System_bsp/\libhal_bsp.a(altera_avalon_jtag_uart_fd.o) (altera_avalon_jtag_uart_read)
../Embed_System_bsp/\libhal_bsp.a(altera_avalon_jtag_uart_write.o)
                              ../Embed_System_bsp/\libhal_bsp.a(altera_avalon_jtag_uart_fd.o) (altera_avalon_jtag_uart_write)
../Embed_System_bsp/\libhal_bsp.a(altera_avalon_timer_sc.o)
                              ../Embed_System_bsp/\libhal_bsp.a(alt_sys_init.o) (alt_avalon_timer_sc_init)
../Embed_System_bsp/\libhal_bsp.a(altera_modular_adc.o)
                              ../Embed_System_bsp/\libhal_bsp.a(alt_sys_init.o) (altera_modular_adc_init)
../Embed_System_bsp/\libhal_bsp.a(altera_onchip_flash.o)
                              ../Embed_System_bsp/\libhal_bsp.a(alt_sys_init.o) (alt_onchip_flash_read)
../Embed_System_bsp/\libhal_bsp.a(alt_busy_sleep.o)
                              ../Embed_System_bsp/\libhal_bsp.a(altera_onchip_flash.o) (alt_busy_sleep)
../Embed_System_bsp/\libhal_bsp.a(alt_close.o)
                              ../Embed_System_bsp/\libhal_bsp.a(alt_main.o) (close)
../Embed_System_bsp/\libhal_bsp.a(alt_dcache_flush.o)
                              ../Embed_System_bsp/\libhal_bsp.a(altera_onchip_flash.o) (alt_dcache_flush)
../Embed_System_bsp/\libhal_bsp.a(alt_dcache_flush_all.o)
                              ../Embed_System_bsp/\libhal_bsp.a(alt_load.o) (alt_dcache_flush_all)
../Embed_System_bsp/\libhal_bsp.a(alt_dev.o)
                              ../Embed_System_bsp/\libhal_bsp.a(alt_close.o) (alt_fd_list)
../Embed_System_bsp/\libhal_bsp.a(alt_dev_llist_insert.o)
                              ../Embed_System_bsp/\libhal_bsp.a(alt_sys_init.o) (alt_dev_llist_insert)
../Embed_System_bsp/\libhal_bsp.a(alt_errno.o)
                              ../Embed_System_bsp/\libhal_bsp.a(alt_close.o) (alt_errno)
../Embed_System_bsp/\libhal_bsp.a(alt_find_dev.o)
                              ../Embed_System_bsp/\libhal_bsp.a(altera_modular_adc.o) (alt_find_dev)
../Embed_System_bsp/\libhal_bsp.a(alt_flash_dev.o)
                              ../Embed_System_bsp/\libhal_bsp.a(altera_onchip_flash.o) (alt_flash_dev_list)
../Embed_System_bsp/\libhal_bsp.a(alt_icache_flush_all.o)
                              ../Embed_System_bsp/\libhal_bsp.a(alt_load.o) (alt_icache_flush_all)
../Embed_System_bsp/\libhal_bsp.a(alt_iic.o)
                              ../Embed_System_bsp/\libhal_bsp.a(altera_avalon_timer_sc.o) (alt_ic_isr_register)
../Embed_System_bsp/\libhal_bsp.a(alt_iic_isr_register.o)
                              ../Embed_System_bsp/\libhal_bsp.a(alt_iic.o) (alt_iic_isr_register)
../Embed_System_bsp/\libhal_bsp.a(alt_io_redirect.o)
                              ../Embed_System_bsp/\libhal_bsp.a(alt_main.o) (alt_io_redirect)
../Embed_System_bsp/\libhal_bsp.a(alt_irq_entry.o)
                              ../Embed_System_bsp/\libhal_bsp.a(alt_iic_isr_register.o) (alt_irq_entry)
../Embed_System_bsp/\libhal_bsp.a(alt_irq_handler.o)
                              ../Embed_System_bsp/\libhal_bsp.a(alt_iic_isr_register.o) (alt_irq_handler)
../Embed_System_bsp/\libhal_bsp.a(alt_irq_vars.o)
                              ../Embed_System_bsp/\libhal_bsp.a(alt_iic.o) (alt_irq_active)
../Embed_System_bsp/\libhal_bsp.a(alt_open.o)
                              ../Embed_System_bsp/\libhal_bsp.a(alt_io_redirect.o) (open)
../Embed_System_bsp/\libhal_bsp.a(alt_release_fd.o)
[...]
Memory Configuration

Name             Origin             Length             Attributes
sdram            0x0000000004000000 0x0000000004000000
onchip_flash_0_data 0x0000000009200000 0x0000000000160000
reset            0x0000000009404000 0x0000000000000020
onchip_ram       0x0000000009404020 0x0000000000003fe0
*default*        0x0000000000000000 0xffffffffffffffff

Linker script and memory map

LOAD ../Embed_System_bsp//obj/HAL/src/crt0.o
LOAD obj/default/main.o
LOAD obj/default/src/alarm_util.o
LOAD obj/default/src/delay_wait.o
LOAD obj/default/src/error_loop.o
LOAD obj/default/src/jtag_uart_util.o
LOAD obj/default/src/led_util.o
LOAD e:/intelfpga_lite/16.1/nios2eds/bin/gnu/h-x86_64-mingw32/bin/../lib/gcc/nios2-elf/5.3.0/../../../../../H-x86_64-mingw32/nios2-elf/lib\libstdc++.a
LOAD e:/intelfpga_lite/16.1/nios2eds/bin/gnu/h-x86_64-mingw32/bin/../lib/gcc/nios2-elf/5.3.0/../../../../../H-x86_64-mingw32/nios2-elf/lib\libm.a
LOAD e:/intelfpga_lite/16.1/nios2eds/bin/gnu/h-x86_64-mingw32/bin/../lib/gcc/nios2-elf/5.3.0\libgcc.a
START GROUP
LOAD e:/intelfpga_lite/16.1/nios2eds/bin/gnu/h-x86_64-mingw32/bin/../lib/gcc/nios2-elf/5.3.0/../../../../../H-x86_64-mingw32/nios2-elf/lib\libc.a
LOAD e:/intelfpga_lite/16.1/nios2eds/bin/gnu/h-x86_64-mingw32/bin/../lib/gcc/nios2-elf/5.3.0\libgcc.a
LOAD ../Embed_System_bsp/\libhal_bsp.a
LOAD e:/intelfpga_lite/16.1/nios2eds/bin/gnu/h-x86_64-mingw32/bin/../lib/gcc/nios2-elf/5.3.0/../../../../../H-x86_64-mingw32/nios2-elf/lib\libm.a
END GROUP
LOAD e:/intelfpga_lite/16.1/nios2eds/bin/gnu/h-x86_64-mingw32/bin/../lib/gcc/nios2-elf/5.3.0\libgcc.a
                0x0000000004000000                __alt_mem_sdram = 0x4000000
                0x0000000009200000                __alt_mem_onchip_flash_0_data = 0x9200000
                0x0000000009404000                __alt_mem_onchip_ram = 0x9404000

.entry          0x0000000009404000       0x20
 *(.entry)
 .entry         0x0000000009404000       0x20 ../Embed_System_bsp//obj/HAL/src/crt0.o
                0x0000000009404000                __reset

.exceptions     0x0000000009404020      0x16c load address 0x0000000004000000
                0x0000000009404020                PROVIDE (__ram_exceptions_start, ABSOLUTE (.))
                0x0000000009404020                . = ALIGN (0x20)
 *(.irq)
 *(.exceptions.entry.label)
 .exceptions.entry.label
                0x0000000009404020        0x0 ../Embed_System_bsp/\libhal_bsp.a(alt_irq_entry.o)
                0x0000000009404020                alt_irq_entry
 .exceptions.entry.label
                0x0000000009404020        0x0 ../Embed_System_bsp/\libhal_bsp.a(alt_exception_entry.o)
                0x0000000009404020                alt_exception
 *(.exceptions.entry.user)
 *(.exceptions.entry.ecc_fatal)
 *(.exceptions.entry)
 .exceptions.entry
                0x0000000009404020       0x54 ../Embed_System_bsp/\libhal_bsp.a(alt_exception_entry.o)
 *(.exceptions.irqtest.user)
 *(.exceptions.irqtest)
 .exceptions.irqtest
                0x0000000009404074       0x10 ../Embed_System_bsp/\libhal_bsp.a(alt_irq_entry.o)
 *(.exceptions.irqhandler.user)
 *(.exceptions.irqhandler)
 .exceptions.irqhandler
                0x0000000009404084        0x4 ../Embed_System_bsp/\libhal_bsp.a(alt_irq_entry.o)
 *(.exceptions.irqreturn.user)
 *(.exceptions.irqreturn)
 .exceptions.irqreturn
                0x0000000009404088        0x4 ../Embed_System_bsp/\libhal_bsp.a(alt_irq_entry.o)
 *(.exceptions.notirq.label)
 .exceptions.notirq.label
                0x000000000940408c        0x0 ../Embed_System_bsp/\libhal_bsp.a(alt_irq_entry.o)
 *(.exceptions.notirq.user)
 *(.exceptions.notirq)
 .exceptions.notirq
                0x000000000940408c        0x8 ../Embed_System_bsp/\libhal_bsp.a(alt_exception_entry.o)
 *(.exceptions.soft.user)
 *(.exceptions.soft)
 *(.exceptions.unknown.user)
 *(.exceptions.unknown)
 .exceptions.unknown
                0x0000000009404094       0x14 ../Embed_System_bsp/\libhal_bsp.a(alt_exception_entry.o)
 *(.exceptions.exit.label)
 .exceptions.exit.label
                0x00000000094040a8        0x0 ../Embed_System_bsp/\libhal_bsp.a(alt_irq_entry.o)
 .exceptions.exit.label
                0x00000000094040a8        0x0 ../Embed_System_bsp/\libhal_bsp.a(alt_exception_entry.o)
 *(.exceptions.exit.user)
 *(.exceptions.exit)
 .exceptions.exit
                0x00000000094040a8       0x54 ../Embed_System_bsp/\libhal_bsp.a(alt_exception_entry.o)
 *(.exceptions)
 .exceptions    0x00000000094040fc       0x64 ../Embed_System_bsp/\libhal_bsp.a(alt_irq_handler.o)
                0x00000000094040fc                alt_irq_handler
 .exceptions    0x0000000009404160       0x2c ../Embed_System_bsp/\libhal_bsp.a(alt_instruction_exception_entry.o)
                0x0000000009404160                alt_instruction_exception_entry
                0x000000000940418c                PROVIDE (__ram_exceptions_end, ABSOLUTE (.))
                0x0000000004000000                PROVIDE (__flash_exceptions_start, LOADADDR (.exceptions))

.text           0x000000000400016c     0x4db4
                [!provide]                        PROVIDE (stext, ABSOLUTE (.))
 *(.interp)
 *(.hash)
 *(.dynsym)
 *(.dynstr)
 *(.gnu.version)
 *(.gnu.version_d)
 *(.gnu.version_r)
 *(.rel.init)
 *(.rela.init)
 *(.rel.text .rel.text.* .rel.gnu.linkonce.t.*)
 *(.rela.text .rela.text.* .rela.gnu.linkonce.t.*)
 *(.rel.fini)
 *(.rela.fini)
 *(.rel.rodata .rel.rodata.* .rel.gnu.linkonce.r.*)
 *(.rela.rodata .rela.rodata.* .rela.gnu.linkonce.r.*)
 *(.rel.data .rel.data.* .rel.gnu.linkonce.d.*)
 *(.rela.data .rela.data.* .rela.gnu.linkonce.d.*)
 *(.rel.tdata .rel.tdata.* .rel.gnu.linkonce.td.*)
 *(.rela.tdata .rela.tdata.* .rela.gnu.linkonce.td.*)
 *(.rel.tbss .rel.tbss.* .rel.gnu.linkonce.tb.*)
 *(.rela.tbss .rela.tbss.* .rela.gnu.linkonce.tb.*)
 *(.rel.ctors)
 *(.rela.ctors)
 *(.rel.dtors)
 *(.rela.dtors)
 *(.rel.got)
 *(.rela.got)
 *(.rel.sdata .rel.sdata.* .rel.gnu.linkonce.s.*)
 *(.rela.sdata .rela.sdata.* .rela.gnu.linkonce.s.*)
 *(.rel.sbss .rel.sbss.* .rel.gnu.linkonce.sb.*)
 *(.rela.sbss .rela.sbss.* .rela.gnu.linkonce.sb.*)
 *(.rel.sdata2 .rel.sdata2.* .rel.gnu.linkonce.s2.*)
 *(.rela.sdata2 .rela.sdata2.* .rela.gnu.linkonce.s2.*)
 *(.rel.sbss2 .rel.sbss2.* .rel.gnu.linkonce.sb2.*)
 *(.rela.sbss2 .rela.sbss2.* .rela.gnu.linkonce.sb2.*)
 *(.rel.bss .rel.bss.* .rel.gnu.linkonce.b.*)
 *(.rela.bss .rela.bss.* .rela.gnu.linkonce.b.*)
 *(.rel.plt)
 *(.rela.plt)
 *(.rel.dyn)
 *(.init)
 *(.plt)
 *(.text .stub .text.* .gnu.linkonce.t.*)
 .text          0x000000000400016c       0x4c ../Embed_System_bsp//obj/HAL/src/crt0.o
                0x000000000400016c                _start
 .text          0x00000000040001b8      0x194 obj/default/main.o
                0x00000000040001b8                main
 .text          0x000000000400034c      0x1b4 obj/default/src/alarm_util.o
                0x000000000400034c                my_alarm_callback
                0x0000000004000390                alarm_init
 .text          0x0000000004000500      0x1a8 obj/default/src/delay_wait.o
                0x0000000004000500                delay_wait
                0x00000000040005c4                set_delay_mode_250ms
                0x00000000040005f4                set_delay_mode_100ms
                0x0000000004000624                set_delay_mode_10ms
                0x0000000004000654                set_delay_mode_1ms
                0x0000000004000684                set_delay_mode_none
 .text          0x00000000040006a8       0x2c obj/default/src/error_loop.o
                0x00000000040006a8                error_loop
 .text          0x00000000040006d4       0x74 obj/default/src/jtag_uart_util.o
                0x00000000040006d4                print_binary_count_stdio
 .text          0x0000000004000748       0x60 obj/default/src/led_util.o
                0x0000000004000748                update_led
 .text          0x00000000040007a8      0x1b4 e:/intelfpga_lite/16.1/nios2eds/bin/gnu/h-x86_64-mingw32/bin/../lib/gcc/nios2-elf/5.3.0\libgcc.a(lib2-divmod.o)
                0x00000000040007a8                __divsi3
                0x000000000400082c                __modsi3
                0x00000000040008a0                __udivsi3
                0x0000000004000904                __umodsi3
 .text          0x000000000400095c       0x80 ../Embed_System_bsp/\libhal_bsp.a(alt_alarm_start.o)
                0x000000000400095c                alt_alarm_start
 .text          0x00000000040009dc        0xc ../Embed_System_bsp/\libhal_bsp.a(alt_getchar.o)
                0x00000000040009dc                alt_getchar
 .text          0x00000000040009e8      0x114 ../Embed_System_bsp/\libhal_bsp.a(alt_load.o)
                0x00000000040009e8                alt_load
 .text          0x0000000004000afc       0x50 ../Embed_System_bsp/\libhal_bsp.a(alt_main.o)
                0x0000000004000afc                alt_main
 .text          0x0000000004000b4c      0x17c ../Embed_System_bsp/\libhal_bsp.a(alt_printf.o)
                0x0000000004000b4c                alt_printf
 .text          0x0000000004000cc8        0xc ../Embed_System_bsp/\libhal_bsp.a(alt_putchar.o)
                0x0000000004000cc8                alt_putchar
 .text          0x0000000004000cd4      0x128 ../Embed_System_bsp/\libhal_bsp.a(alt_tick.o)
                0x0000000004000cd4                alt_alarm_stop
                0x0000000004000d08                alt_tick
 .text          0x0000000004000dfc       0x74 ../Embed_System_bsp/\libhal_bsp.a(alt_sys_init.o)
                0x0000000004000dfc                alt_irq_init
                0x0000000004000e1c                alt_sys_init
 .text          0x0000000004000e70       0x20 ../Embed_System_bsp/\libhal_bsp.a(altera_avalon_jtag_uart_fd.o)
                0x0000000004000e70                altera_avalon_jtag_uart_read_fd
                0x0000000004000e80                altera_avalon_jtag_uart_write_fd
 .text          0x0000000004000e90       0x74 ../Embed_System_bsp/\libhal_bsp.a(altera_avalon_jtag_uart_read.o)
                0x0000000004000e90                altera_avalon_jtag_uart_read
 .text          0x0000000004000f04       0x34 ../Embed_System_bsp/\libhal_bsp.a(altera_avalon_jtag_uart_write.o)
                0x0000000004000f04                altera_avalon_jtag_uart_write
 .text          0x0000000004000f38       0x84 ../Embed_System_bsp/\libhal_bsp.a(altera_avalon_timer_sc.o)
                0x0000000004000f74                alt_avalon_timer_sc_init
 .text          0x0000000004000fbc      0x270 ../Embed_System_bsp/\libhal_bsp.a(altera_modular_adc.o)
                0x0000000004001020                alt_adc_word_read
                0x0000000004001058                altera_modular_adc_init
                0x00000000040010bc                alt_adc_register_callback
                0x0000000004001118                altera_modular_adc_open
                0x0000000004001120                adc_stop
                0x0000000004001140                adc_start
                0x0000000004001150                adc_set_mode_run_once
                0x0000000004001168                adc_set_mode_run_continuously
                0x000000000400117c                adc_recalibrate
                0x00000000040011c8                adc_interrupt_enable
                0x00000000040011dc                adc_interrupt_disable
                0x00000000040011f4                adc_clear_interrupt_status
                0x0000000004001208                adc_interrupt_asserted
                0x0000000004001218                adc_wait_for_interrupt
 .text          0x000000000400122c      0xa1c ../Embed_System_bsp/\libhal_bsp.a(altera_onchip_flash.o)
                0x000000000400122c                alt_onchip_flash_read
                0x000000000400129c                alt_onchip_flash_get_info
                0x00000000040012e4                alt_onchip_flash_erase_block
                0x000000000400145c                alt_onchip_flash_write_block
                0x000000000400167c                alt_onchip_flash_write
                0x0000000004001888                altera_onchip_flash_init
                0x0000000004001b2c                alt_onchip_flash_poll_for_status_to_go_idle
                0x0000000004001b88                alt_onchip_flash_poll_for_status_erase_passed
                0x0000000004001be8                alt_onchip_flash_poll_for_status_write_passed
 .text          0x0000000004001c48       0x78 ../Embed_System_bsp/\libhal_bsp.a(alt_busy_sleep.o)
                0x0000000004001c48                alt_busy_sleep
 .text          0x0000000004001cc0       0xbc ../Embed_System_bsp/\libhal_bsp.a(alt_close.o)
                0x0000000004001cc0                close
 .text          0x0000000004001d7c       0x40 ../Embed_System_bsp/\libhal_bsp.a(alt_dcache_flush.o)
                0x0000000004001d7c                alt_dcache_flush
 .text          0x0000000004001dbc       0x18 ../Embed_System_bsp/\libhal_bsp.a(alt_dcache_flush_all.o)
                0x0000000004001dbc                alt_dcache_flush_all
 .text          0x0000000004001dd4        0x8 ../Embed_System_bsp/\libhal_bsp.a(alt_dev.o)
 .text          0x0000000004001ddc       0x6c ../Embed_System_bsp/\libhal_bsp.a(alt_dev_llist_insert.o)
                0x0000000004001ddc                alt_dev_llist_insert
 .text          0x0000000004001e48        0x0 ../Embed_System_bsp/\libhal_bsp.a(alt_errno.o)
 .text          0x0000000004001e48       0x78 ../Embed_System_bsp/\libhal_bsp.a(alt_find_dev.o)
                0x0000000004001e48                alt_find_dev
 .text          0x0000000004001ec0       0x64 ../Embed_System_bsp/\libhal_bsp.a(alt_flash_dev.o)
                0x0000000004001ec0                alt_flash_open_dev
                0x0000000004001f10                alt_flash_close_dev
 .text          0x0000000004001f24        0xc ../Embed_System_bsp/\libhal_bsp.a(alt_icache_flush_all.o)
                0x0000000004001f24                alt_icache_flush_all
 .text          0x0000000004001f30       0x8c ../Embed_System_bsp/\libhal_bsp.a(alt_iic.o)
                0x0000000004001f30                alt_ic_isr_register
                0x0000000004001f34                alt_ic_irq_enable
                0x0000000004001f6c                alt_ic_irq_disable
                0x0000000004001fa4                alt_ic_irq_enabled
 .text          0x0000000004001fbc       0x68 ../Embed_System_bsp/\libhal_bsp.a(alt_iic_isr_register.o)
                0x0000000004001fbc                alt_iic_isr_register
 .text          0x0000000004002024       0xe8 ../Embed_System_bsp/\libhal_bsp.a(alt_io_redirect.o)
                0x0000000004002098                alt_io_redirect
 .text          0x000000000400210c        0x0 ../Embed_System_bsp/\libhal_bsp.a(alt_irq_entry.o)
 .text          0x000000000400210c        0x0 ../Embed_System_bsp/\libhal_bsp.a(alt_irq_handler.o)
 .text          0x000000000400210c        0x0 ../Embed_System_bsp/\libhal_bsp.a(alt_irq_vars.o)
 .text          0x000000000400210c      0x178 ../Embed_System_bsp/\libhal_bsp.a(alt_open.o)
                0x000000000400210c                open
 .text          0x0000000004002284       0x24 ../Embed_System_bsp/\libhal_bsp.a(alt_release_fd.o)
                0x0000000004002284                alt_release_fd
 .text          0x00000000040022a8        0x8 ../Embed_System_bsp/\libhal_bsp.a(altera_nios2_gen2_irq.o)
                0x00000000040022a8                altera_nios2_gen2_irq_init
 .text          0x00000000040022b0        0x0 ../Embed_System_bsp/\libhal_bsp.a(alt_exception_entry.o)
 .text          0x00000000040022b0       0xac ../Embed_System_bsp/\libhal_bsp.a(alt_find_file.o)
                0x00000000040022b0                alt_find_file
 .text          0x000000000400235c       0x50 ../Embed_System_bsp/\libhal_bsp.a(alt_get_fd.o)
                0x000000000400235c                alt_get_fd
 .text          0x00000000040023ac       0x50 ../Embed_System_bsp/\libhal_bsp.a(alt_icache_flush.o)
                0x00000000040023ac                alt_icache_flush
 .text          0x00000000040023fc       0x74 ../Embed_System_bsp/\libhal_bsp.a(alt_instruction_exception_entry.o)
                0x00000000040023fc                alt_exception_cause_generated_bad_addr
 .text          0x0000000004002470        0x0 e:/intelfpga_lite/16.1/nios2eds/bin/gnu/h-x86_64-mingw32/bin/../lib/gcc/nios2-elf/5.3.0/../../../../../H-x86_64-mingw32/nios2-elf/lib\libc.a(lib_a-exit.o)
 .text.exit     0x0000000004002470       0x38 e:/intelfpga_lite/16.1/nios2eds/bin/gnu/h-x86_64-mingw32/bin/../lib/gcc/nios2-elf/5.3.0/../../../../../H-x86_64-mingw32/nios2-elf/lib\libc.a(lib_a-exit.o)
                0x0000000004002470                exit
 .text          0x00000000040024a8        0x0 e:/intelfpga_lite/16.1/nios2eds/bin/gnu/h-x86_64-mingw32/bin/../lib/gcc/nios2-elf/5.3.0/../../../../../H-x86_64-mingw32/nios2-elf/lib\libc.a(lib_a-getc.o)
 .text._getc_r  0x00000000040024a8       0x70 e:/intelfpga_lite/16.1/nios2eds/bin/gnu/h-x86_64-mingw32/bin/../lib/gcc/nios2-elf/5.3.0/../../../../../H-x86_64-mingw32/nios2-elf/lib\libc.a(lib_a-getc.o)
                0x00000000040024a8                _getc_r
 .text.getc     0x0000000004002518       0x88 e:/intelfpga_lite/16.1/nios2eds/bin/gnu/h-x86_64-mingw32/bin/../lib/gcc/nios2-elf/5.3.0/../../../../../H-x86_64-mingw32/nios2-elf/lib\libc.a(lib_a-getc.o)
                0x0000000004002518                getc
 .text          0x00000000040025a0        0x0 e:/intelfpga_lite/16.1/nios2eds/bin/gnu/h-x86_64-mingw32/bin/../lib/gcc/nios2-elf/5.3.0/../../../../../H-x86_64-mingw32/nios2-elf/lib\libc.a(lib_a-impure.o)
 .text          0x00000000040025a0        0x0 e:/intelfpga_lite/16.1/nios2eds/bin/gnu/h-x86_64-mingw32/bin/../lib/gcc/nios2-elf/5.3.0/../../../../../H-x86_64-mingw32/nios2-elf/lib\libc.a(lib_a-int_errno.o)
 .text          0x00000000040025a0        0x0 e:/intelfpga_lite/16.1/nios2eds/bin/gnu/h-x86_64-mingw32/bin/../lib/gcc/nios2-elf/5.3.0/../../../../../H-x86_64-mingw32/nios2-elf/lib\libc.a(lib_a-memcmp.o)
 .text.memcmp   0x00000000040025a0       0x7c e:/intelfpga_lite/16.1/nios2eds/bin/gnu/h-x86_64-mingw32/bin/../lib/gcc/nios2-elf/5.3.0/../../../../../H-x86_64-mingw32/nios2-elf/lib\libc.a(lib_a-memcmp.o)
                0x00000000040025a0                memcmp
 .text          0x000000000400261c        0x0 e:/intelfpga_lite/16.1/nios2eds/bin/gnu/h-x86_64-mingw32/bin/../lib/gcc/nios2-elf/5.3.0/../../../../../H-x86_64-mingw32/nios2-elf/lib\libc.a(lib_a-memcpy.o)
 .text.memcpy   0x000000000400261c      0x148 e:/intelfpga_lite/16.1/nios2eds/bin/gnu/h-x86_64-mingw32/bin/../lib/gcc/nios2-elf/5.3.0/../../../../../H-x86_64-mingw32/nios2-elf/lib\libc.a(lib_a-memcpy.o)
                0x000000000400261c                memcpy
 .text          0x0000000004002764        0x0 e:/intelfpga_lite/16.1/nios2eds/bin/gnu/h-x86_64-mingw32/bin/../lib/gcc/nios2-elf/5.3.0/../../../../../H-x86_64-mingw32/nios2-elf/lib\libc.a(lib_a-putc.o)
 .text._putc_r  0x0000000004002764       0xa0 e:/intelfpga_lite/16.1/nios2eds/bin/gnu/h-x86_64-mingw32/bin/../lib/gcc/nios2-elf/5.3.0/../../../../../H-x86_64-mingw32/nios2-elf/lib\libc.a(lib_a-putc.o)
                0x0000000004002764                _putc_r
 .text.putc     0x0000000004002804       0xc8 e:/intelfpga_lite/16.1/nios2eds/bin/gnu/h-x86_64-mingw32/bin/../lib/gcc/nios2-elf/5.3.0/../../../../../H-x86_64-mingw32/nios2-elf/lib\libc.a(lib_a-putc.o)
                0x0000000004002804                putc
 .text          0x00000000040028cc        0x0 e:/intelfpga_lite/16.1/nios2eds/bin/gnu/h-x86_64-mingw32/bin/../lib/gcc/nios2-elf/5.3.0/../../../../../H-x86_64-mingw32/nios2-elf/lib\libc.a(lib_a-rget.o)
 .text.__srget_r
                0x00000000040028cc       0x74 e:/intelfpga_lite/16.1/nios2eds/bin/gnu/h-x86_64-mingw32/bin/../lib/gcc/nios2-elf/5.3.0/../../../../../H-x86_64-mingw32/nios2-elf/lib\libc.a(lib_a-rget.o)
                0x00000000040028cc                __srget_r
 .text.__srget  0x0000000004002940       0x14 e:/intelfpga_lite/16.1/nios2eds/bin/gnu/h-x86_64-mingw32/bin/../lib/gcc/nios2-elf/5.3.0/../../../../../H-x86_64-mingw32/nios2-elf/lib\libc.a(lib_a-rget.o)
                0x0000000004002940                __srget
 .text          0x0000000004002954        0x0 e:/intelfpga_lite/16.1/nios2eds/bin/gnu/h-x86_64-mingw32/bin/../lib/gcc/nios2-elf/5.3.0/../../../../../H-x86_64-mingw32/nios2-elf/lib\libc.a(lib_a-strlen.o)
 .text.strlen   0x0000000004002954       0x98 e:/intelfpga_lite/16.1/nios2eds/bin/gnu/h-x86_64-mingw32/bin/../lib/gcc/nios2-elf/5.3.0/../../../../../H-x86_64-mingw32/nios2-elf/lib\libc.a(lib_a-strlen.o)
                0x0000000004002954                strlen
 .text          0x00000000040029ec        0x0 e:/intelfpga_lite/16.1/nios2eds/bin/gnu/h-x86_64-mingw32/bin/../lib/gcc/nios2-elf/5.3.0/../../../../../H-x86_64-mingw32/nios2-elf/lib\libc.a(lib_a-wbuf.o)
 .text.__swbuf_r
                0x00000000040029ec      0x140 e:/intelfpga_lite/16.1/nios2eds/bin/gnu/h-x86_64-mingw32/bin/../lib/gcc/nios2-elf/5.3.0/../../../../../H-x86_64-mingw32/nios2-elf/lib\libc.a(lib_a-wbuf.o)
                0x00000000040029ec                __swbuf_r
 .text.__swbuf  0x0000000004002b2c       0x18 e:/intelfpga_lite/16.1/nios2eds/bin/gnu/h-x86_64-mingw32/bin/../lib/gcc/nios2-elf/5.3.0/../../../../../H-x86_64-mingw32/nios2-elf/lib\libc.a(lib_a-wbuf.o)
                0x0000000004002b2c                __swbuf
 .text          0x0000000004002b44        0x0 e:/intelfpga_lite/16.1/nios2eds/bin/gnu/h-x86_64-mingw32/bin/../lib/gcc/nios2-elf/5.3.0/../../../../../H-x86_64-mingw32/nios2-elf/lib\libc.a(lib_a-wsetup.o)
 .text.__swsetup_r
                0x0000000004002b44      0x154 e:/intelfpga_lite/16.1/nios2eds/bin/gnu/h-x86_64-mingw32/bin/../lib/gcc/nios2-elf/5.3.0/../../../../../H-x86_64-mingw32/nios2-elf/lib\libc.a(lib_a-wsetup.o)
                0x0000000004002b44                __swsetup_r
 .text          0x0000000004002c98        0x0 e:/intelfpga_lite/16.1/nios2eds/bin/gnu/h-x86_64-mingw32/bin/../lib/gcc/nios2-elf/5.3.0/../../../../../H-x86_64-mingw32/nios2-elf/lib\libc.a(lib_a-__call_atexit.o)
 .text.__call_exitprocs
                0x0000000004002c98      0x180 e:/intelfpga_lite/16.1/nios2eds/bin/gnu/h-x86_64-mingw32/bin/../lib/gcc/nios2-elf/5.3.0/../../../../../H-x86_64-mingw32/nios2-elf/lib\libc.a(lib_a-__call_atexit.o)
                0x0000000004002c98                __call_exitprocs
 .text          0x0000000004002e18        0x0 e:/intelfpga_lite/16.1/nios2eds/bin/gnu/h-x86_64-mingw32/bin/../lib/gcc/nios2-elf/5.3.0/../../../../../H-x86_64-mingw32/nios2-elf/lib\libc.a(lib_a-fflush.o)
 .text.__sflush_r
                0x0000000004002e18      0x21c e:/intelfpga_lite/16.1/nios2eds/bin/gnu/h-x86_64-mingw32/bin/../lib/gcc/nios2-elf/5.3.0/../../../../../H-x86_64-mingw32/nios2-elf/lib\libc.a(lib_a-fflush.o)
                0x0000000004002e18                __sflush_r
 .text._fflush_r
                0x0000000004003034       0x5c e:/intelfpga_lite/16.1/nios2eds/bin/gnu/h-x86_64-mingw32/bin/../lib/gcc/nios2-elf/5.3.0/../../../../../H-x86_64-mingw32/nios2-elf/lib\libc.a(lib_a-fflush.o)
                0x0000000004003034                _fflush_r
 .text.fflush   0x0000000004003090       0x30 e:/intelfpga_lite/16.1/nios2eds/bin/gnu/h-x86_64-mingw32/bin/../lib/gcc/nios2-elf/5.3.0/../../../../../H-x86_64-mingw32/nios2-elf/lib\libc.a(lib_a-fflush.o)
                0x0000000004003090                fflush
 .text          0x00000000040030c0        0x0 e:/intelfpga_lite/16.1/nios2eds/bin/gnu/h-x86_64-mingw32/bin/../lib/gcc/nios2-elf/5.3.0/../../../../../H-x86_64-mingw32/nios2-elf/lib\libc.a(lib_a-findfp.o)
 .text.__fp_unlock
                0x00000000040030c0        0x8 e:/intelfpga_lite/16.1/nios2eds/bin/gnu/h-x86_64-mingw32/bin/../lib/gcc/nios2-elf/5.3.0/../../../../../H-x86_64-mingw32/nios2-elf/lib\libc.a(lib_a-findfp.o)
 .text._cleanup_r
                0x00000000040030c8        0xc e:/intelfpga_lite/16.1/nios2eds/bin/gnu/h-x86_64-mingw32/bin/../lib/gcc/nios2-elf/5.3.0/../../../../../H-x86_64-mingw32/nios2-elf/lib\libc.a(lib_a-findfp.o)
                0x00000000040030c8                _cleanup_r
 .text.__sinit.part.1
                0x00000000040030d4      0x19c e:/intelfpga_lite/16.1/nios2eds/bin/gnu/h-x86_64-mingw32/bin/../lib/gcc/nios2-elf/5.3.0/../../../../../H-x86_64-mingw32/nios2-elf/lib\libc.a(lib_a-findfp.o)
 .text.__fp_lock
                0x0000000004003270        0x8 e:/intelfpga_lite/16.1/nios2eds/bin/gnu/h-x86_64-mingw32/bin/../lib/gcc/nios2-elf/5.3.0/../../../../../H-x86_64-mingw32/nios2-elf/lib\libc.a(lib_a-findfp.o)
 .text.__sfmoreglue
                0x0000000004003278       0x68 e:/intelfpga_lite/16.1/nios2eds/bin/gnu/h-x86_64-mingw32/bin/../lib/gcc/nios2-elf/5.3.0/../../../../../H-x86_64-mingw32/nios2-elf/lib\libc.a(lib_a-findfp.o)
                0x0000000004003278                __sfmoreglue
 .text.__sfp    0x00000000040032e0      0x118 e:/intelfpga_lite/16.1/nios2eds/bin/gnu/h-x86_64-mingw32/bin/../lib/gcc/nios2-elf/5.3.0/../../../../../H-x86_64-mingw32/nios2-elf/lib\libc.a(lib_a-findfp.o)
                0x00000000040032e0                __sfp
 .text._cleanup
                0x00000000040033f8       0x18 e:/intelfpga_lite/16.1/nios2eds/bin/gnu/h-x86_64-mingw32/bin/../lib/gcc/nios2-elf/5.3.0/../../../../../H-x86_64-mingw32/nios2-elf/lib\libc.a(lib_a-findfp.o)
                0x00000000040033f8                _cleanup
 .text.__sinit  0x0000000004003410       0x10 e:/intelfpga_lite/16.1/nios2eds/bin/gnu/h-x86_64-mingw32/bin/../lib/gcc/nios2-elf/5.3.0/../../../../../H-x86_64-mingw32/nios2-elf/lib\libc.a(lib_a-findfp.o)
                0x0000000004003410                __sinit
 .text.__sfp_lock_acquire
                0x0000000004003420        0x4 e:/intelfpga_lite/16.1/nios2eds/bin/gnu/h-x86_64-mingw32/bin/../lib/gcc/nios2-elf/5.3.0/../../../../../H-x86_64-mingw32/nios2-elf/lib\libc.a(lib_a-findfp.o)
                0x0000000004003420                __sfp_lock_acquire
 .text.__sfp_lock_release
                0x0000000004003424        0x4 e:/intelfpga_lite/16.1/nios2eds/bin/gnu/h-x86_64-mingw32/bin/../lib/gcc/nios2-elf/5.3.0/../../../../../H-x86_64-mingw32/nios2-elf/lib\libc.a(lib_a-findfp.o)
                0x0000000004003424                __sfp_lock_release
 .text.__sinit_lock_acquire
                0x0000000004003428        0x4 e:/intelfpga_lite/16.1/nios2eds/bin/gnu/h-x86_64-mingw32/bin/../lib/gcc/nios2-elf/5.3.0/../../../../../H-x86_64-mingw32/nios2-elf/lib\libc.a(lib_a-findfp.o)
                0x0000000004003428                __sinit_lock_acquire
 .text.__sinit_lock_release
                0x000000000400342c        0x4 e:/intelfpga_lite/16.1/nios2eds/bin/gnu/h-x86_64-mingw32/bin/../lib/gcc/nios2-elf/5.3.0/../../../../../H-x86_64-mingw32/nios2-elf/lib\libc.a(lib_a-findfp.o)
                0x000000000400342c                __sinit_lock_release
 .text.__fp_lock_all
                0x0000000004003430       0x18 e:/intelfpga_lite/16.1/nios2eds/bin/gnu/h-x86_64-mingw32/bin/../lib/gcc/nios2-elf/5.3.0/../../../../../H-x86_64-mingw32/nios2-elf/lib\libc.a(lib_a-findfp.o)
                0x0000000004003430                __fp_lock_all
 .text.__fp_unlock_all
                0x0000000004003448       0x18 e:/intelfpga_lite/16.1/nios2eds/bin/gnu/h-x86_64-mingw32/bin/../lib/gcc/nios2-elf/5.3.0/../../../../../H-x86_64-mingw32/nios2-elf/lib\libc.a(lib_a-findfp.o)
                0x0000000004003448                __fp_unlock_all
 .text          0x0000000004003460        0x0 e:/intelfpga_lite/16.1/nios2eds/bin/gnu/h-x86_64-mingw32/bin/../lib/gcc/nios2-elf/5.3.0/../../../../../H-x86_64-mingw32/nios2-elf/lib\libc.a(lib_a-freer.o)
 .text._malloc_trim_r
                0x0000000004003460      0x124 e:/intelfpga_lite/16.1/nios2eds/bin/gnu/h-x86_64-mingw32/bin/../lib/gcc/nios2-elf/5.3.0/../../../../../H-x86_64-mingw32/nios2-elf/lib\libc.a(lib_a-freer.o)
                0x0000000004003460                _malloc_trim_r
 .text._free_r  0x0000000004003584      0x310 e:/intelfpga_lite/16.1/nios2eds/bin/gnu/h-x86_64-mingw32/bin/../lib/gcc/nios2-elf/5.3.0/../../../../../H-x86_64-mingw32/nios2-elf/lib\libc.a(lib_a-freer.o)
                0x0000000004003584                _free_r
 .text          0x0000000004003894        0x0 e:/intelfpga_lite/16.1/nios2eds/bin/gnu/h-x86_64-mingw32/bin/../lib/gcc/nios2-elf/5.3.0/../../../../../H-x86_64-mingw32/nios2-elf/lib\libc.a(lib_a-fwalk.o)
 .text._fwalk   0x0000000004003894       0xc4 e:/intelfpga_lite/16.1/nios2eds/bin/gnu/h-x86_64-mingw32/bin/../lib/gcc/nios2-elf/5.3.0/../../../../../H-x86_64-mingw32/nios2-elf/lib\libc.a(lib_a-fwalk.o)
                0x0000000004003894                _fwalk
 .text._fwalk_reent
                0x0000000004003958       0xc4 e:/intelfpga_lite/16.1/nios2eds/bin/gnu/h-x86_64-mingw32/bin/../lib/gcc/nios2-elf/5.3.0/../../../../../H-x86_64-mingw32/nios2-elf/lib\libc.a(lib_a-fwalk.o)
                0x0000000004003958                _fwalk_reent
 .text          0x0000000004003a1c        0x0 e:/intelfpga_lite/16.1/nios2eds/bin/gnu/h-x86_64-mingw32/bin/../lib/gcc/nios2-elf/5.3.0/../../../../../H-x86_64-mingw32/nios2-elf/lib\libc.a(lib_a-makebuf.o)
 .text.__smakebuf_r
                0x0000000004003a1c      0x1bc e:/intelfpga_lite/16.1/nios2eds/bin/gnu/h-x86_64-mingw32/bin/../lib/gcc/nios2-elf/5.3.0/../../../../../H-x86_64-mingw32/nios2-elf/lib\libc.a(lib_a-makebuf.o)
                0x0000000004003a1c                __smakebuf_r
 .text          0x0000000004003bd8        0x0 e:/intelfpga_lite/16.1/nios2eds/bin/gnu/h-x86_64-mingw32/bin/../lib/gcc/nios2-elf/5.3.0/../../../../../H-x86_64-mingw32/nios2-elf/lib\libc.a(lib_a-mallocr.o)
 .text._malloc_r
                0x0000000004003bd8      0x80c e:/intelfpga_lite/16.1/nios2eds/bin/gnu/h-x86_64-mingw32/bin/../lib/gcc/nios2-elf/5.3.0/../../../../../H-x86_64-mingw32/nios2-elf/lib\libc.a(lib_a-mallocr.o)
                0x0000000004003bd8                _malloc_r
 .text          0x00000000040043e4        0x0 e:/intelfpga_lite/16.1/nios2eds/bin/gnu/h-x86_64-mingw32/bin/../lib/gcc/nios2-elf/5.3.0/../../../../../H-x86_64-mingw32/nios2-elf/lib\libc.a(lib_a-memset.o)
 .text.memset   0x00000000040043e4      0x128 e:/intelfpga_lite/16.1/nios2eds/bin/gnu/h-x86_64-mingw32/bin/../lib/gcc/nios2-elf/5.3.0/../../../../../H-x86_64-mingw32/nios2-elf/lib\libc.a(lib_a-memset.o)
                0x00000000040043e4                memset
 .text          0x000000000400450c        0x0 e:/intelfpga_lite/16.1/nios2eds/bin/gnu/h-x86_64-mingw32/bin/../lib/gcc/nios2-elf/5.3.0/../../../../../H-x86_64-mingw32/nios2-elf/lib\libc.a(lib_a-refill.o)
 .text.lflush   0x000000000400450c       0x1c e:/intelfpga_lite/16.1/nios2eds/bin/gnu/h-x86_64-mingw32/bin/../lib/gcc/nios2-elf/5.3.0/../../../../../H-x86_64-mingw32/nios2-elf/lib\libc.a(lib_a-refill.o)
 .text.__srefill_r
                0x0000000004004528      0x1d4 e:/intelfpga_lite/16.1/nios2eds/bin/gnu/h-x86_64-mingw32/bin/../lib/gcc/nios2-elf/5.3.0/../../../../../H-x86_64-mingw32/nios2-elf/lib\libc.a(lib_a-refill.o)
                0x0000000004004528                __srefill_r
 .text          0x00000000040046fc        0x0 e:/intelfpga_lite/16.1/nios2eds/bin/gnu/h-x86_64-mingw32/bin/../lib/gcc/nios2-elf/5.3.0/../../../../../H-x86_64-mingw32/nios2-elf/lib\libc.a(lib_a-sbrkr.o)
 .text._sbrk_r  0x00000000040046fc       0x54 e:/intelfpga_lite/16.1/nios2eds/bin/gnu/h-x86_64-mingw32/bin/../lib/gcc/nios2-elf/5.3.0/../../../../../H-x86_64-mingw32/nios2-elf/lib\libc.a(lib_a-sbrkr.o)
                0x00000000040046fc                _sbrk_r
 .text          0x0000000004004750        0x0 e:/intelfpga_lite/16.1/nios2eds/bin/gnu/h-x86_64-mingw32/bin/../lib/gcc/nios2-elf/5.3.0/../../../../../H-x86_64-mingw32/nios2-elf/lib\libc.a(lib_a-stdio.o)
 .text.__sread  0x0000000004004750       0x54 e:/intelfpga_lite/16.1/nios2eds/bin/gnu/h-x86_64-mingw32/bin/../lib/gcc/nios2-elf/5.3.0/../../../../../H-x86_64-mingw32/nios2-elf/lib\libc.a(lib_a-stdio.o)
                0x0000000004004750                __sread
 .text.__seofread
                0x00000000040047a4        0x8 e:/intelfpga_lite/16.1/nios2eds/bin/gnu/h-x86_64-mingw32/bin/../lib/gcc/nios2-elf/5.3.0/../../../../../H-x86_64-mingw32/nios2-elf/lib\libc.a(lib_a-stdio.o)
                0x00000000040047a4                __seofread
 .text.__swrite
                0x00000000040047ac       0x7c e:/intelfpga_lite/16.1/nios2eds/bin/gnu/h-x86_64-mingw32/bin/../lib/gcc/nios2-elf/5.3.0/../../../../../H-x86_64-mingw32/nios2-elf/lib\libc.a(lib_a-stdio.o)
                0x00000000040047ac                __swrite
 .text.__sseek  0x0000000004004828       0x5c e:/intelfpga_lite/16.1/nios2eds/bin/gnu/h-x86_64-mingw32/bin/../lib/gcc/nios2-elf/5.3.0/../../../../../H-x86_64-mingw32/nios2-elf/lib\libc.a(lib_a-stdio.o)
                0x0000000004004828                __sseek
 .text.__sclose
                0x0000000004004884        0x8 e:/intelfpga_lite/16.1/nios2eds/bin/gnu/h-x86_64-mingw32/bin/../lib/gcc/nios2-elf/5.3.0/../../../../../H-x86_64-mingw32/nios2-elf/lib\libc.a(lib_a-stdio.o)
                0x0000000004004884                __sclose
 .text          0x000000000400488c        0x0 e:/intelfpga_lite/16.1/nios2eds/bin/gnu/h-x86_64-mingw32/bin/../lib/gcc/nios2-elf/5.3.0/../../../../../H-x86_64-mingw32/nios2-elf/lib\libc.a(lib_a-writer.o)
 .text._write_r
                0x000000000400488c       0x60 e:/intelfpga_lite/16.1/nios2eds/bin/gnu/h-x86_64-mingw32/bin/../lib/gcc/nios2-elf/5.3.0/../../../../../H-x86_64-mingw32/nios2-elf/lib\libc.a(lib_a-writer.o)
                0x000000000400488c                _write_r
 .text          0x00000000040048ec        0x0 e:/intelfpga_lite/16.1/nios2eds/bin/gnu/h-x86_64-mingw32/bin/../lib/gcc/nios2-elf/5.3.0/../../../../../H-x86_64-mingw32/nios2-elf/lib\libc.a(closer.o)
 .text._close_r
                0x00000000040048ec       0x54 e:/intelfpga_lite/16.1/nios2eds/bin/gnu/h-x86_64-mingw32/bin/../lib/gcc/nios2-elf/5.3.0/../../../../../H-x86_64-mingw32/nios2-elf/lib\libc.a(closer.o)
                0x00000000040048ec                _close_r
 .text          0x0000000004004940        0x0 e:/intelfpga_lite/16.1/nios2eds/bin/gnu/h-x86_64-mingw32/bin/../lib/gcc/nios2-elf/5.3.0/../../../../../H-x86_64-mingw32/nios2-elf/lib\libc.a(lib_a-fclose.o)
 .text._fclose_r
                0x0000000004004940       0xf0 e:/intelfpga_lite/16.1/nios2eds/bin/gnu/h-x86_64-mingw32/bin/../lib/gcc/nios2-elf/5.3.0/../../../../../H-x86_64-mingw32/nios2-elf/lib\libc.a(lib_a-fclose.o)
                0x0000000004004940                _fclose_r
 .text.fclose   0x0000000004004a30       0x14 e:/intelfpga_lite/16.1/nios2eds/bin/gnu/h-x86_64-mingw32/bin/../lib/gcc/nios2-elf/5.3.0/../../../../../H-x86_64-mingw32/nios2-elf/lib\libc.a(lib_a-fclose.o)
                0x0000000004004a30                fclose
 .text          0x0000000004004a44        0x0 e:/intelfpga_lite/16.1/nios2eds/bin/gnu/h-x86_64-mingw32/bin/../lib/gcc/nios2-elf/5.3.0/../../../../../H-x86_64-mingw32/nios2-elf/lib\libc.a(lib_a-fstatr.o)
 .text._fstat_r
                0x0000000004004a44       0x5c e:/intelfpga_lite/16.1/nios2eds/bin/gnu/h-x86_64-mingw32/bin/../lib/gcc/nios2-elf/5.3.0/../../../../../H-x86_64-mingw32/nios2-elf/lib\libc.a(lib_a-fstatr.o)
                0x0000000004004a44                _fstat_r
 .text          0x0000000004004aa0        0x0 e:/intelfpga_lite/16.1/nios2eds/bin/gnu/h-x86_64-mingw32/bin/../lib/gcc/nios2-elf/5.3.0/../../../../../H-x86_64-mingw32/nios2-elf/lib\libc.a(lib_a-isattyr.o)
 .text._isatty_r
                0x0000000004004aa0       0x54 e:/intelfpga_lite/16.1/nios2eds/bin/gnu/h-x86_64-mingw32/bin/../lib/gcc/nios2-elf/5.3.0/../../../../../H-x86_64-mingw32/nios2-elf/lib\libc.a(lib_a-isattyr.o)
                0x0000000004004aa0                _isatty_r
 .text          0x0000000004004af4        0x0 e:/intelfpga_lite/16.1/nios2eds/bin/gnu/h-x86_64-mingw32/bin/../lib/gcc/nios2-elf/5.3.0/../../../../../H-x86_64-mingw32/nios2-elf/lib\libc.a(lib_a-lseekr.o)
 .text._lseek_r
                0x0000000004004af4       0x60 e:/intelfpga_lite/16.1/nios2eds/bin/gnu/h-x86_64-mingw32/bin/../lib/gcc/nios2-elf/5.3.0/../../../../../H-x86_64-mingw32/nios2-elf/lib\libc.a(lib_a-lseekr.o)
                0x0000000004004af4                _lseek_r
 .text          0x0000000004004b54        0x0 e:/intelfpga_lite/16.1/nios2eds/bin/gnu/h-x86_64-mingw32/bin/../lib/gcc/nios2-elf/5.3.0/../../../../../H-x86_64-mingw32/nios2-elf/lib\libc.a(lib_a-readr.o)
 .text._read_r  0x0000000004004b54       0x60 e:/intelfpga_lite/16.1/nios2eds/bin/gnu/h-x86_64-mingw32/bin/../lib/gcc/nios2-elf/5.3.0/../../../../../H-x86_64-mingw32/nios2-elf/lib\libc.a(lib_a-readr.o)
                0x0000000004004b54                _read_r
 .text          0x0000000004004bb4       0x14 ../Embed_System_bsp/\libhal_bsp.a(alt_exit.o)
                0x0000000004004bb4                _exit
 .text          0x0000000004004bc8       0x78 ../Embed_System_bsp/\libhal_bsp.a(alt_fstat.o)
                0x0000000004004bc8                fstat
 .text          0x0000000004004c40       0x84 ../Embed_System_bsp/\libhal_bsp.a(alt_isatty.o)
                0x0000000004004c40                isatty
 .text          0x0000000004004cc4       0x7c ../Embed_System_bsp/\libhal_bsp.a(alt_lseek.o)
                0x0000000004004cc4                lseek
 .text          0x0000000004004d40        0x8 ../Embed_System_bsp/\libhal_bsp.a(alt_malloc_lock.o)
                0x0000000004004d40                __malloc_lock
                0x0000000004004d44                __malloc_unlock
 .text          0x0000000004004d48       0xc8 ../Embed_System_bsp/\libhal_bsp.a(alt_read.o)
                0x0000000004004d48                read
 .text          0x0000000004004e10       0x4c ../Embed_System_bsp/\libhal_bsp.a(alt_sbrk.o)
                0x0000000004004e10                sbrk
 .text          0x0000000004004e5c       0xc4 ../Embed_System_bsp/\libhal_bsp.a(alt_write.o)
                0x0000000004004e5c                write
 *(.gnu.warning.*)
 *(.fini)
                [!provide]                        PROVIDE (__etext, ABSOLUTE (.))
                [!provide]                        PROVIDE (_etext, ABSOLUTE (.))
                [!provide]                        PROVIDE (etext, ABSOLUTE (.))
 *(.eh_frame_hdr)
                0x0000000004004f20                . = ALIGN (0x4)
                [!provide]                        PROVIDE (__preinit_array_start, ABSOLUTE (.))
 *(.preinit_array)
                [!provide]                        PROVIDE (__preinit_array_end, ABSOLUTE (.))
                [!provide]                        PROVIDE (__init_array_start, ABSOLUTE (.))
 *(.init_array)
                [!provide]                        PROVIDE (__init_array_end, ABSOLUTE (.))
                [!provide]                        PROVIDE (__fini_array_start, ABSOLUTE (.))
 *(.fini_array)
                [!provide]                        PROVIDE (__fini_array_end, ABSOLUTE (.))
 *(.eh_frame)
 *(.gcc_except_table .gcc_except_table.*)
 *(.dynamic)
                [!provide]                        PROVIDE (__CTOR_LIST__, ABSOLUTE (.))
 *(.ctors)
 *(SORT(.ctors.*))
                [!provide]                        PROVIDE (__CTOR_END__, ABSOLUTE (.))
                [!provide]                        PROVIDE (__DTOR_LIST__, ABSOLUTE (.))
 *(.dtors)
 *(SORT(.dtors.*))
                [!provide]                        PROVIDE (__DTOR_END__, ABSOLUTE (.))
 *(.jcr)
                0x0000000004004f20                . = ALIGN (0x4)

.rodata         0x0000000004004f20      0x2bc
                0x0000000004004f20                PROVIDE (__ram_rodata_start, ABSOLUTE (.))
                0x0000000004004f20                . = ALIGN (0x4)
 *(.rodata .rodata.* .gnu.linkonce.r.*)
 .rodata        0x0000000004004f20      0x15c obj/default/main.o
 .rodata        0x000000000400507c       0x9c obj/default/src/alarm_util.o
 .rodata        0x0000000004005118       0x27 obj/default/src/delay_wait.o
 *fill*         0x000000000400513f        0x1 
 .rodata        0x0000000004005140       0x30 obj/default/src/error_loop.o
 .rodata        0x0000000004005170        0xa obj/default/src/jtag_uart_util.o
 *fill*         0x000000000400517a        0x2 
 .rodata.str1.4
                0x000000000400517c        0xf ../Embed_System_bsp/\libhal_bsp.a(alt_main.o)
 *fill*         0x000000000400518b        0x1 
 .rodata.str1.4
                0x000000000400518c       0x3d ../Embed_System_bsp/\libhal_bsp.a(alt_sys_init.o)
                                         0x4f (size before relaxing)
 *fill*         0x00000000040051c9        0x3 
 .rodata.str1.4
                0x00000000040051cc        0xa ../Embed_System_bsp/\libhal_bsp.a(alt_dev.o)
 *fill*         0x00000000040051d6        0x2 
 .rodata.str1.4
                0x00000000040051d8        0x4 e:/intelfpga_lite/16.1/nios2eds/bin/gnu/h-x86_64-mingw32/bin/../lib/gcc/nios2-elf/5.3.0/../../../../../H-x86_64-mingw32/nios2-elf/lib\libc.a(lib_a-impure.o)
                                          0x2 (size before relaxing)
 *(.rodata1)
                0x00000000040051dc                . = ALIGN (0x4)
                0x00000000040051dc                PROVIDE (__ram_rodata_end, ABSOLUTE (.))
                0x0000000004004f20                PROVIDE (__flash_rodata_start, LOADADDR (.rodata))

.rwdata         0x00000000040051dc      0xb90 load address 0x0000000004005d6c
                0x00000000040051dc                PROVIDE (__ram_rwdata_start, ABSOLUTE (.))
                0x00000000040051dc                . = ALIGN (0x4)
 *(.got.plt)
 *(.got)
 *(.data1)
 *(.data .data.* .gnu.linkonce.d.*)
 .data          0x00000000040051dc        0x0 ../Embed_System_bsp//obj/HAL/src/crt0.o
 .data          0x00000000040051dc        0x0 obj/default/main.o
 .data          0x00000000040051dc        0x0 obj/default/src/alarm_util.o
 .data          0x00000000040051dc        0x0 obj/default/src/delay_wait.o
 .data          0x00000000040051dc        0x0 obj/default/src/error_loop.o
 .data          0x00000000040051dc        0x0 obj/default/src/jtag_uart_util.o
 .data          0x00000000040051dc        0x0 obj/default/src/led_util.o
 .data          0x00000000040051dc        0x0 e:/intelfpga_lite/16.1/nios2eds/bin/gnu/h-x86_64-mingw32/bin/../lib/gcc/nios2-elf/5.3.0\libgcc.a(lib2-divmod.o)
 .data          0x00000000040051dc        0x0 ../Embed_System_bsp/\libhal_bsp.a(alt_alarm_start.o)
 .data          0x00000000040051dc        0x0 ../Embed_System_bsp/\libhal_bsp.a(alt_getchar.o)
 .data          0x00000000040051dc        0x0 ../Embed_System_bsp/\libhal_bsp.a(alt_load.o)
 .data          0x00000000040051dc        0x0 ../Embed_System_bsp/\libhal_bsp.a(alt_main.o)
 .data          0x00000000040051dc        0x0 ../Embed_System_bsp/\libhal_bsp.a(alt_printf.o)
 .data          0x00000000040051dc        0x0 ../Embed_System_bsp/\libhal_bsp.a(alt_putchar.o)
 .data          0x00000000040051dc        0x0 ../Embed_System_bsp/\libhal_bsp.a(alt_tick.o)
 .data          0x00000000040051dc      0x168 ../Embed_System_bsp/\libhal_bsp.a(alt_sys_init.o)
 .data          0x0000000004005344        0x0 ../Embed_System_bsp/\libhal_bsp.a(altera_avalon_jtag_uart_fd.o)
 .data          0x0000000004005344        0x0 ../Embed_System_bsp/\libhal_bsp.a(altera_avalon_jtag_uart_read.o)
 .data          0x0000000004005344        0x0 ../Embed_System_bsp/\libhal_bsp.a(altera_avalon_jtag_uart_write.o)
 .data          0x0000000004005344        0x0 ../Embed_System_bsp/\libhal_bsp.a(altera_avalon_timer_sc.o)
 .data          0x0000000004005344        0x0 ../Embed_System_bsp/\libhal_bsp.a(altera_modular_adc.o)
 .data          0x0000000004005344        0x0 ../Embed_System_bsp/\libhal_bsp.a(altera_onchip_flash.o)
 .data          0x0000000004005344        0x0 ../Embed_System_bsp/\libhal_bsp.a(alt_busy_sleep.o)
 .data          0x0000000004005344        0x0 ../Embed_System_bsp/\libhal_bsp.a(alt_close.o)
 .data          0x0000000004005344        0x0 ../Embed_System_bsp/\libhal_bsp.a(alt_dcache_flush.o)
 .data          0x0000000004005344        0x0 ../Embed_System_bsp/\libhal_bsp.a(alt_dcache_flush_all.o)
 .data          0x0000000004005344      0x1a8 ../Embed_System_bsp/\libhal_bsp.a(alt_dev.o)
                0x0000000004005344                alt_fd_list
                0x00000000040054c4                alt_dev_null
 .data          0x00000000040054ec        0x0 ../Embed_System_bsp/\libhal_bsp.a(alt_dev_llist_insert.o)
 .data          0x00000000040054ec        0x0 ../Embed_System_bsp/\libhal_bsp.a(alt_errno.o)
 .data          0x00000000040054ec        0x0 ../Embed_System_bsp/\libhal_bsp.a(alt_find_dev.o)
 .data          0x00000000040054ec        0x0 ../Embed_System_bsp/\libhal_bsp.a(alt_flash_dev.o)
 .data          0x00000000040054ec        0x0 ../Embed_System_bsp/\libhal_bsp.a(alt_icache_flush_all.o)
 .data          0x00000000040054ec        0x0 ../Embed_System_bsp/\libhal_bsp.a(alt_iic.o)
 .data          0x00000000040054ec        0x0 ../Embed_System_bsp/\libhal_bsp.a(alt_iic_isr_register.o)
 .data          0x00000000040054ec        0x0 ../Embed_System_bsp/\libhal_bsp.a(alt_io_redirect.o)
 .data          0x00000000040054ec        0x0 ../Embed_System_bsp/\libhal_bsp.a(alt_irq_entry.o)
 .data          0x00000000040054ec        0x0 ../Embed_System_bsp/\libhal_bsp.a(alt_irq_handler.o)
 .data          0x00000000040054ec        0x0 ../Embed_System_bsp/\libhal_bsp.a(alt_irq_vars.o)
 .data          0x00000000040054ec        0x0 ../Embed_System_bsp/\libhal_bsp.a(alt_open.o)
 .data          0x00000000040054ec        0x0 ../Embed_System_bsp/\libhal_bsp.a(alt_release_fd.o)
 .data          0x00000000040054ec        0x0 ../Embed_System_bsp/\libhal_bsp.a(altera_nios2_gen2_irq.o)
 .data          0x00000000040054ec        0x0 ../Embed_System_bsp/\libhal_bsp.a(alt_exception_entry.o)
 .data          0x00000000040054ec        0x0 ../Embed_System_bsp/\libhal_bsp.a(alt_find_file.o)
 .data          0x00000000040054ec        0x0 ../Embed_System_bsp/\libhal_bsp.a(alt_get_fd.o)
 .data          0x00000000040054ec        0x0 ../Embed_System_bsp/\libhal_bsp.a(alt_icache_flush.o)
 .data          0x00000000040054ec        0x0 ../Embed_System_bsp/\libhal_bsp.a(alt_instruction_exception_entry.o)
 .data          0x00000000040054ec        0x0 e:/intelfpga_lite/16.1/nios2eds/bin/gnu/h-x86_64-mingw32/bin/../lib/gcc/nios2-elf/5.3.0/../../../../../H-x86_64-mingw32/nios2-elf/lib\libc.a(lib_a-exit.o)
 .data          0x00000000040054ec        0x0 e:/intelfpga_lite/16.1/nios2eds/bin/gnu/h-x86_64-mingw32/bin/../lib/gcc/nios2-elf/5.3.0/../../../../../H-x86_64-mingw32/nios2-elf/lib\libc.a(lib_a-getc.o)
 .data          0x00000000040054ec        0x0 e:/intelfpga_lite/16.1/nios2eds/bin/gnu/h-x86_64-mingw32/bin/../lib/gcc/nios2-elf/5.3.0/../../../../../H-x86_64-mingw32/nios2-elf/lib\libc.a(lib_a-impure.o)
 .data.impure_data
                0x00000000040054ec      0x424 e:/intelfpga_lite/16.1/nios2eds/bin/gnu/h-x86_64-mingw32/bin/../lib/gcc/nios2-elf/5.3.0/../../../../../H-x86_64-mingw32/nios2-elf/lib\libc.a(lib_a-impure.o)
 .data          0x0000000004005910        0x0 e:/intelfpga_lite/16.1/nios2eds/bin/gnu/h-x86_64-mingw32/bin/../lib/gcc/nios2-elf/5.3.0/../../../../../H-x86_64-mingw32/nios2-elf/lib\libc.a(lib_a-int_errno.o)
 .data          0x0000000004005910        0x0 e:/intelfpga_lite/16.1/nios2eds/bin/gnu/h-x86_64-mingw32/bin/../lib/gcc/nios2-elf/5.3.0/../../../../../H-x86_64-mingw32/nios2-elf/lib\libc.a(lib_a-memcmp.o)
 .data          0x0000000004005910        0x0 e:/intelfpga_lite/16.1/nios2eds/bin/gnu/h-x86_64-mingw32/bin/../lib/gcc/nios2-elf/5.3.0/../../../../../H-x86_64-mingw32/nios2-elf/lib\libc.a(lib_a-memcpy.o)
 .data          0x0000000004005910        0x0 e:/intelfpga_lite/16.1/nios2eds/bin/gnu/h-x86_64-mingw32/bin/../lib/gcc/nios2-elf/5.3.0/../../../../../H-x86_64-mingw32/nios2-elf/lib\libc.a(lib_a-putc.o)
 .data          0x0000000004005910        0x0 e:/intelfpga_lite/16.1/nios2eds/bin/gnu/h-x86_64-mingw32/bin/../lib/gcc/nios2-elf/5.3.0/../../../../../H-x86_64-mingw32/nios2-elf/lib\libc.a(lib_a-rget.o)
 .data          0x0000000004005910        0x0 e:/intelfpga_lite/16.1/nios2eds/bin/gnu/h-x86_64-mingw32/bin/../lib/gcc/nios2-elf/5.3.0/../../../../../H-x86_64-mingw32/nios2-elf/lib\libc.a(lib_a-strlen.o)
 .data          0x0000000004005910        0x0 e:/intelfpga_lite/16.1/nios2eds/bin/gnu/h-x86_64-mingw32/bin/../lib/gcc/nios2-elf/5.3.0/../../../../../H-x86_64-mingw32/nios2-elf/lib\libc.a(lib_a-wbuf.o)
 .data          0x0000000004005910        0x0 e:/intelfpga_lite/16.1/nios2eds/bin/gnu/h-x86_64-mingw32/bin/../lib/gcc/nios2-elf/5.3.0/../../../../../H-x86_64-mingw32/nios2-elf/lib\libc.a(lib_a-wsetup.o)
 .data          0x0000000004005910        0x0 e:/intelfpga_lite/16.1/nios2eds/bin/gnu/h-x86_64-mingw32/bin/../lib/gcc/nios2-elf/5.3.0/../../../../../H-x86_64-mingw32/nios2-elf/lib\libc.a(lib_a-__call_atexit.o)
 .data          0x0000000004005910        0x0 e:/intelfpga_lite/16.1/nios2eds/bin/gnu/h-x86_64-mingw32/bin/../lib/gcc/nios2-elf/5.3.0/../../../../../H-x86_64-mingw32/nios2-elf/lib\libc.a(lib_a-fflush.o)
 .data          0x0000000004005910        0x0 e:/intelfpga_lite/16.1/nios2eds/bin/gnu/h-x86_64-mingw32/bin/../lib/gcc/nios2-elf/5.3.0/../../../../../H-x86_64-mingw32/nios2-elf/lib\libc.a(lib_a-findfp.o)
 .data          0x0000000004005910        0x0 e:/intelfpga_lite/16.1/nios2eds/bin/gnu/h-x86_64-mingw32/bin/../lib/gcc/nios2-elf/5.3.0/../../../../../H-x86_64-mingw32/nios2-elf/lib\libc.a(lib_a-freer.o)
 .data          0x0000000004005910        0x0 e:/intelfpga_lite/16.1/nios2eds/bin/gnu/h-x86_64-mingw32/bin/../lib/gcc/nios2-elf/5.3.0/../../../../../H-x86_64-mingw32/nios2-elf/lib\libc.a(lib_a-fwalk.o)
 .data          0x0000000004005910        0x0 e:/intelfpga_lite/16.1/nios2eds/bin/gnu/h-x86_64-mingw32/bin/../lib/gcc/nios2-elf/5.3.0/../../../../../H-x86_64-mingw32/nios2-elf/lib\libc.a(lib_a-makebuf.o)
 .data          0x0000000004005910        0x0 e:/intelfpga_lite/16.1/nios2eds/bin/gnu/h-x86_64-mingw32/bin/../lib/gcc/nios2-elf/5.3.0/../../../../../H-x86_64-mingw32/nios2-elf/lib\libc.a(lib_a-mallocr.o)
 .data.__malloc_av_
                0x0000000004005910      0x408 e:/intelfpga_lite/16.1/nios2eds/bin/gnu/h-x86_64-mingw32/bin/../lib/gcc/nios2-elf/5.3.0/../../../../../H-x86_64-mingw32/nios2-elf/lib\libc.a(lib_a-mallocr.o)
                0x0000000004005910                __malloc_av_
 .data          0x0000000004005d18        0x0 e:/intelfpga_lite/16.1/nios2eds/bin/gnu/h-x86_64-mingw32/bin/../lib/gcc/nios2-elf/5.3.0/../../../../../H-x86_64-mingw32/nios2-elf/lib\libc.a(lib_a-memset.o)
 .data          0x0000000004005d18        0x0 e:/intelfpga_lite/16.1/nios2eds/bin/gnu/h-x86_64-mingw32/bin/../lib/gcc/nios2-elf/5.3.0/../../../../../H-x86_64-mingw32/nios2-elf/lib\libc.a(lib_a-refill.o)
 .data          0x0000000004005d18        0x0 e:/intelfpga_lite/16.1/nios2eds/bin/gnu/h-x86_64-mingw32/bin/../lib/gcc/nios2-elf/5.3.0/../../../../../H-x86_64-mingw32/nios2-elf/lib\libc.a(lib_a-sbrkr.o)
 .data          0x0000000004005d18        0x0 e:/intelfpga_lite/16.1/nios2eds/bin/gnu/h-x86_64-mingw32/bin/../lib/gcc/nios2-elf/5.3.0/../../../../../H-x86_64-mingw32/nios2-elf/lib\libc.a(lib_a-stdio.o)
 .data          0x0000000004005d18        0x0 e:/intelfpga_lite/16.1/nios2eds/bin/gnu/h-x86_64-mingw32/bin/../lib/gcc/nios2-elf/5.3.0/../../../../../H-x86_64-mingw32/nios2-elf/lib\libc.a(lib_a-writer.o)
 .data          0x0000000004005d18        0x0 e:/intelfpga_lite/16.1/nios2eds/bin/gnu/h-x86_64-mingw32/bin/../lib/gcc/nios2-elf/5.3.0/../../../../../H-x86_64-mingw32/nios2-elf/lib\libc.a(closer.o)
 .data          0x0000000004005d18        0x0 e:/intelfpga_lite/16.1/nios2eds/bin/gnu/h-x86_64-mingw32/bin/../lib/gcc/nios2-elf/5.3.0/../../../../../H-x86_64-mingw32/nios2-elf/lib\libc.a(lib_a-fclose.o)
 .data          0x0000000004005d18        0x0 e:/intelfpga_lite/16.1/nios2eds/bin/gnu/h-x86_64-mingw32/bin/../lib/gcc/nios2-elf/5.3.0/../../../../../H-x86_64-mingw32/nios2-elf/lib\libc.a(lib_a-fstatr.o)
 .data          0x0000000004005d18        0x0 e:/intelfpga_lite/16.1/nios2eds/bin/gnu/h-x86_64-mingw32/bin/../lib/gcc/nios2-elf/5.3.0/../../../../../H-x86_64-mingw32/nios2-elf/lib\libc.a(lib_a-isattyr.o)
 .data          0x0000000004005d18        0x0 e:/intelfpga_lite/16.1/nios2eds/bin/gnu/h-x86_64-mingw32/bin/../lib/gcc/nios2-elf/5.3.0/../../../../../H-x86_64-mingw32/nios2-elf/lib\libc.a(lib_a-lseekr.o)
 .data          0x0000000004005d18        0x0 e:/intelfpga_lite/16.1/nios2eds/bin/gnu/h-x86_64-mingw32/bin/../lib/gcc/nios2-elf/5.3.0/../../../../../H-x86_64-mingw32/nios2-elf/lib\libc.a(lib_a-readr.o)
 .data          0x0000000004005d18        0x0 ../Embed_System_bsp/\libhal_bsp.a(alt_exit.o)
 .data          0x0000000004005d18        0x0 ../Embed_System_bsp/\libhal_bsp.a(alt_fstat.o)
 .data          0x0000000004005d18        0x0 ../Embed_System_bsp/\libhal_bsp.a(alt_isatty.o)
 .data          0x0000000004005d18        0x0 ../Embed_System_bsp/\libhal_bsp.a(alt_lseek.o)
 .data          0x0000000004005d18        0x0 ../Embed_System_bsp/\libhal_bsp.a(alt_malloc_lock.o)
 .data          0x0000000004005d18        0x0 ../Embed_System_bsp/\libhal_bsp.a(alt_read.o)
 .data          0x0000000004005d18        0x0 ../Embed_System_bsp/\libhal_bsp.a(alt_sbrk.o)
 .data          0x0000000004005d18        0x0 ../Embed_System_bsp/\libhal_bsp.a(alt_write.o)
                0x000000000400dd18                _gp = ABSOLUTE ((. + 0x8000))
                [!provide]                        PROVIDE (gp, _gp)
 *(.rwdata .rwdata.*)
 *(.sdata .sdata.* .gnu.linkonce.s.*)
 .sdata         0x0000000004005d18        0x1 obj/default/src/delay_wait.o
                0x0000000004005d18                DELAY_MODE
 *fill*         0x0000000004005d19        0x3 
 .sdata         0x0000000004005d1c        0x8 ../Embed_System_bsp/\libhal_bsp.a(alt_tick.o)
                0x0000000004005d1c                alt_alarm_list
 .sdata         0x0000000004005d24        0x8 ../Embed_System_bsp/\libhal_bsp.a(altera_modular_adc.o)
                0x0000000004005d24                altera_modular_adc_list
 .sdata         0x0000000004005d2c        0x8 ../Embed_System_bsp/\libhal_bsp.a(altera_onchip_flash.o)
                0x0000000004005d2c                altera_onchip_flash_list
 .sdata         0x0000000004005d34       0x14 ../Embed_System_bsp/\libhal_bsp.a(alt_dev.o)
                0x0000000004005d34                alt_max_fd
                0x0000000004005d38                alt_dev_list
                0x0000000004005d40                alt_fs_list
 .sdata         0x0000000004005d48        0x4 ../Embed_System_bsp/\libhal_bsp.a(alt_errno.o)
                0x0000000004005d48                alt_errno
 .sdata         0x0000000004005d4c        0x8 ../Embed_System_bsp/\libhal_bsp.a(alt_flash_dev.o)
                0x0000000004005d4c                alt_flash_dev_list
 .sdata         0x0000000004005d54        0x4 ../Embed_System_bsp/\libhal_bsp.a(alt_irq_vars.o)
                0x0000000004005d54                alt_priority_mask
 .sdata._global_impure_ptr
                0x0000000004005d58        0x4 e:/intelfpga_lite/16.1/nios2eds/bin/gnu/h-x86_64-mingw32/bin/../lib/gcc/nios2-elf/5.3.0/../../../../../H-x86_64-mingw32/nios2-elf/lib\libc.a(lib_a-impure.o)
                0x0000000004005d58                _global_impure_ptr
 .sdata._impure_ptr
                0x0000000004005d5c        0x4 e:/intelfpga_lite/16.1/nios2eds/bin/gnu/h-x86_64-mingw32/bin/../lib/gcc/nios2-elf/5.3.0/../../../../../H-x86_64-mingw32/nios2-elf/lib\libc.a(lib_a-impure.o)
                0x0000000004005d5c                _impure_ptr
 .sdata.__malloc_sbrk_base
                0x0000000004005d60        0x4 e:/intelfpga_lite/16.1/nios2eds/bin/gnu/h-x86_64-mingw32/bin/../lib/gcc/nios2-elf/5.3.0/../../../../../H-x86_64-mingw32/nios2-elf/lib\libc.a(lib_a-mallocr.o)
                0x0000000004005d60                __malloc_sbrk_base
 .sdata.__malloc_trim_threshold
                0x0000000004005d64        0x4 e:/intelfpga_lite/16.1/nios2eds/bin/gnu/h-x86_64-mingw32/bin/../lib/gcc/nios2-elf/5.3.0/../../../../../H-x86_64-mingw32/nios2-elf/lib\libc.a(lib_a-mallocr.o)
                0x0000000004005d64                __malloc_trim_threshold
 .sdata         0x0000000004005d68        0x4 ../Embed_System_bsp/\libhal_bsp.a(alt_sbrk.o)
 *(.sdata2 .sdata2.* .gnu.linkonce.s2.*)
                0x0000000004005d6c                . = ALIGN (0x4)
                0x0000000004005d6c                _edata = ABSOLUTE (.)
                [!provide]                        PROVIDE (edata, ABSOLUTE (.))
                0x0000000004005d6c                PROVIDE (__ram_rwdata_end, ABSOLUTE (.))
                0x0000000004005d6c                PROVIDE (__flash_rwdata_start, LOADADDR (.rwdata))

.bss            0x00000000040068fc      0x1e4
                0x00000000040068fc                __bss_start = ABSOLUTE (.)
                [!provide]                        PROVIDE (__sbss_start, ABSOLUTE (.))
                [!provide]                        PROVIDE (___sbss_start, ABSOLUTE (.))
 *(.dynsbss)
 *(.sbss .sbss.* .gnu.linkonce.sb.*)
 .sbss          0x00000000040068fc       0x20 obj/default/src/alarm_util.o
                0x00000000040068fc                ALARM_250MS_CONTEXT
                0x0000000004006904                ALARM_100MS_CONTEXT
                0x000000000400690c                ALARM_10MS_CONTEXT
                0x0000000004006914                ALARM_1MS_CONTEXT
 .sbss          0x000000000400691c        0x4 obj/default/src/delay_wait.o
                0x000000000400691c                LAST_DELAY
 .sbss          0x0000000004006920        0x8 obj/default/src/jtag_uart_util.o
                0x0000000004006920                PRINT_STDIO_WRAP_COUNT
                0x0000000004006924                PRINT_STDIO_MASK
 .sbss          0x0000000004006928        0x2 obj/default/src/led_util.o
                0x0000000004006928                LED_STATE
                0x0000000004006929                LED_MASK
 *fill*         0x000000000400692a        0x2 
 .sbss          0x000000000400692c        0xc ../Embed_System_bsp/\libhal_bsp.a(alt_main.o)
                0x000000000400692c                alt_envp
                0x0000000004006930                alt_argv
                0x0000000004006934                alt_argc
 .sbss          0x0000000004006938        0x8 ../Embed_System_bsp/\libhal_bsp.a(alt_tick.o)
                0x0000000004006938                _alt_nticks
                0x000000000400693c                _alt_tick_rate
 .sbss          0x0000000004006940        0x4 ../Embed_System_bsp/\libhal_bsp.a(alt_irq_vars.o)
                0x0000000004006940                alt_irq_active
 .sbss          0x0000000004006944        0x4 ../Embed_System_bsp/\libhal_bsp.a(alt_instruction_exception_entry.o)
                0x0000000004006944                alt_instruction_exception_handler
 .sbss          0x0000000004006948        0x4 e:/intelfpga_lite/16.1/nios2eds/bin/gnu/h-x86_64-mingw32/bin/../lib/gcc/nios2-elf/5.3.0/../../../../../H-x86_64-mingw32/nios2-elf/lib\libc.a(lib_a-int_errno.o)
                0x0000000004006948                errno
 .sbss.__malloc_max_total_mem
                0x000000000400694c        0x4 e:/intelfpga_lite/16.1/nios2eds/bin/gnu/h-x86_64-mingw32/bin/../lib/gcc/nios2-elf/5.3.0/../../../../../H-x86_64-mingw32/nios2-elf/lib\libc.a(lib_a-mallocr.o)
                0x000000000400694c                __malloc_max_total_mem
 .sbss.__malloc_max_sbrked_mem
                0x0000000004006950        0x4 e:/intelfpga_lite/16.1/nios2eds/bin/gnu/h-x86_64-mingw32/bin/../lib/gcc/nios2-elf/5.3.0/../../../../../H-x86_64-mingw32/nios2-elf/lib\libc.a(lib_a-mallocr.o)
                0x0000000004006950                __malloc_max_sbrked_mem
 .sbss.__malloc_top_pad
                0x0000000004006954        0x4 e:/intelfpga_lite/16.1/nios2eds/bin/gnu/h-x86_64-mingw32/bin/../lib/gcc/nios2-elf/5.3.0/../../../../../H-x86_64-mingw32/nios2-elf/lib\libc.a(lib_a-mallocr.o)
                0x0000000004006954                __malloc_top_pad
 *(.sbss2 .sbss2.* .gnu.linkonce.sb2.*)
 *(.scommon)
                [!provide]                        PROVIDE (__sbss_end, ABSOLUTE (.))
                [!provide]                        PROVIDE (___sbss_end, ABSOLUTE (.))
 *(.dynbss)
 *(.bss .bss.* .gnu.linkonce.b.*)
 .bss           0x0000000004006958        0x0 ../Embed_System_bsp//obj/HAL/src/crt0.o
 .bss           0x0000000004006958        0x0 obj/default/main.o
 .bss           0x0000000004006958        0x0 obj/default/src/alarm_util.o
 .bss           0x0000000004006958        0x0 obj/default/src/delay_wait.o
 .bss           0x0000000004006958        0x0 obj/default/src/error_loop.o
 .bss           0x0000000004006958        0x0 obj/default/src/jtag_uart_util.o
 .bss           0x0000000004006958        0x0 obj/default/src/led_util.o
 .bss           0x0000000004006958        0x0 e:/intelfpga_lite/16.1/nios2eds/bin/gnu/h-x86_64-mingw32/bin/../lib/gcc/nios2-elf/5.3.0\libgcc.a(lib2-divmod.o)
 .bss           0x0000000004006958        0x0 ../Embed_System_bsp/\libhal_bsp.a(alt_alarm_start.o)
 .bss           0x0000000004006958        0x0 ../Embed_System_bsp/\libhal_bsp.a(alt_getchar.o)
 .bss           0x0000000004006958        0x0 ../Embed_System_bsp/\libhal_bsp.a(alt_load.o)
 .bss           0x0000000004006958        0x0 ../Embed_System_bsp/\libhal_bsp.a(alt_main.o)
 .bss           0x0000000004006958        0x0 ../Embed_System_bsp/\libhal_bsp.a(alt_printf.o)
 .bss           0x0000000004006958        0x0 ../Embed_System_bsp/\libhal_bsp.a(alt_putchar.o)
 .bss           0x0000000004006958        0x0 ../Embed_System_bsp/\libhal_bsp.a(alt_tick.o)
 .bss           0x0000000004006958        0x0 ../Embed_System_bsp/\libhal_bsp.a(alt_sys_init.o)
 .bss           0x0000000004006958        0x0 ../Embed_System_bsp/\libhal_bsp.a(altera_avalon_jtag_uart_fd.o)
 .bss           0x0000000004006958        0x0 ../Embed_System_bsp/\libhal_bsp.a(altera_avalon_jtag_uart_read.o)
 .bss           0x0000000004006958        0x0 ../Embed_System_bsp/\libhal_bsp.a(altera_avalon_jtag_uart_write.o)
 .bss           0x0000000004006958        0x0 ../Embed_System_bsp/\libhal_bsp.a(altera_avalon_timer_sc.o)
 .bss           0x0000000004006958        0x0 ../Embed_System_bsp/\libhal_bsp.a(altera_modular_adc.o)
 .bss           0x0000000004006958        0x0 ../Embed_System_bsp/\libhal_bsp.a(altera_onchip_flash.o)
 .bss           0x0000000004006958        0x0 ../Embed_System_bsp/\libhal_bsp.a(alt_busy_sleep.o)
 .bss           0x0000000004006958        0x0 ../Embed_System_bsp/\libhal_bsp.a(alt_close.o)
 .bss           0x0000000004006958        0x0 ../Embed_System_bsp/\libhal_bsp.a(alt_dcache_flush.o)
 .bss           0x0000000004006958        0x0 ../Embed_System_bsp/\libhal_bsp.a(alt_dcache_flush_all.o)
 .bss           0x0000000004006958        0x0 ../Embed_System_bsp/\libhal_bsp.a(alt_dev.o)
 .bss           0x0000000004006958        0x0 ../Embed_System_bsp/\libhal_bsp.a(alt_dev_llist_insert.o)
 .bss           0x0000000004006958        0x0 ../Embed_System_bsp/\libhal_bsp.a(alt_errno.o)
 .bss           0x0000000004006958        0x0 ../Embed_System_bsp/\libhal_bsp.a(alt_find_dev.o)
 .bss           0x0000000004006958        0x0 ../Embed_System_bsp/\libhal_bsp.a(alt_flash_dev.o)
 .bss           0x0000000004006958        0x0 ../Embed_System_bsp/\libhal_bsp.a(alt_icache_flush_all.o)
 .bss           0x0000000004006958        0x0 ../Embed_System_bsp/\libhal_bsp.a(alt_iic.o)
 .bss           0x0000000004006958        0x0 ../Embed_System_bsp/\libhal_bsp.a(alt_iic_isr_register.o)
 .bss           0x0000000004006958        0x0 ../Embed_System_bsp/\libhal_bsp.a(alt_io_redirect.o)
 .bss           0x0000000004006958        0x0 ../Embed_System_bsp/\libhal_bsp.a(alt_irq_entry.o)
 .bss           0x0000000004006958        0x0 ../Embed_System_bsp/\libhal_bsp.a(alt_irq_handler.o)
 .bss           0x0000000004006958        0x0 ../Embed_System_bsp/\libhal_bsp.a(alt_irq_vars.o)
 .bss           0x0000000004006958        0x0 ../Embed_System_bsp/\libhal_bsp.a(alt_open.o)
 .bss           0x0000000004006958        0x0 ../Embed_System_bsp/\libhal_bsp.a(alt_release_fd.o)
 .bss           0x0000000004006958        0x0 ../Embed_System_bsp/\libhal_bsp.a(altera_nios2_gen2_irq.o)
 .bss           0x0000000004006958        0x0 ../Embed_System_bsp/\libhal_bsp.a(alt_exception_entry.o)
 .bss           0x0000000004006958        0x0 ../Embed_System_bsp/\libhal_bsp.a(alt_find_file.o)
 .bss           0x0000000004006958        0x0 ../Embed_System_bsp/\libhal_bsp.a(alt_get_fd.o)
 .bss           0x0000000004006958        0x0 ../Embed_System_bsp/\libhal_bsp.a(alt_icache_flush.o)
 .bss           0x0000000004006958        0x0 ../Embed_System_bsp/\libhal_bsp.a(alt_instruction_exception_entry.o)
 .bss           0x0000000004006958        0x0 e:/intelfpga_lite/16.1/nios2eds/bin/gnu/h-x86_64-mingw32/bin/../lib/gcc/nios2-elf/5.3.0/../../../../../H-x86_64-mingw32/nios2-elf/lib\libc.a(lib_a-exit.o)
 .bss           0x0000000004006958        0x0 e:/intelfpga_lite/16.1/nios2eds/bin/gnu/h-x86_64-mingw32/bin/../lib/gcc/nios2-elf/5.3.0/../../../../../H-x86_64-mingw32/nios2-elf/lib\libc.a(lib_a-getc.o)
 .bss           0x0000000004006958        0x0 e:/intelfpga_lite/16.1/nios2eds/bin/gnu/h-x86_64-mingw32/bin/../lib/gcc/nios2-elf/5.3.0/../../../../../H-x86_64-mingw32/nios2-elf/lib\libc.a(lib_a-impure.o)
 .bss           0x0000000004006958        0x0 e:/intelfpga_lite/16.1/nios2eds/bin/gnu/h-x86_64-mingw32/bin/../lib/gcc/nios2-elf/5.3.0/../../../../../H-x86_64-mingw32/nios2-elf/lib\libc.a(lib_a-int_errno.o)
 .bss           0x0000000004006958        0x0 e:/intelfpga_lite/16.1/nios2eds/bin/gnu/h-x86_64-mingw32/bin/../lib/gcc/nios2-elf/5.3.0/../../../../../H-x86_64-mingw32/nios2-elf/lib\libc.a(lib_a-memcmp.o)
 .bss           0x0000000004006958        0x0 e:/intelfpga_lite/16.1/nios2eds/bin/gnu/h-x86_64-mingw32/bin/../lib/gcc/nios2-elf/5.3.0/../../../../../H-x86_64-mingw32/nios2-elf/lib\libc.a(lib_a-memcpy.o)
 .bss           0x0000000004006958        0x0 e:/intelfpga_lite/16.1/nios2eds/bin/gnu/h-x86_64-mingw32/bin/../lib/gcc/nios2-elf/5.3.0/../../../../../H-x86_64-mingw32/nios2-elf/lib\libc.a(lib_a-putc.o)
 .bss           0x0000000004006958        0x0 e:/intelfpga_lite/16.1/nios2eds/bin/gnu/h-x86_64-mingw32/bin/../lib/gcc/nios2-elf/5.3.0/../../../../../H-x86_64-mingw32/nios2-elf/lib\libc.a(lib_a-rget.o)
 .bss           0x0000000004006958        0x0 e:/intelfpga_lite/16.1/nios2eds/bin/gnu/h-x86_64-mingw32/bin/../lib/gcc/nios2-elf/5.3.0/../../../../../H-x86_64-mingw32/nios2-elf/lib\libc.a(lib_a-strlen.o)
 .bss           0x0000000004006958        0x0 e:/intelfpga_lite/16.1/nios2eds/bin/gnu/h-x86_64-mingw32/bin/../lib/gcc/nios2-elf/5.3.0/../../../../../H-x86_64-mingw32/nios2-elf/lib\libc.a(lib_a-wbuf.o)
 .bss           0x0000000004006958        0x0 e:/intelfpga_lite/16.1/nios2eds/bin/gnu/h-x86_64-mingw32/bin/../lib/gcc/nios2-elf/5.3.0/../../../../../H-x86_64-mingw32/nios2-elf/lib\libc.a(lib_a-wsetup.o)
 .bss           0x0000000004006958        0x0 e:/intelfpga_lite/16.1/nios2eds/bin/gnu/h-x86_64-mingw32/bin/../lib/gcc/nios2-elf/5.3.0/../../../../../H-x86_64-mingw32/nios2-elf/lib\libc.a(lib_a-__call_atexit.o)
 .bss           0x0000000004006958        0x0 e:/intelfpga_lite/16.1/nios2eds/bin/gnu/h-x86_64-mingw32/bin/../lib/gcc/nios2-elf/5.3.0/../../../../../H-x86_64-mingw32/nios2-elf/lib\libc.a(lib_a-fflush.o)
 .bss           0x0000000004006958        0x0 e:/intelfpga_lite/16.1/nios2eds/bin/gnu/h-x86_64-mingw32/bin/../lib/gcc/nios2-elf/5.3.0/../../../../../H-x86_64-mingw32/nios2-elf/lib\libc.a(lib_a-findfp.o)
 .bss           0x0000000004006958        0x0 e:/intelfpga_lite/16.1/nios2eds/bin/gnu/h-x86_64-mingw32/bin/../lib/gcc/nios2-elf/5.3.0/../../../../../H-x86_64-mingw32/nios2-elf/lib\libc.a(lib_a-freer.o)
 .bss           0x0000000004006958        0x0 e:/intelfpga_lite/16.1/nios2eds/bin/gnu/h-x86_64-mingw32/bin/../lib/gcc/nios2-elf/5.3.0/../../../../../H-x86_64-mingw32/nios2-elf/lib\libc.a(lib_a-fwalk.o)
 .bss           0x0000000004006958        0x0 e:/intelfpga_lite/16.1/nios2eds/bin/gnu/h-x86_64-mingw32/bin/../lib/gcc/nios2-elf/5.3.0/../../../../../H-x86_64-mingw32/nios2-elf/lib\libc.a(lib_a-makebuf.o)
 .bss           0x0000000004006958        0x0 e:/intelfpga_lite/16.1/nios2eds/bin/gnu/h-x86_64-mingw32/bin/../lib/gcc/nios2-elf/5.3.0/../../../../../H-x86_64-mingw32/nios2-elf/lib\libc.a(lib_a-mallocr.o)
 .bss.__malloc_current_mallinfo
                0x0000000004006958       0x28 e:/intelfpga_lite/16.1/nios2eds/bin/gnu/h-x86_64-mingw32/bin/../lib/gcc/nios2-elf/5.3.0/../../../../../H-x86_64-mingw32/nios2-elf/lib\libc.a(lib_a-mallocr.o)
                0x0000000004006958                __malloc_current_mallinfo
 .bss           0x0000000004006980        0x0 e:/intelfpga_lite/16.1/nios2eds/bin/gnu/h-x86_64-mingw32/bin/../lib/gcc/nios2-elf/5.3.0/../../../../../H-x86_64-mingw32/nios2-elf/lib\libc.a(lib_a-memset.o)
 .bss           0x0000000004006980        0x0 e:/intelfpga_lite/16.1/nios2eds/bin/gnu/h-x86_64-mingw32/bin/../lib/gcc/nios2-elf/5.3.0/../../../../../H-x86_64-mingw32/nios2-elf/lib\libc.a(lib_a-refill.o)
 .bss           0x0000000004006980        0x0 e:/intelfpga_lite/16.1/nios2eds/bin/gnu/h-x86_64-mingw32/bin/../lib/gcc/nios2-elf/5.3.0/../../../../../H-x86_64-mingw32/nios2-elf/lib\libc.a(lib_a-sbrkr.o)
 .bss           0x0000000004006980        0x0 e:/intelfpga_lite/16.1/nios2eds/bin/gnu/h-x86_64-mingw32/bin/../lib/gcc/nios2-elf/5.3.0/../../../../../H-x86_64-mingw32/nios2-elf/lib\libc.a(lib_a-stdio.o)
 .bss           0x0000000004006980        0x0 e:/intelfpga_lite/16.1/nios2eds/bin/gnu/h-x86_64-mingw32/bin/../lib/gcc/nios2-elf/5.3.0/../../../../../H-x86_64-mingw32/nios2-elf/lib\libc.a(lib_a-writer.o)
 .bss           0x0000000004006980        0x0 e:/intelfpga_lite/16.1/nios2eds/bin/gnu/h-x86_64-mingw32/bin/../lib/gcc/nios2-elf/5.3.0/../../../../../H-x86_64-mingw32/nios2-elf/lib\libc.a(closer.o)
 .bss           0x0000000004006980        0x0 e:/intelfpga_lite/16.1/nios2eds/bin/gnu/h-x86_64-mingw32/bin/../lib/gcc/nios2-elf/5.3.0/../../../../../H-x86_64-mingw32/nios2-elf/lib\libc.a(lib_a-fclose.o)
 .bss           0x0000000004006980        0x0 e:/intelfpga_lite/16.1/nios2eds/bin/gnu/h-x86_64-mingw32/bin/../lib/gcc/nios2-elf/5.3.0/../../../../../H-x86_64-mingw32/nios2-elf/lib\libc.a(lib_a-fstatr.o)
 .bss           0x0000000004006980        0x0 e:/intelfpga_lite/16.1/nios2eds/bin/gnu/h-x86_64-mingw32/bin/../lib/gcc/nios2-elf/5.3.0/../../../../../H-x86_64-mingw32/nios2-elf/lib\libc.a(lib_a-isattyr.o)
 .bss           0x0000000004006980        0x0 e:/intelfpga_lite/16.1/nios2eds/bin/gnu/h-x86_64-mingw32/bin/../lib/gcc/nios2-elf/5.3.0/../../../../../H-x86_64-mingw32/nios2-elf/lib\libc.a(lib_a-lseekr.o)
 .bss           0x0000000004006980        0x0 e:/intelfpga_lite/16.1/nios2eds/bin/gnu/h-x86_64-mingw32/bin/../lib/gcc/nios2-elf/5.3.0/../../../../../H-x86_64-mingw32/nios2-elf/lib\libc.a(lib_a-readr.o)
 .bss           0x0000000004006980        0x0 ../Embed_System_bsp/\libhal_bsp.a(alt_exit.o)
 .bss           0x0000000004006980        0x0 ../Embed_System_bsp/\libhal_bsp.a(alt_fstat.o)
 .bss           0x0000000004006980        0x0 ../Embed_System_bsp/\libhal_bsp.a(alt_isatty.o)
 .bss           0x0000000004006980        0x0 ../Embed_System_bsp/\libhal_bsp.a(alt_lseek.o)
 .bss           0x0000000004006980        0x0 ../Embed_System_bsp/\libhal_bsp.a(alt_malloc_lock.o)
 .bss           0x0000000004006980        0x0 ../Embed_System_bsp/\libhal_bsp.a(alt_read.o)
 .bss           0x0000000004006980        0x0 ../Embed_System_bsp/\libhal_bsp.a(alt_sbrk.o)
 .bss           0x0000000004006980        0x0 ../Embed_System_bsp/\libhal_bsp.a(alt_write.o)
 *(COMMON)
 COMMON         0x0000000004006980       0x60 obj/default/src/alarm_util.o
                0x0000000004006980                ALARM_100MS
                0x0000000004006998                ALARM_1MS
                0x00000000040069b0                ALARM_250MS
                0x00000000040069c8                ALARM_10MS
 COMMON         0x00000000040069e0      0x100 ../Embed_System_bsp/\libhal_bsp.a(alt_irq_handler.o)
                0x00000000040069e0                alt_irq
                0x0000000004006ae0                . = ALIGN (0x4)
                0x0000000004006ae0                __bss_end = ABSOLUTE (.)

.sdram          0x0000000004006ae0        0x0
                [!provide]                        PROVIDE (_alt_partition_sdram_start, ABSOLUTE (.))
 *(.sdram .sdram. sdram.*)
                0x0000000004006ae0                . = ALIGN (0x4)
                [!provide]                        PROVIDE (_alt_partition_sdram_end, ABSOLUTE (.))
                0x0000000004006ae0                _end = ABSOLUTE (.)
                0x0000000004006ae0                end = ABSOLUTE (.)
                [!provide]                        PROVIDE (_alt_partition_sdram_load_addr, LOADADDR (.sdram))

.onchip_flash_0_data
                0x0000000009200000        0x0 load address 0x0000000004006ae0
                [!provide]                        PROVIDE (_alt_partition_onchip_flash_0_data_start, ABSOLUTE (.))
 *(.onchip_flash_0_data .onchip_flash_0_data. onchip_flash_0_data.*)
                0x0000000009200000                . = ALIGN (0x4)
                [!provide]                        PROVIDE (_alt_partition_onchip_flash_0_data_end, ABSOLUTE (.))
                [!provide]                        PROVIDE (_alt_partition_onchip_flash_0_data_load_addr, LOADADDR (.onchip_flash_0_data))

.onchip_ram     0x000000000940418c        0x0 load address 0x0000000004006ae0
                [!provide]                        PROVIDE (_alt_partition_onchip_ram_start, ABSOLUTE (.))
 *(.onchip_ram .onchip_ram. onchip_ram.*)
                0x000000000940418c                . = ALIGN (0x4)
                [!provide]                        PROVIDE (_alt_partition_onchip_ram_end, ABSOLUTE (.))
                0x000000000940418c                __alt_stack_base = ABSOLUTE (.)
                [!provide]                        PROVIDE (_alt_partition_onchip_ram_load_addr, LOADADDR (.onchip_ram))

.stab
 *(.stab)

.stabstr
 *(.stabstr)

.stab.excl
 *(.stab.excl)

.stab.exclstr
 *(.stab.exclstr)

.stab.index
 *(.stab.index)

.stab.indexstr
 *(.stab.indexstr)

.comment        0x0000000000000000       0x23
 *(.comment)
 .comment       0x0000000000000000       0x23 obj/default/main.o
                                         0x24 (size before relaxing)
 .comment       0x0000000000000023       0x24 obj/default/src/alarm_util.o
 .comment       0x0000000000000023       0x24 obj/default/src/delay_wait.o
 .comment       0x0000000000000023       0x24 obj/default/src/error_loop.o
 .comment       0x0000000000000023       0x24 obj/default/src/jtag_uart_util.o
 .comment       0x0000000000000023       0x24 obj/default/src/led_util.o
 .comment       0x0000000000000023       0x24 e:/intelfpga_lite/16.1/nios2eds/bin/gnu/h-x86_64-mingw32/bin/../lib/gcc/nios2-elf/5.3.0\libgcc.a(lib2-divmod.o)
 .comment       0x0000000000000023       0x24 ../Embed_System_bsp/\libhal_bsp.a(alt_alarm_start.o)
 .comment       0x0000000000000023       0x24 ../Embed_System_bsp/\libhal_bsp.a(alt_getchar.o)
 .comment       0x0000000000000023       0x24 ../Embed_System_bsp/\libhal_bsp.a(alt_load.o)
 .comment       0x0000000000000023       0x24 ../Embed_System_bsp/\libhal_bsp.a(alt_main.o)
 .comment       0x0000000000000023       0x24 ../Embed_System_bsp/\libhal_bsp.a(alt_printf.o)
 .comment       0x0000000000000023       0x24 ../Embed_System_bsp/\libhal_bsp.a(alt_putchar.o)
 .comment       0x0000000000000023       0x24 ../Embed_System_bsp/\libhal_bsp.a(alt_tick.o)
 .comment       0x0000000000000023       0x24 ../Embed_System_bsp/\libhal_bsp.a(alt_sys_init.o)
 .comment       0x0000000000000023       0x24 ../Embed_System_bsp/\libhal_bsp.a(altera_avalon_jtag_uart_fd.o)
 .comment       0x0000000000000023       0x24 ../Embed_System_bsp/\libhal_bsp.a(altera_avalon_jtag_uart_read.o)
 .comment       0x0000000000000023       0x24 ../Embed_System_bsp/\libhal_bsp.a(altera_avalon_jtag_uart_write.o)
 .comment       0x0000000000000023       0x24 ../Embed_System_bsp/\libhal_bsp.a(altera_avalon_timer_sc.o)
 .comment       0x0000000000000023       0x24 ../Embed_System_bsp/\libhal_bsp.a(altera_modular_adc.o)
 .comment       0x0000000000000023       0x24 ../Embed_System_bsp/\libhal_bsp.a(altera_onchip_flash.o)
 .comment       0x0000000000000023       0x24 ../Embed_System_bsp/\libhal_bsp.a(alt_busy_sleep.o)
 .comment       0x0000000000000023       0x24 ../Embed_System_bsp/\libhal_bsp.a(alt_close.o)
 .comment       0x0000000000000023       0x24 ../Embed_System_bsp/\libhal_bsp.a(alt_dcache_flush.o)
 .comment       0x0000000000000023       0x24 ../Embed_System_bsp/\libhal_bsp.a(alt_dcache_flush_all.o)
 .comment       0x0000000000000023       0x24 ../Embed_System_bsp/\libhal_bsp.a(alt_dev.o)
 .comment       0x0000000000000023       0x24 ../Embed_System_bsp/\libhal_bsp.a(alt_dev_llist_insert.o)
 .comment       0x0000000000000023       0x24 ../Embed_System_bsp/\libhal_bsp.a(alt_errno.o)
 .comment       0x0000000000000023       0x24 ../Embed_System_bsp/\libhal_bsp.a(alt_find_dev.o)
 .comment       0x0000000000000023       0x24 ../Embed_System_bsp/\libhal_bsp.a(alt_flash_dev.o)
 .comment       0x0000000000000023       0x24 ../Embed_System_bsp/\libhal_bsp.a(alt_icache_flush_all.o)
 .comment       0x0000000000000023       0x24 ../Embed_System_bsp/\libhal_bsp.a(alt_iic.o)
 .comment       0x0000000000000023       0x24 ../Embed_System_bsp/\libhal_bsp.a(alt_iic_isr_register.o)
 .comment       0x0000000000000023       0x24 ../Embed_System_bsp/\libhal_bsp.a(alt_io_redirect.o)
 .comment       0x0000000000000023       0x24 ../Embed_System_bsp/\libhal_bsp.a(alt_irq_handler.o)
 .comment       0x0000000000000023       0x24 ../Embed_System_bsp/\libhal_bsp.a(alt_irq_vars.o)
 .comment       0x0000000000000023       0x24 ../Embed_System_bsp/\libhal_bsp.a(alt_open.o)
 .comment       0x0000000000000023       0x24 ../Embed_System_bsp/\libhal_bsp.a(alt_release_fd.o)
 .comment       0x0000000000000023       0x24 ../Embed_System_bsp/\libhal_bsp.a(altera_nios2_gen2_irq.o)
 .comment       0x0000000000000023       0x24 ../Embed_System_bsp/\libhal_bsp.a(alt_find_file.o)
 .comment       0x0000000000000023       0x24 ../Embed_System_bsp/\libhal_bsp.a(alt_get_fd.o)
 .comment       0x0000000000000023       0x24 ../Embed_System_bsp/\libhal_bsp.a(alt_icache_flush.o)
 .comment       0x0000000000000023       0x24 ../Embed_System_bsp/\libhal_bsp.a(alt_instruction_exception_entry.o)
 .comment       0x0000000000000023       0x24 e:/intelfpga_lite/16.1/nios2eds/bin/gnu/h-x86_64-mingw32/bin/../lib/gcc/nios2-elf/5.3.0/../../../../../H-x86_64-mingw32/nios2-elf/lib\libc.a(lib_a-exit.o)
 .comment       0x0000000000000023       0x24 e:/intelfpga_lite/16.1/nios2eds/bin/gnu/h-x86_64-mingw32/bin/../lib/gcc/nios2-elf/5.3.0/../../../../../H-x86_64-mingw32/nios2-elf/lib\libc.a(lib_a-getc.o)
 .comment       0x0000000000000023       0x24 e:/intelfpga_lite/16.1/nios2eds/bin/gnu/h-x86_64-mingw32/bin/../lib/gcc/nios2-elf/5.3.0/../../../../../H-x86_64-mingw32/nios2-elf/lib\libc.a(lib_a-impure.o)
 .comment       0x0000000000000023       0x24 e:/intelfpga_lite/16.1/nios2eds/bin/gnu/h-x86_64-mingw32/bin/../lib/gcc/nios2-elf/5.3.0/../../../../../H-x86_64-mingw32/nios2-elf/lib\libc.a(lib_a-int_errno.o)
 .comment       0x0000000000000023       0x24 e:/intelfpga_lite/16.1/nios2eds/bin/gnu/h-x86_64-mingw32/bin/../lib/gcc/nios2-elf/5.3.0/../../../../../H-x86_64-mingw32/nios2-elf/lib\libc.a(lib_a-memcmp.o)
 .comment       0x0000000000000023       0x24 e:/intelfpga_lite/16.1/nios2eds/bin/gnu/h-x86_64-mingw32/bin/../lib/gcc/nios2-elf/5.3.0/../../../../../H-x86_64-mingw32/nios2-elf/lib\libc.a(lib_a-memcpy.o)
 .comment       0x0000000000000023       0x24 e:/intelfpga_lite/16.1/nios2eds/bin/gnu/h-x86_64-mingw32/bin/../lib/gcc/nios2-elf/5.3.0/../../../../../H-x86_64-mingw32/nios2-elf/lib\libc.a(lib_a-putc.o)
 .comment       0x0000000000000023       0x24 e:/intelfpga_lite/16.1/nios2eds/bin/gnu/h-x86_64-mingw32/bin/../lib/gcc/nios2-elf/5.3.0/../../../../../H-x86_64-mingw32/nios2-elf/lib\libc.a(lib_a-rget.o)
 .comment       0x0000000000000023       0x24 e:/intelfpga_lite/16.1/nios2eds/bin/gnu/h-x86_64-mingw32/bin/../lib/gcc/nios2-elf/5.3.0/../../../../../H-x86_64-mingw32/nios2-elf/lib\libc.a(lib_a-strlen.o)
 .comment       0x0000000000000023       0x24 e:/intelfpga_lite/16.1/nios2eds/bin/gnu/h-x86_64-mingw32/bin/../lib/gcc/nios2-elf/5.3.0/../../../../../H-x86_64-mingw32/nios2-elf/lib\libc.a(lib_a-wbuf.o)
 .comment       0x0000000000000023       0x24 e:/intelfpga_lite/16.1/nios2eds/bin/gnu/h-x86_64-mingw32/bin/../lib/gcc/nios2-elf/5.3.0/../../../../../H-x86_64-mingw32/nios2-elf/lib\libc.a(lib_a-wsetup.o)
 .comment       0x0000000000000023       0x24 e:/intelfpga_lite/16.1/nios2eds/bin/gnu/h-x86_64-mingw32/bin/../lib/gcc/nios2-elf/5.3.0/../../../../../H-x86_64-mingw32/nios2-elf/lib\libc.a(lib_a-__call_atexit.o)
 .comment       0x0000000000000023       0x24 e:/intelfpga_lite/16.1/nios2eds/bin/gnu/h-x86_64-mingw32/bin/../lib/gcc/nios2-elf/5.3.0/../../../../../H-x86_64-mingw32/nios2-elf/lib\libc.a(lib_a-fflush.o)
 .comment       0x0000000000000023       0x24 e:/intelfpga_lite/16.1/nios2eds/bin/gnu/h-x86_64-mingw32/bin/../lib/gcc/nios2-elf/5.3.0/../../../../../H-x86_64-mingw32/nios2-elf/lib\libc.a(lib_a-findfp.o)
 .comment       0x0000000000000023       0x24 e:/intelfpga_lite/16.1/nios2eds/bin/gnu/h-x86_64-mingw32/bin/../lib/gcc/nios2-elf/5.3.0/../../../../../H-x86_64-mingw32/nios2-elf/lib\libc.a(lib_a-freer.o)
 .comment       0x0000000000000023       0x24 e:/intelfpga_lite/16.1/nios2eds/bin/gnu/h-x86_64-mingw32/bin/../lib/gcc/nios2-elf/5.3.0/../../../../../H-x86_64-mingw32/nios2-elf/lib\libc.a(lib_a-fwalk.o)
 .comment       0x0000000000000023       0x24 e:/intelfpga_lite/16.1/nios2eds/bin/gnu/h-x86_64-mingw32/bin/../lib/gcc/nios2-elf/5.3.0/../../../../../H-x86_64-mingw32/nios2-elf/lib\libc.a(lib_a-makebuf.o)
 .comment       0x0000000000000023       0x24 e:/intelfpga_lite/16.1/nios2eds/bin/gnu/h-x86_64-mingw32/bin/../lib/gcc/nios2-elf/5.3.0/../../../../../H-x86_64-mingw32/nios2-elf/lib\libc.a(lib_a-mallocr.o)
 .comment       0x0000000000000023       0x24 e:/intelfpga_lite/16.1/nios2eds/bin/gnu/h-x86_64-mingw32/bin/../lib/gcc/nios2-elf/5.3.0/../../../../../H-x86_64-mingw32/nios2-elf/lib\libc.a(lib_a-memset.o)
 .comment       0x0000000000000023       0x24 e:/intelfpga_lite/16.1/nios2eds/bin/gnu/h-x86_64-mingw32/bin/../lib/gcc/nios2-elf/5.3.0/../../../../../H-x86_64-mingw32/nios2-elf/lib\libc.a(lib_a-refill.o)
 .comment       0x0000000000000023       0x24 e:/intelfpga_lite/16.1/nios2eds/bin/gnu/h-x86_64-mingw32/bin/../lib/gcc/nios2-elf/5.3.0/../../../../../H-x86_64-mingw32/nios2-elf/lib\libc.a(lib_a-sbrkr.o)
 .comment       0x0000000000000023       0x24 e:/intelfpga_lite/16.1/nios2eds/bin/gnu/h-x86_64-mingw32/bin/../lib/gcc/nios2-elf/5.3.0/../../../../../H-x86_64-mingw32/nios2-elf/lib\libc.a(lib_a-stdio.o)
 .comment       0x0000000000000023       0x24 e:/intelfpga_lite/16.1/nios2eds/bin/gnu/h-x86_64-mingw32/bin/../lib/gcc/nios2-elf/5.3.0/../../../../../H-x86_64-mingw32/nios2-elf/lib\libc.a(lib_a-writer.o)
 .comment       0x0000000000000023       0x24 e:/intelfpga_lite/16.1/nios2eds/bin/gnu/h-x86_64-mingw32/bin/../lib/gcc/nios2-elf/5.3.0/../../../../../H-x86_64-mingw32/nios2-elf/lib\libc.a(closer.o)
 .comment       0x0000000000000023       0x24 e:/intelfpga_lite/16.1/nios2eds/bin/gnu/h-x86_64-mingw32/bin/../lib/gcc/nios2-elf/5.3.0/../../../../../H-x86_64-mingw32/nios2-elf/lib\libc.a(lib_a-fclose.o)
 .comment       0x0000000000000023       0x24 e:/intelfpga_lite/16.1/nios2eds/bin/gnu/h-x86_64-mingw32/bin/../lib/gcc/nios2-elf/5.3.0/../../../../../H-x86_64-mingw32/nios2-elf/lib\libc.a(lib_a-fstatr.o)
 .comment       0x0000000000000023       0x24 e:/intelfpga_lite/16.1/nios2eds/bin/gnu/h-x86_64-mingw32/bin/../lib/gcc/nios2-elf/5.3.0/../../../../../H-x86_64-mingw32/nios2-elf/lib\libc.a(lib_a-isattyr.o)
 .comment       0x0000000000000023       0x24 e:/intelfpga_lite/16.1/nios2eds/bin/gnu/h-x86_64-mingw32/bin/../lib/gcc/nios2-elf/5.3.0/../../../../../H-x86_64-mingw32/nios2-elf/lib\libc.a(lib_a-lseekr.o)
 .comment       0x0000000000000023       0x24 e:/intelfpga_lite/16.1/nios2eds/bin/gnu/h-x86_64-mingw32/bin/../lib/gcc/nios2-elf/5.3.0/../../../../../H-x86_64-mingw32/nios2-elf/lib\libc.a(lib_a-readr.o)
 .comment       0x0000000000000023       0x24 ../Embed_System_bsp/\libhal_bsp.a(alt_exit.o)
 .comment       0x0000000000000023       0x24 ../Embed_System_bsp/\libhal_bsp.a(alt_fstat.o)
 .comment       0x0000000000000023       0x24 ../Embed_System_bsp/\libhal_bsp.a(alt_isatty.o)
 .comment       0x0000000000000023       0x24 ../Embed_System_bsp/\libhal_bsp.a(alt_lseek.o)
 .comment       0x0000000000000023       0x24 ../Embed_System_bsp/\libhal_bsp.a(alt_malloc_lock.o)
 .comment       0x0000000000000023       0x24 ../Embed_System_bsp/\libhal_bsp.a(alt_read.o)
 .comment       0x0000000000000023       0x24 ../Embed_System_bsp/\libhal_bsp.a(alt_sbrk.o)
 .comment       0x0000000000000023       0x24 ../Embed_System_bsp/\libhal_bsp.a(alt_write.o)

.debug
 *(.debug)

.line
 *(.line)

.debug_srcinfo
 *(.debug_srcinfo)

.debug_sfnames
 *(.debug_sfnames)

.debug_aranges  0x0000000000000000      0xb30
 *(.debug_aranges)
 .debug_aranges
                0x0000000000000000       0x28 ../Embed_System_bsp//obj/HAL/src/crt0.o
 .debug_aranges
                0x0000000000000028       0x20 obj/default/main.o
 .debug_aranges
                0x0000000000000048       0x20 obj/default/src/alarm_util.o
 .debug_aranges
                0x0000000000000068       0x20 obj/default/src/delay_wait.o
 .debug_aranges
                0x0000000000000088       0x20 obj/default/src/error_loop.o
 .debug_aranges
                0x00000000000000a8       0x20 obj/default/src/jtag_uart_util.o
 .debug_aranges
                0x00000000000000c8       0x20 obj/default/src/led_util.o
 .debug_aranges
                0x00000000000000e8       0x20 e:/intelfpga_lite/16.1/nios2eds/bin/gnu/h-x86_64-mingw32/bin/../lib/gcc/nios2-elf/5.3.0\libgcc.a(lib2-divmod.o)
 .debug_aranges
                0x0000000000000108       0x20 ../Embed_System_bsp/\libhal_bsp.a(alt_alarm_start.o)
 .debug_aranges
                0x0000000000000128       0x20 ../Embed_System_bsp/\libhal_bsp.a(alt_getchar.o)
 .debug_aranges
                0x0000000000000148       0x20 ../Embed_System_bsp/\libhal_bsp.a(alt_load.o)
 .debug_aranges
                0x0000000000000168       0x20 ../Embed_System_bsp/\libhal_bsp.a(alt_main.o)
 .debug_aranges
                0x0000000000000188       0x20 ../Embed_System_bsp/\libhal_bsp.a(alt_printf.o)
 .debug_aranges
                0x00000000000001a8       0x20 ../Embed_System_bsp/\libhal_bsp.a(alt_putchar.o)
 .debug_aranges
                0x00000000000001c8       0x20 ../Embed_System_bsp/\libhal_bsp.a(alt_tick.o)
 .debug_aranges
                0x00000000000001e8       0x20 ../Embed_System_bsp/\libhal_bsp.a(alt_sys_init.o)
 .debug_aranges
                0x0000000000000208       0x20 ../Embed_System_bsp/\libhal_bsp.a(altera_avalon_jtag_uart_fd.o)
 .debug_aranges
                0x0000000000000228       0x20 ../Embed_System_bsp/\libhal_bsp.a(altera_avalon_jtag_uart_read.o)
 .debug_aranges
                0x0000000000000248       0x20 ../Embed_System_bsp/\libhal_bsp.a(altera_avalon_jtag_uart_write.o)
 .debug_aranges
                0x0000000000000268       0x20 ../Embed_System_bsp/\libhal_bsp.a(altera_avalon_timer_sc.o)
 .debug_aranges
                0x0000000000000288       0x20 ../Embed_System_bsp/\libhal_bsp.a(altera_modular_adc.o)
 .debug_aranges
                0x00000000000002a8       0x20 ../Embed_System_bsp/\libhal_bsp.a(altera_onchip_flash.o)
 .debug_aranges
                0x00000000000002c8       0x20 ../Embed_System_bsp/\libhal_bsp.a(alt_busy_sleep.o)
 .debug_aranges
                0x00000000000002e8       0x20 ../Embed_System_bsp/\libhal_bsp.a(alt_close.o)
 .debug_aranges
                0x0000000000000308       0x20 ../Embed_System_bsp/\libhal_bsp.a(alt_dcache_flush.o)
 .debug_aranges
                0x0000000000000328       0x20 ../Embed_System_bsp/\libhal_bsp.a(alt_dcache_flush_all.o)
 .debug_aranges
                0x0000000000000348       0x20 ../Embed_System_bsp/\libhal_bsp.a(alt_dev.o)
 .debug_aranges
                0x0000000000000368       0x20 ../Embed_System_bsp/\libhal_bsp.a(alt_dev_llist_insert.o)
 .debug_aranges
                0x0000000000000388       0x18 ../Embed_System_bsp/\libhal_bsp.a(alt_errno.o)
 .debug_aranges
                0x00000000000003a0       0x20 ../Embed_System_bsp/\libhal_bsp.a(alt_find_dev.o)
 .debug_aranges
                0x00000000000003c0       0x20 ../Embed_System_bsp/\libhal_bsp.a(alt_flash_dev.o)
 .debug_aranges
                0x00000000000003e0       0x20 ../Embed_System_bsp/\libhal_bsp.a(alt_icache_flush_all.o)
 .debug_aranges
                0x0000000000000400       0x20 ../Embed_System_bsp/\libhal_bsp.a(alt_iic.o)
 .debug_aranges
                0x0000000000000420       0x20 ../Embed_System_bsp/\libhal_bsp.a(alt_iic_isr_register.o)
 .debug_aranges
                0x0000000000000440       0x20 ../Embed_System_bsp/\libhal_bsp.a(alt_io_redirect.o)
 .debug_aranges
                0x0000000000000460       0x30 ../Embed_System_bsp/\libhal_bsp.a(alt_irq_entry.o)
 .debug_aranges
                0x0000000000000490       0x20 ../Embed_System_bsp/\libhal_bsp.a(alt_irq_handler.o)
 .debug_aranges
                0x00000000000004b0       0x18 ../Embed_System_bsp/\libhal_bsp.a(alt_irq_vars.o)
 .debug_aranges
                0x00000000000004c8       0x20 ../Embed_System_bsp/\libhal_bsp.a(alt_open.o)
 .debug_aranges
                0x00000000000004e8       0x20 ../Embed_System_bsp/\libhal_bsp.a(alt_release_fd.o)
 .debug_aranges
                0x0000000000000508       0x20 ../Embed_System_bsp/\libhal_bsp.a(altera_nios2_gen2_irq.o)
 .debug_aranges
                0x0000000000000528       0x38 ../Embed_System_bsp/\libhal_bsp.a(alt_exception_entry.o)
 .debug_aranges
                0x0000000000000560       0x20 ../Embed_System_bsp/\libhal_bsp.a(alt_find_file.o)
 .debug_aranges
                0x0000000000000580       0x20 ../Embed_System_bsp/\libhal_bsp.a(alt_get_fd.o)
 .debug_aranges
                0x00000000000005a0       0x20 ../Embed_System_bsp/\libhal_bsp.a(alt_icache_flush.o)
 .debug_aranges
                0x00000000000005c0       0x28 ../Embed_System_bsp/\libhal_bsp.a(alt_instruction_exception_entry.o)
 .debug_aranges
                0x00000000000005e8       0x20 e:/intelfpga_lite/16.1/nios2eds/bin/gnu/h-x86_64-mingw32/bin/../lib/gcc/nios2-elf/5.3.0/../../../../../H-x86_64-mingw32/nios2-elf/lib\libc.a(lib_a-exit.o)
 .debug_aranges
                0x0000000000000608       0x28 e:/intelfpga_lite/16.1/nios2eds/bin/gnu/h-x86_64-mingw32/bin/../lib/gcc/nios2-elf/5.3.0/../../../../../H-x86_64-mingw32/nios2-elf/lib\libc.a(lib_a-getc.o)
 .debug_aranges
                0x0000000000000630       0x18 e:/intelfpga_lite/16.1/nios2eds/bin/gnu/h-x86_64-mingw32/bin/../lib/gcc/nios2-elf/5.3.0/../../../../../H-x86_64-mingw32/nios2-elf/lib\libc.a(lib_a-impure.o)
 .debug_aranges
                0x0000000000000648       0x18 e:/intelfpga_lite/16.1/nios2eds/bin/gnu/h-x86_64-mingw32/bin/../lib/gcc/nios2-elf/5.3.0/../../../../../H-x86_64-mingw32/nios2-elf/lib\libc.a(lib_a-int_errno.o)
 .debug_aranges
                0x0000000000000660       0x20 e:/intelfpga_lite/16.1/nios2eds/bin/gnu/h-x86_64-mingw32/bin/../lib/gcc/nios2-elf/5.3.0/../../../../../H-x86_64-mingw32/nios2-elf/lib\libc.a(lib_a-memcmp.o)
 .debug_aranges
                0x0000000000000680       0x20 e:/intelfpga_lite/16.1/nios2eds/bin/gnu/h-x86_64-mingw32/bin/../lib/gcc/nios2-elf/5.3.0/../../../../../H-x86_64-mingw32/nios2-elf/lib\libc.a(lib_a-memcpy.o)
 .debug_aranges
                0x00000000000006a0       0x28 e:/intelfpga_lite/16.1/nios2eds/bin/gnu/h-x86_64-mingw32/bin/../lib/gcc/nios2-elf/5.3.0/../../../../../H-x86_64-mingw32/nios2-elf/lib\libc.a(lib_a-putc.o)
 .debug_aranges
                0x00000000000006c8       0x28 e:/intelfpga_lite/16.1/nios2eds/bin/gnu/h-x86_64-mingw32/bin/../lib/gcc/nios2-elf/5.3.0/../../../../../H-x86_64-mingw32/nios2-elf/lib\libc.a(lib_a-rget.o)
 .debug_aranges
                0x00000000000006f0       0x20 e:/intelfpga_lite/16.1/nios2eds/bin/gnu/h-x86_64-mingw32/bin/../lib/gcc/nios2-elf/5.3.0/../../../../../H-x86_64-mingw32/nios2-elf/lib\libc.a(lib_a-strlen.o)
 .debug_aranges
                0x0000000000000710       0x28 e:/intelfpga_lite/16.1/nios2eds/bin/gnu/h-x86_64-mingw32/bin/../lib/gcc/nios2-elf/5.3.0/../../../../../H-x86_64-mingw32/nios2-elf/lib\libc.a(lib_a-wbuf.o)
 .debug_aranges
                0x0000000000000738       0x20 e:/intelfpga_lite/16.1/nios2eds/bin/gnu/h-x86_64-mingw32/bin/../lib/gcc/nios2-elf/5.3.0/../../../../../H-x86_64-mingw32/nios2-elf/lib\libc.a(lib_a-wsetup.o)
 .debug_aranges
                0x0000000000000758       0x20 e:/intelfpga_lite/16.1/nios2eds/bin/gnu/h-x86_64-mingw32/bin/../lib/gcc/nios2-elf/5.3.0/../../../../../H-x86_64-mingw32/nios2-elf/lib\libc.a(lib_a-__call_atexit.o)
 .debug_aranges
                0x0000000000000778       0x30 e:/intelfpga_lite/16.1/nios2eds/bin/gnu/h-x86_64-mingw32/bin/../lib/gcc/nios2-elf/5.3.0/../../../../../H-x86_64-mingw32/nios2-elf/lib\libc.a(lib_a-fflush.o)
 .debug_aranges
                0x00000000000007a8       0x68 e:/intelfpga_lite/16.1/nios2eds/bin/gnu/h-x86_64-mingw32/bin/../lib/gcc/nios2-elf/5.3.0/../../../../../H-x86_64-mingw32/nios2-elf/lib\libc.a(lib_a-findfp.o)
 .debug_aranges
                0x0000000000000810       0x28 e:/intelfpga_lite/16.1/nios2eds/bin/gnu/h-x86_64-mingw32/bin/../lib/gcc/nios2-elf/5.3.0/../../../../../H-x86_64-mingw32/nios2-elf/lib\libc.a(lib_a-freer.o)
 .debug_aranges
                0x0000000000000838       0x28 e:/intelfpga_lite/16.1/nios2eds/bin/gnu/h-x86_64-mingw32/bin/../lib/gcc/nios2-elf/5.3.0/../../../../../H-x86_64-mingw32/nios2-elf/lib\libc.a(lib_a-fwalk.o)
 .debug_aranges
                0x0000000000000860       0x20 e:/intelfpga_lite/16.1/nios2eds/bin/gnu/h-x86_64-mingw32/bin/../lib/gcc/nios2-elf/5.3.0/../../../../../H-x86_64-mingw32/nios2-elf/lib\libc.a(lib_a-makebuf.o)
 .debug_aranges
                0x0000000000000880       0x20 e:/intelfpga_lite/16.1/nios2eds/bin/gnu/h-x86_64-mingw32/bin/../lib/gcc/nios2-elf/5.3.0/../../../../../H-x86_64-mingw32/nios2-elf/lib\libc.a(lib_a-mallocr.o)
 .debug_aranges
                0x00000000000008a0       0x20 e:/intelfpga_lite/16.1/nios2eds/bin/gnu/h-x86_64-mingw32/bin/../lib/gcc/nios2-elf/5.3.0/../../../../../H-x86_64-mingw32/nios2-elf/lib\libc.a(lib_a-memset.o)
 .debug_aranges