Archive member included to satisfy reference by file (symbol)

e:/intelfpga_lite/16.1/nios2eds/bin/gnu/h-x86_64-mingw32/bin/../lib/gcc/nios2-elf/5.3.0\libgcc.a(lib2-divmod.o)
                              obj/default/src/alarm_util.o (__udivsi3)
../Embed_System_bsp/\libhal_bsp.a(alt_alarm_start.o)
                              obj/default/src/alarm_util.o (alt_alarm_start)
../Embed_System_bsp/\libhal_bsp.a(alt_getchar.o)
                              obj/default/main.o (alt_getchar)
../Embed_System_bsp/\libhal_bsp.a(alt_load.o)
                              ../Embed_System_bsp//obj/HAL/src/crt0.o (alt_load)
../Embed_System_bsp/\libhal_bsp.a(alt_main.o)
                              ../Embed_System_bsp//obj/HAL/src/crt0.o (alt_main)
../Embed_System_bsp/\libhal_bsp.a(alt_printf.o)
                              obj/default/main.o (alt_printf)
../Embed_System_bsp/\libhal_bsp.a(alt_putchar.o)
                              ../Embed_System_bsp/\libhal_bsp.a(alt_printf.o) (alt_putchar)
../Embed_System_bsp/\libhal_bsp.a(alt_tick.o)
                              ../Embed_System_bsp/\libhal_bsp.a(alt_alarm_start.o) (_alt_nticks)
../Embed_System_bsp/\libhal_bsp.a(alt_sys_init.o)
                              ../Embed_System_bsp/\libhal_bsp.a(alt_main.o) (alt_irq_init)
../Embed_System_bsp/\libhal_bsp.a(altera_avalon_jtag_uart_fd.o)
                              ../Embed_System_bsp/\libhal_bsp.a(alt_sys_init.o) (altera_avalon_jtag_uart_read_fd)
../Embed_System_bsp/\libhal_bsp.a(altera_avalon_jtag_uart_read.o)
                              ../Embed_System_bsp/\libhal_bsp.a(altera_avalon_jtag_uart_fd.o) (altera_avalon_jtag_uart_read)
../Embed_System_bsp/\libhal_bsp.a(altera_avalon_jtag_uart_write.o)
                              ../Embed_System_bsp/\libhal_bsp.a(altera_avalon_jtag_uart_fd.o) (altera_avalon_jtag_uart_write)
../Embed_System_bsp/\libhal_bsp.a(altera_avalon_timer_sc.o)
                              ../Embed_System_bsp/\libhal_bsp.a(alt_sys_init.o) (alt_avalon_timer_sc_init)
../Embed_System_bsp/\libhal_bsp.a(altera_modular_adc.o)
                              ../Embed_System_bsp/\libhal_bsp.a(alt_sys_init.o) (altera_modular_adc_init)
../Embed_System_bsp/\libhal_bsp.a(altera_onchip_flash.o)
                              ../Embed_System_bsp/\libhal_bsp.a(alt_sys_init.o) (alt_onchip_flash_read)
../Embed_System_bsp/\libhal_bsp.a(alt_busy_sleep.o)
                              ../Embed_System_bsp/\libhal_bsp.a(altera_onchip_flash.o) (alt_busy_sleep)
../Embed_System_bsp/\libhal_bsp.a(alt_close.o)
                              ../Embed_System_bsp/\libhal_bsp.a(alt_main.o) (close)
../Embed_System_bsp/\libhal_bsp.a(alt_dcache_flush.o)
                              ../Embed_System_bsp/\libhal_bsp.a(altera_onchip_flash.o) (alt_dcache_flush)
../Embed_System_bsp/\libhal_bsp.a(alt_dcache_flush_all.o)
                              ../Embed_System_bsp/\libhal_bsp.a(alt_load.o) (alt_dcache_flush_all)
../Embed_System_bsp/\libhal_bsp.a(alt_dev.o)
                              ../Embed_System_bsp/\libhal_bsp.a(alt_close.o) (alt_fd_list)
../Embed_System_bsp/\libhal_bsp.a(alt_dev_llist_insert.o)
                              ../Embed_System_bsp/\libhal_bsp.a(alt_sys_init.o) (alt_dev_llist_insert)
../Embed_System_bsp/\libhal_bsp.a(alt_errno.o)
                              ../Embed_System_bsp/\libhal_bsp.a(alt_close.o) (alt_errno)
../Embed_System_bsp/\libhal_bsp.a(alt_find_dev.o)
                              ../Embed_System_bsp/\libhal_bsp.a(altera_modular_adc.o) (alt_find_dev)
../Embed_System_bsp/\libhal_bsp.a(alt_flash_dev.o)
                              ../Embed_System_bsp/\libhal_bsp.a(altera_onchip_flash.o) (alt_flash_dev_list)
../Embed_System_bsp/\libhal_bsp.a(alt_icache_flush_all.o)
                              ../Embed_System_bsp/\libhal_bsp.a(alt_load.o) (alt_icache_flush_all)
../Embed_System_bsp/\libhal_bsp.a(alt_iic.o)
                              ../Embed_System_bsp/\libhal_bsp.a(altera_avalon_timer_sc.o) (alt_ic_isr_register)
../Embed_System_bsp/\libhal_bsp.a(alt_iic_isr_register.o)
                              ../Embed_System_bsp/\libhal_bsp.a(alt_iic.o) (alt_iic_isr_register)
../Embed_System_bsp/\libhal_bsp.a(alt_io_redirect.o)
                              ../Embed_System_bsp/\libhal_bsp.a(alt_main.o) (alt_io_redirect)
../Embed_System_bsp/\libhal_bsp.a(alt_irq_entry.o)
                              ../Embed_System_bsp/\libhal_bsp.a(alt_iic_isr_register.o) (alt_irq_entry)
../Embed_System_bsp/\libhal_bsp.a(alt_irq_handler.o)
                              ../Embed_System_bsp/\libhal_bsp.a(alt_iic_isr_register.o) (alt_irq_handler)
../Embed_System_bsp/\libhal_bsp.a(alt_irq_vars.o)
                              ../Embed_System_bsp/\libhal_bsp.a(alt_iic.o) (alt_irq_active)
../Embed_System_bsp/\libhal_bsp.a(alt_open.o)
                              ../Embed_System_bsp/\libhal_bsp.a(alt_io_redirect.o) (open)
../Embed_System_bsp/\libhal_bsp.a(alt_release_fd.o)
[...]
Memory Configuration

Name             Origin             Length             Attributes
sdram            0x0000000004000000 0x0000000004000000
onchip_flash_0_data 0x0000000009200000 0x0000000000160000
reset            0x0000000009404000 0x0000000000000020
onchip_ram       0x0000000009404020 0x0000000000003fe0
*default*        0x0000000000000000 0xffffffffffffffff

Linker script and memory map

LOAD ../Embed_System_bsp//obj/HAL/src/crt0.o
LOAD obj/default/main.o
LOAD obj/default/src/alarm_util.o
LOAD obj/default/src/delay_wait.o
LOAD obj/default/src/error_loop.o
LOAD obj/default/src/jtag_uart_util.o
LOAD obj/default/src/led_util.o
LOAD e:/intelfpga_lite/16.1/nios2eds/bin/gnu/h-x86_64-mingw32/bin/../lib/gcc/nios2-elf/5.3.0/../../../../../H-x86_64-mingw32/nios2-elf/lib\libstdc++.a
LOAD e:/intelfpga_lite/16.1/nios2eds/bin/gnu/h-x86_64-mingw32/bin/../lib/gcc/nios2-elf/5.3.0/../../../../../H-x86_64-mingw32/nios2-elf/lib\libm.a
LOAD e:/intelfpga_lite/16.1/nios2eds/bin/gnu/h-x86_64-mingw32/bin/../lib/gcc/nios2-elf/5.3.0\libgcc.a
START GROUP
LOAD e:/intelfpga_lite/16.1/nios2eds/bin/gnu/h-x86_64-mingw32/bin/../lib/gcc/nios2-elf/5.3.0/../../../../../H-x86_64-mingw32/nios2-elf/lib\libc.a
LOAD e:/intelfpga_lite/16.1/nios2eds/bin/gnu/h-x86_64-mingw32/bin/../lib/gcc/nios2-elf/5.3.0\libgcc.a
LOAD ../Embed_System_bsp/\libhal_bsp.a
LOAD e:/intelfpga_lite/16.1/nios2eds/bin/gnu/h-x86_64-mingw32/bin/../lib/gcc/nios2-elf/5.3.0/../../../../../H-x86_64-mingw32/nios2-elf/lib\libm.a
END GROUP
LOAD e:/intelfpga_lite/16.1/nios2eds/bin/gnu/h-x86_64-mingw32/bin/../lib/gcc/nios2-elf/5.3.0\libgcc.a
                0x0000000004000000                __alt_mem_sdram = 0x4000000
                0x0000000009200000                __alt_mem_onchip_flash_0_data = 0x9200000
                0x0000000009404000                __alt_mem_onchip_ram = 0x9404000

.entry          0x0000000009404000       0x20
 *(.entry)
 .entry         0x0000000009404000       0x20 ../Embed_System_bsp//obj/HAL/src/crt0.o
                0x0000000009404000                __reset

.exceptions     0x0000000009404020      0x16c load address 0x0000000004000000
                0x0000000009404020                PROVIDE (__ram_exceptions_start, ABSOLUTE (.))
                0x0000000009404020                . = ALIGN (0x20)
 *(.irq)
 *(.exceptions.entry.label)
 .exceptions.entry.label
                0x0000000009404020        0x0 ../Embed_System_bsp/\libhal_bsp.a(alt_irq_entry.o)
                0x0000000009404020                alt_irq_entry
 .exceptions.entry.label
                0x0000000009404020        0x0 ../Embed_System_bsp/\libhal_bsp.a(alt_exception_entry.o)
                0x0000000009404020                alt_exception
 *(.exceptions.entry.user)
 *(.exceptions.entry.ecc_fatal)
 *(.exceptions.entry)
 .exceptions.entry
                0x0000000009404020       0x54 ../Embed_System_bsp/\libhal_bsp.a(alt_exception_entry.o)
 *(.exceptions.irqtest.user)
 *(.exceptions.irqtest)
 .exceptions.irqtest
                0x0000000009404074       0x10 ../Embed_System_bsp/\libhal_bsp.a(alt_irq_entry.o)
 *(.exceptions.irqhandler.user)
 *(.exceptions.irqhandler)
 .exceptions.irqhandler
                0x0000000009404084        0x4 ../Embed_System_bsp/\libhal_bsp.a(alt_irq_entry.o)
 *(.exceptions.irqreturn.user)
 *(.exceptions.irqreturn)
 .exceptions.irqreturn
                0x0000000009404088        0x4 ../Embed_System_bsp/\libhal_bsp.a(alt_irq_entry.o)
 *(.exceptions.notirq.label)
 .exceptions.notirq.label
                0x000000000940408c        0x0 ../Embed_System_bsp/\libhal_bsp.a(alt_irq_entry.o)
 *(.exceptions.notirq.user)
 *(.exceptions.notirq)
 .exceptions.notirq
                0x000000000940408c        0x8 ../Embed_System_bsp/\libhal_bsp.a(alt_exception_entry.o)
 *(.exceptions.soft.user)
 *(.exceptions.soft)
 *(.exceptions.unknown.user)
 *(.exceptions.unknown)
 .exceptions.unknown
                0x0000000009404094       0x14 ../Embed_System_bsp/\libhal_bsp.a(alt_exception_entry.o)
 *(.exceptions.exit.label)
 .exceptions.exit.label
                0x00000000094040a8        0x0 ../Embed_System_bsp/\libhal_bsp.a(alt_irq_entry.o)
 .exceptions.exit.label
                0x00000000094040a8        0x0 ../Embed_System_bsp/\libhal_bsp.a(alt_exception_entry.o)
 *(.exceptions.exit.user)
 *(.exceptions.exit)
 .exceptions.exit
                0x00000000094040a8       0x54 ../Embed_System_bsp/\libhal_bsp.a(alt_exception_entry.o)
 *(.exceptions)
 .exceptions    0x00000000094040fc       0x64 ../Embed_System_bsp/\libhal_bsp.a(alt_irq_handler.o)
                0x00000000094040fc                alt_irq_handler
 .exceptions    0x0000000009404160       0x2c ../Embed_System_bsp/\libhal_bsp.a(alt_instruction_exception_entry.o)
                0x0000000009404160                alt_instruction_exception_entry
                0x000000000940418c                PROVIDE (__ram_exceptions_end, ABSOLUTE (.))
                0x0000000004000000                PROVIDE (__flash_exceptions_start, LOADADDR (.exceptions))

.text           0x000000000400016c     0x4e64
                [!provide]                        PROVIDE (stext, ABSOLUTE (.))
 *(.interp)
 *(.hash)
 *(.dynsym)
 *(.dynstr)
 *(.gnu.version)
 *(.gnu.version_d)
 *(.gnu.version_r)
 *(.rel.init)
 *(.rela.init)
 *(.rel.text .rel.text.* .rel.gnu.linkonce.t.*)
 *(.rela.text .rela.text.* .rela.gnu.linkonce.t.*)
 *(.rel.fini)
 *(.rela.fini)
 *(.rel.rodata .rel.rodata.* .rel.gnu.linkonce.r.*)
 *(.rela.rodata .rela.rodata.* .rela.gnu.linkonce.r.*)
 *(.rel.data .rel.data.* .rel.gnu.linkonce.d.*)
 *(.rela.data .rela.data.* .rela.gnu.linkonce.d.*)
 *(.rel.tdata .rel.tdata.* .rel.gnu.linkonce.td.*)
 *(.rela.tdata .rela.tdata.* .rela.gnu.linkonce.td.*)
 *(.rel.tbss .rel.tbss.* .rel.gnu.linkonce.tb.*)
 *(.rela.tbss .rela.tbss.* .rela.gnu.linkonce.tb.*)
 *(.rel.ctors)
 *(.rela.ctors)
 *(.rel.dtors)
 *(.rela.dtors)
 *(.rel.got)
 *(.rela.got)
 *(.rel.sdata .rel.sdata.* .rel.gnu.linkonce.s.*)
 *(.rela.sdata .rela.sdata.* .rela.gnu.linkonce.s.*)
 *(.rel.sbss .rel.sbss.* .rel.gnu.linkonce.sb.*)
 *(.rela.sbss .rela.sbss.* .rela.gnu.linkonce.sb.*)
 *(.rel.sdata2 .rel.sdata2.* .rel.gnu.linkonce.s2.*)
 *(.rela.sdata2 .rela.sdata2.* .rela.gnu.linkonce.s2.*)
 *(.rel.sbss2 .rel.sbss2.* .rel.gnu.linkonce.sb2.*)
 *(.rela.sbss2 .rela.sbss2.* .rela.gnu.linkonce.sb2.*)
 *(.rel.bss .rel.bss.* .rel.gnu.linkonce.b.*)
 *(.rela.bss .rela.bss.* .rela.gnu.linkonce.b.*)
 *(.rel.plt)
 *(.rela.plt)
 *(.rel.dyn)
 *(.init)
 *(.plt)
 *(.text .stub .text.* .gnu.linkonce.t.*)
 .text          0x000000000400016c       0x4c ../Embed_System_bsp//obj/HAL/src/crt0.o
                0x000000000400016c                _start
 .text          0x00000000040001b8      0x244 obj/default/main.o
                0x00000000040001b8                main
 .text          0x00000000040003fc      0x1b4 obj/default/src/alarm_util.o
                0x00000000040003fc                my_alarm_callback
                0x0000000004000440                alarm_init
 .text          0x00000000040005b0      0x1a8 obj/default/src/delay_wait.o
                0x00000000040005b0                delay_wait
                0x0000000004000674                set_delay_mode_250ms
                0x00000000040006a4                set_delay_mode_100ms
                0x00000000040006d4                set_delay_mode_10ms
                0x0000000004000704                set_delay_mode_1ms
                0x0000000004000734                set_delay_mode_none
 .text          0x0000000004000758       0x2c obj/default/src/error_loop.o
                0x0000000004000758                error_loop
 .text          0x0000000004000784       0x74 obj/default/src/jtag_uart_util.o
                0x0000000004000784                print_binary_count_stdio
 .text          0x00000000040007f8       0x60 obj/default/src/led_util.o
                0x00000000040007f8                update_led
 .text          0x0000000004000858      0x1b4 e:/intelfpga_lite/16.1/nios2eds/bin/gnu/h-x86_64-mingw32/bin/../lib/gcc/nios2-elf/5.3.0\libgcc.a(lib2-divmod.o)
                0x0000000004000858                __divsi3
                0x00000000040008dc                __modsi3
                0x0000000004000950                __udivsi3
                0x00000000040009b4                __umodsi3
 .text          0x0000000004000a0c       0x80 ../Embed_System_bsp/\libhal_bsp.a(alt_alarm_start.o)
                0x0000000004000a0c                alt_alarm_start
 .text          0x0000000004000a8c        0xc ../Embed_System_bsp/\libhal_bsp.a(alt_getchar.o)
                0x0000000004000a8c                alt_getchar
 .text          0x0000000004000a98      0x114 ../Embed_System_bsp/\libhal_bsp.a(alt_load.o)
                0x0000000004000a98                alt_load
 .text          0x0000000004000bac       0x50 ../Embed_System_bsp/\libhal_bsp.a(alt_main.o)
                0x0000000004000bac                alt_main
 .text          0x0000000004000bfc      0x17c ../Embed_System_bsp/\libhal_bsp.a(alt_printf.o)
                0x0000000004000bfc                alt_printf
 .text          0x0000000004000d78        0xc ../Embed_System_bsp/\libhal_bsp.a(alt_putchar.o)
                0x0000000004000d78                alt_putchar
 .text          0x0000000004000d84      0x128 ../Embed_System_bsp/\libhal_bsp.a(alt_tick.o)
                0x0000000004000d84                alt_alarm_stop
                0x0000000004000db8                alt_tick
 .text          0x0000000004000eac       0x74 ../Embed_System_bsp/\libhal_bsp.a(alt_sys_init.o)
                0x0000000004000eac                alt_irq_init
                0x0000000004000ecc                alt_sys_init
 .text          0x0000000004000f20       0x20 ../Embed_System_bsp/\libhal_bsp.a(altera_avalon_jtag_uart_fd.o)
                0x0000000004000f20                altera_avalon_jtag_uart_read_fd
                0x0000000004000f30                altera_avalon_jtag_uart_write_fd
 .text          0x0000000004000f40       0x74 ../Embed_System_bsp/\libhal_bsp.a(altera_avalon_jtag_uart_read.o)
                0x0000000004000f40                altera_avalon_jtag_uart_read
 .text          0x0000000004000fb4       0x34 ../Embed_System_bsp/\libhal_bsp.a(altera_avalon_jtag_uart_write.o)
                0x0000000004000fb4                altera_avalon_jtag_uart_write
 .text          0x0000000004000fe8       0x84 ../Embed_System_bsp/\libhal_bsp.a(altera_avalon_timer_sc.o)
                0x0000000004001024                alt_avalon_timer_sc_init
 .text          0x000000000400106c      0x270 ../Embed_System_bsp/\libhal_bsp.a(altera_modular_adc.o)
                0x00000000040010d0                alt_adc_word_read
                0x0000000004001108                altera_modular_adc_init
                0x000000000400116c                alt_adc_register_callback
                0x00000000040011c8                altera_modular_adc_open
                0x00000000040011d0                adc_stop
                0x00000000040011f0                adc_start
                0x0000000004001200                adc_set_mode_run_once
                0x0000000004001218                adc_set_mode_run_continuously
                0x000000000400122c                adc_recalibrate
                0x0000000004001278                adc_interrupt_enable
                0x000000000400128c                adc_interrupt_disable
                0x00000000040012a4                adc_clear_interrupt_status
                0x00000000040012b8                adc_interrupt_asserted
                0x00000000040012c8                adc_wait_for_interrupt
 .text          0x00000000040012dc      0xa1c ../Embed_System_bsp/\libhal_bsp.a(altera_onchip_flash.o)
                0x00000000040012dc                alt_onchip_flash_read
                0x000000000400134c                alt_onchip_flash_get_info
                0x0000000004001394                alt_onchip_flash_erase_block
                0x000000000400150c                alt_onchip_flash_write_block
                0x000000000400172c                alt_onchip_flash_write
                0x0000000004001938                altera_onchip_flash_init
                0x0000000004001bdc                alt_onchip_flash_poll_for_status_to_go_idle
                0x0000000004001c38                alt_onchip_flash_poll_for_status_erase_passed
                0x0000000004001c98                alt_onchip_flash_poll_for_status_write_passed
 .text          0x0000000004001cf8       0x78 ../Embed_System_bsp/\libhal_bsp.a(alt_busy_sleep.o)
                0x0000000004001cf8                alt_busy_sleep
 .text          0x0000000004001d70       0xbc ../Embed_System_bsp/\libhal_bsp.a(alt_close.o)
                0x0000000004001d70                close
 .text          0x0000000004001e2c       0x40 ../Embed_System_bsp/\libhal_bsp.a(alt_dcache_flush.o)
                0x0000000004001e2c                alt_dcache_flush
 .text          0x0000000004001e6c       0x18 ../Embed_System_bsp/\libhal_bsp.a(alt_dcache_flush_all.o)
                0x0000000004001e6c                alt_dcache_flush_all
 .text          0x0000000004001e84        0x8 ../Embed_System_bsp/\libhal_bsp.a(alt_dev.o)
 .text          0x0000000004001e8c       0x6c ../Embed_System_bsp/\libhal_bsp.a(alt_dev_llist_insert.o)
                0x0000000004001e8c                alt_dev_llist_insert
 .text          0x0000000004001ef8        0x0 ../Embed_System_bsp/\libhal_bsp.a(alt_errno.o)
 .text          0x0000000004001ef8       0x78 ../Embed_System_bsp/\libhal_bsp.a(alt_find_dev.o)
                0x0000000004001ef8                alt_find_dev
 .text          0x0000000004001f70       0x64 ../Embed_System_bsp/\libhal_bsp.a(alt_flash_dev.o)
                0x0000000004001f70                alt_flash_open_dev
                0x0000000004001fc0                alt_flash_close_dev
 .text          0x0000000004001fd4        0xc ../Embed_System_bsp/\libhal_bsp.a(alt_icache_flush_all.o)
                0x0000000004001fd4                alt_icache_flush_all
 .text          0x0000000004001fe0       0x8c ../Embed_System_bsp/\libhal_bsp.a(alt_iic.o)
                0x0000000004001fe0                alt_ic_isr_register
                0x0000000004001fe4                alt_ic_irq_enable
                0x000000000400201c                alt_ic_irq_disable
                0x0000000004002054                alt_ic_irq_enabled
 .text          0x000000000400206c       0x68 ../Embed_System_bsp/\libhal_bsp.a(alt_iic_isr_register.o)
                0x000000000400206c                alt_iic_isr_register
 .text          0x00000000040020d4       0xe8 ../Embed_System_bsp/\libhal_bsp.a(alt_io_redirect.o)
                0x0000000004002148                alt_io_redirect
 .text          0x00000000040021bc        0x0 ../Embed_System_bsp/\libhal_bsp.a(alt_irq_entry.o)
 .text          0x00000000040021bc        0x0 ../Embed_System_bsp/\libhal_bsp.a(alt_irq_handler.o)
 .text          0x00000000040021bc        0x0 ../Embed_System_bsp/\libhal_bsp.a(alt_irq_vars.o)
 .text          0x00000000040021bc      0x178 ../Embed_System_bsp/\libhal_bsp.a(alt_open.o)
                0x00000000040021bc                open
 .text          0x0000000004002334       0x24 ../Embed_System_bsp/\libhal_bsp.a(alt_release_fd.o)
                0x0000000004002334                alt_release_fd
 .text          0x0000000004002358        0x8 ../Embed_System_bsp/\libhal_bsp.a(altera_nios2_gen2_irq.o)
                0x0000000004002358                altera_nios2_gen2_irq_init
 .text          0x0000000004002360        0x0 ../Embed_System_bsp/\libhal_bsp.a(alt_exception_entry.o)
 .text          0x0000000004002360       0xac ../Embed_System_bsp/\libhal_bsp.a(alt_find_file.o)
                0x0000000004002360                alt_find_file
 .text          0x000000000400240c       0x50 ../Embed_System_bsp/\libhal_bsp.a(alt_get_fd.o)
                0x000000000400240c                alt_get_fd
 .text          0x000000000400245c       0x50 ../Embed_System_bsp/\libhal_bsp.a(alt_icache_flush.o)
                0x000000000400245c                alt_icache_flush
 .text          0x00000000040024ac       0x74 ../Embed_System_bsp/\libhal_bsp.a(alt_instruction_exception_entry.o)
                0x00000000040024ac                alt_exception_cause_generated_bad_addr
 .text          0x0000000004002520        0x0 e:/intelfpga_lite/16.1/nios2eds/bin/gnu/h-x86_64-mingw32/bin/../lib/gcc/nios2-elf/5.3.0/../../../../../H-x86_64-mingw32/nios2-elf/lib\libc.a(lib_a-exit.o)
 .text.exit     0x0000000004002520       0x38 e:/intelfpga_lite/16.1/nios2eds/bin/gnu/h-x86_64-mingw32/bin/../lib/gcc/nios2-elf/5.3.0/../../../../../H-x86_64-mingw32/nios2-elf/lib\libc.a(lib_a-exit.o)
                0x0000000004002520                exit
 .text          0x0000000004002558        0x0 e:/intelfpga_lite/16.1/nios2eds/bin/gnu/h-x86_64-mingw32/bin/../lib/gcc/nios2-elf/5.3.0/../../../../../H-x86_64-mingw32/nios2-elf/lib\libc.a(lib_a-getc.o)
 .text._getc_r  0x0000000004002558       0x70 e:/intelfpga_lite/16.1/nios2eds/bin/gnu/h-x86_64-mingw32/bin/../lib/gcc/nios2-elf/5.3.0/../../../../../H-x86_64-mingw32/nios2-elf/lib\libc.a(lib_a-getc.o)
                0x0000000004002558                _getc_r
 .text.getc     0x00000000040025c8       0x88 e:/intelfpga_lite/16.1/nios2eds/bin/gnu/h-x86_64-mingw32/bin/../lib/gcc/nios2-elf/5.3.0/../../../../../H-x86_64-mingw32/nios2-elf/lib\libc.a(lib_a-getc.o)
                0x00000000040025c8                getc
 .text          0x0000000004002650        0x0 e:/intelfpga_lite/16.1/nios2eds/bin/gnu/h-x86_64-mingw32/bin/../lib/gcc/nios2-elf/5.3.0/../../../../../H-x86_64-mingw32/nios2-elf/lib\libc.a(lib_a-impure.o)
 .text          0x0000000004002650        0x0 e:/intelfpga_lite/16.1/nios2eds/bin/gnu/h-x86_64-mingw32/bin/../lib/gcc/nios2-elf/5.3.0/../../../../../H-x86_64-mingw32/nios2-elf/lib\libc.a(lib_a-int_errno.o)
 .text          0x0000000004002650        0x0 e:/intelfpga_lite/16.1/nios2eds/bin/gnu/h-x86_64-mingw32/bin/../lib/gcc/nios2-elf/5.3.0/../../../../../H-x86_64-mingw32/nios2-elf/lib\libc.a(lib_a-memcmp.o)
 .text.memcmp   0x0000000004002650       0x7c e:/intelfpga_lite/16.1/nios2eds/bin/gnu/h-x86_64-mingw32/bin/../lib/gcc/nios2-elf/5.3.0/../../../../../H-x86_64-mingw32/nios2-elf/lib\libc.a(lib_a-memcmp.o)
                0x0000000004002650                memcmp
 .text          0x00000000040026cc        0x0 e:/intelfpga_lite/16.1/nios2eds/bin/gnu/h-x86_64-mingw32/bin/../lib/gcc/nios2-elf/5.3.0/../../../../../H-x86_64-mingw32/nios2-elf/lib\libc.a(lib_a-memcpy.o)
 .text.memcpy   0x00000000040026cc      0x148 e:/intelfpga_lite/16.1/nios2eds/bin/gnu/h-x86_64-mingw32/bin/../lib/gcc/nios2-elf/5.3.0/../../../../../H-x86_64-mingw32/nios2-elf/lib\libc.a(lib_a-memcpy.o)
                0x00000000040026cc                memcpy
 .text          0x0000000004002814        0x0 e:/intelfpga_lite/16.1/nios2eds/bin/gnu/h-x86_64-mingw32/bin/../lib/gcc/nios2-elf/5.3.0/../../../../../H-x86_64-mingw32/nios2-elf/lib\libc.a(lib_a-putc.o)
 .text._putc_r  0x0000000004002814       0xa0 e:/intelfpga_lite/16.1/nios2eds/bin/gnu/h-x86_64-mingw32/bin/../lib/gcc/nios2-elf/5.3.0/../../../../../H-x86_64-mingw32/nios2-elf/lib\libc.a(lib_a-putc.o)
                0x0000000004002814                _putc_r
 .text.putc     0x00000000040028b4       0xc8 e:/intelfpga_lite/16.1/nios2eds/bin/gnu/h-x86_64-mingw32/bin/../lib/gcc/nios2-elf/5.3.0/../../../../../H-x86_64-mingw32/nios2-elf/lib\libc.a(lib_a-putc.o)
                0x00000000040028b4                putc
 .text          0x000000000400297c        0x0 e:/intelfpga_lite/16.1/nios2eds/bin/gnu/h-x86_64-mingw32/bin/../lib/gcc/nios2-elf/5.3.0/../../../../../H-x86_64-mingw32/nios2-elf/lib\libc.a(lib_a-rget.o)
 .text.__srget_r
                0x000000000400297c       0x74 e:/intelfpga_lite/16.1/nios2eds/bin/gnu/h-x86_64-mingw32/bin/../lib/gcc/nios2-elf/5.3.0/../../../../../H-x86_64-mingw32/nios2-elf/lib\libc.a(lib_a-rget.o)
                0x000000000400297c                __srget_r
 .text.__srget  0x00000000040029f0       0x14 e:/intelfpga_lite/16.1/nios2eds/bin/gnu/h-x86_64-mingw32/bin/../lib/gcc/nios2-elf/5.3.0/../../../../../H-x86_64-mingw32/nios2-elf/lib\libc.a(lib_a-rget.o)
                0x00000000040029f0                __srget
 .text          0x0000000004002a04        0x0 e:/intelfpga_lite/16.1/nios2eds/bin/gnu/h-x86_64-mingw32/bin/../lib/gcc/nios2-elf/5.3.0/../../../../../H-x86_64-mingw32/nios2-elf/lib\libc.a(lib_a-strlen.o)
 .text.strlen   0x0000000004002a04       0x98 e:/intelfpga_lite/16.1/nios2eds/bin/gnu/h-x86_64-mingw32/bin/../lib/gcc/nios2-elf/5.3.0/../../../../../H-x86_64-mingw32/nios2-elf/lib\libc.a(lib_a-strlen.o)
                0x0000000004002a04                strlen
 .text          0x0000000004002a9c        0x0 e:/intelfpga_lite/16.1/nios2eds/bin/gnu/h-x86_64-mingw32/bin/../lib/gcc/nios2-elf/5.3.0/../../../../../H-x86_64-mingw32/nios2-elf/lib\libc.a(lib_a-wbuf.o)
 .text.__swbuf_r
                0x0000000004002a9c      0x140 e:/intelfpga_lite/16.1/nios2eds/bin/gnu/h-x86_64-mingw32/bin/../lib/gcc/nios2-elf/5.3.0/../../../../../H-x86_64-mingw32/nios2-elf/lib\libc.a(lib_a-wbuf.o)
                0x0000000004002a9c                __swbuf_r
 .text.__swbuf  0x0000000004002bdc       0x18 e:/intelfpga_lite/16.1/nios2eds/bin/gnu/h-x86_64-mingw32/bin/../lib/gcc/nios2-elf/5.3.0/../../../../../H-x86_64-mingw32/nios2-elf/lib\libc.a(lib_a-wbuf.o)
                0x0000000004002bdc                __swbuf
 .text          0x0000000004002bf4        0x0 e:/intelfpga_lite/16.1/nios2eds/bin/gnu/h-x86_64-mingw32/bin/../lib/gcc/nios2-elf/5.3.0/../../../../../H-x86_64-mingw32/nios2-elf/lib\libc.a(lib_a-wsetup.o)
 .text.__swsetup_r
                0x0000000004002bf4      0x154 e:/intelfpga_lite/16.1/nios2eds/bin/gnu/h-x86_64-mingw32/bin/../lib/gcc/nios2-elf/5.3.0/../../../../../H-x86_64-mingw32/nios2-elf/lib\libc.a(lib_a-wsetup.o)
                0x0000000004002bf4                __swsetup_r
 .text          0x0000000004002d48        0x0 e:/intelfpga_lite/16.1/nios2eds/bin/gnu/h-x86_64-mingw32/bin/../lib/gcc/nios2-elf/5.3.0/../../../../../H-x86_64-mingw32/nios2-elf/lib\libc.a(lib_a-__call_atexit.o)
 .text.__call_exitprocs
                0x0000000004002d48      0x180 e:/intelfpga_lite/16.1/nios2eds/bin/gnu/h-x86_64-mingw32/bin/../lib/gcc/nios2-elf/5.3.0/../../../../../H-x86_64-mingw32/nios2-elf/lib\libc.a(lib_a-__call_atexit.o)
                0x0000000004002d48                __call_exitprocs
 .text          0x0000000004002ec8        0x0 e:/intelfpga_lite/16.1/nios2eds/bin/gnu/h-x86_64-mingw32/bin/../lib/gcc/nios2-elf/5.3.0/../../../../../H-x86_64-mingw32/nios2-elf/lib\libc.a(lib_a-fflush.o)
 .text.__sflush_r
                0x0000000004002ec8      0x21c e:/intelfpga_lite/16.1/nios2eds/bin/gnu/h-x86_64-mingw32/bin/../lib/gcc/nios2-elf/5.3.0/../../../../../H-x86_64-mingw32/nios2-elf/lib\libc.a(lib_a-fflush.o)
                0x0000000004002ec8                __sflush_r
 .text._fflush_r
                0x00000000040030e4       0x5c e:/intelfpga_lite/16.1/nios2eds/bin/gnu/h-x86_64-mingw32/bin/../lib/gcc/nios2-elf/5.3.0/../../../../../H-x86_64-mingw32/nios2-elf/lib\libc.a(lib_a-fflush.o)
                0x00000000040030e4                _fflush_r
 .text.fflush   0x0000000004003140       0x30 e:/intelfpga_lite/16.1/nios2eds/bin/gnu/h-x86_64-mingw32/bin/../lib/gcc/nios2-elf/5.3.0/../../../../../H-x86_64-mingw32/nios2-elf/lib\libc.a(lib_a-fflush.o)
                0x0000000004003140                fflush
 .text          0x0000000004003170        0x0 e:/intelfpga_lite/16.1/nios2eds/bin/gnu/h-x86_64-mingw32/bin/../lib/gcc/nios2-elf/5.3.0/../../../../../H-x86_64-mingw32/nios2-elf/lib\libc.a(lib_a-findfp.o)
 .text.__fp_unlock
                0x0000000004003170        0x8 e:/intelfpga_lite/16.1/nios2eds/bin/gnu/h-x86_64-mingw32/bin/../lib/gcc/nios2-elf/5.3.0/../../../../../H-x86_64-mingw32/nios2-elf/lib\libc.a(lib_a-findfp.o)
 .text._cleanup_r
                0x0000000004003178        0xc e:/intelfpga_lite/16.1/nios2eds/bin/gnu/h-x86_64-mingw32/bin/../lib/gcc/nios2-elf/5.3.0/../../../../../H-x86_64-mingw32/nios2-elf/lib\libc.a(lib_a-findfp.o)
                0x0000000004003178                _cleanup_r
 .text.__sinit.part.1
                0x0000000004003184      0x19c e:/intelfpga_lite/16.1/nios2eds/bin/gnu/h-x86_64-mingw32/bin/../lib/gcc/nios2-elf/5.3.0/../../../../../H-x86_64-mingw32/nios2-elf/lib\libc.a(lib_a-findfp.o)
 .text.__fp_lock
                0x0000000004003320        0x8 e:/intelfpga_lite/16.1/nios2eds/bin/gnu/h-x86_64-mingw32/bin/../lib/gcc/nios2-elf/5.3.0/../../../../../H-x86_64-mingw32/nios2-elf/lib\libc.a(lib_a-findfp.o)
 .text.__sfmoreglue
                0x0000000004003328       0x68 e:/intelfpga_lite/16.1/nios2eds/bin/gnu/h-x86_64-mingw32/bin/../lib/gcc/nios2-elf/5.3.0/../../../../../H-x86_64-mingw32/nios2-elf/lib\libc.a(lib_a-findfp.o)
                0x0000000004003328                __sfmoreglue
 .text.__sfp    0x0000000004003390      0x118 e:/intelfpga_lite/16.1/nios2eds/bin/gnu/h-x86_64-mingw32/bin/../lib/gcc/nios2-elf/5.3.0/../../../../../H-x86_64-mingw32/nios2-elf/lib\libc.a(lib_a-findfp.o)
                0x0000000004003390                __sfp
 .text._cleanup
                0x00000000040034a8       0x18 e:/intelfpga_lite/16.1/nios2eds/bin/gnu/h-x86_64-mingw32/bin/../lib/gcc/nios2-elf/5.3.0/../../../../../H-x86_64-mingw32/nios2-elf/lib\libc.a(lib_a-findfp.o)
                0x00000000040034a8                _cleanup
 .text.__sinit  0x00000000040034c0       0x10 e:/intelfpga_lite/16.1/nios2eds/bin/gnu/h-x86_64-mingw32/bin/../lib/gcc/nios2-elf/5.3.0/../../../../../H-x86_64-mingw32/nios2-elf/lib\libc.a(lib_a-findfp.o)
                0x00000000040034c0                __sinit
 .text.__sfp_lock_acquire
                0x00000000040034d0        0x4 e:/intelfpga_lite/16.1/nios2eds/bin/gnu/h-x86_64-mingw32/bin/../lib/gcc/nios2-elf/5.3.0/../../../../../H-x86_64-mingw32/nios2-elf/lib\libc.a(lib_a-findfp.o)
                0x00000000040034d0                __sfp_lock_acquire
 .text.__sfp_lock_release
                0x00000000040034d4        0x4 e:/intelfpga_lite/16.1/nios2eds/bin/gnu/h-x86_64-mingw32/bin/../lib/gcc/nios2-elf/5.3.0/../../../../../H-x86_64-mingw32/nios2-elf/lib\libc.a(lib_a-findfp.o)
                0x00000000040034d4                __sfp_lock_release
 .text.__sinit_lock_acquire
                0x00000000040034d8        0x4 e:/intelfpga_lite/16.1/nios2eds/bin/gnu/h-x86_64-mingw32/bin/../lib/gcc/nios2-elf/5.3.0/../../../../../H-x86_64-mingw32/nios2-elf/lib\libc.a(lib_a-findfp.o)
                0x00000000040034d8                __sinit_lock_acquire
 .text.__sinit_lock_release
                0x00000000040034dc        0x4 e:/intelfpga_lite/16.1/nios2eds/bin/gnu/h-x86_64-mingw32/bin/../lib/gcc/nios2-elf/5.3.0/../../../../../H-x86_64-mingw32/nios2-elf/lib\libc.a(lib_a-findfp.o)
                0x00000000040034dc                __sinit_lock_release
 .text.__fp_lock_all
                0x00000000040034e0       0x18 e:/intelfpga_lite/16.1/nios2eds/bin/gnu/h-x86_64-mingw32/bin/../lib/gcc/nios2-elf/5.3.0/../../../../../H-x86_64-mingw32/nios2-elf/lib\libc.a(lib_a-findfp.o)
                0x00000000040034e0                __fp_lock_all
 .text.__fp_unlock_all
                0x00000000040034f8       0x18 e:/intelfpga_lite/16.1/nios2eds/bin/gnu/h-x86_64-mingw32/bin/../lib/gcc/nios2-elf/5.3.0/../../../../../H-x86_64-mingw32/nios2-elf/lib\libc.a(lib_a-findfp.o)
                0x00000000040034f8                __fp_unlock_all
 .text          0x0000000004003510        0x0 e:/intelfpga_lite/16.1/nios2eds/bin/gnu/h-x86_64-mingw32/bin/../lib/gcc/nios2-elf/5.3.0/../../../../../H-x86_64-mingw32/nios2-elf/lib\libc.a(lib_a-freer.o)
 .text._malloc_trim_r
                0x0000000004003510      0x124 e:/intelfpga_lite/16.1/nios2eds/bin/gnu/h-x86_64-mingw32/bin/../lib/gcc/nios2-elf/5.3.0/../../../../../H-x86_64-mingw32/nios2-elf/lib\libc.a(lib_a-freer.o)
                0x0000000004003510                _malloc_trim_r
 .text._free_r  0x0000000004003634      0x310 e:/intelfpga_lite/16.1/nios2eds/bin/gnu/h-x86_64-mingw32/bin/../lib/gcc/nios2-elf/5.3.0/../../../../../H-x86_64-mingw32/nios2-elf/lib\libc.a(lib_a-freer.o)
                0x0000000004003634                _free_r
 .text          0x0000000004003944        0x0 e:/intelfpga_lite/16.1/nios2eds/bin/gnu/h-x86_64-mingw32/bin/../lib/gcc/nios2-elf/5.3.0/../../../../../H-x86_64-mingw32/nios2-elf/lib\libc.a(lib_a-fwalk.o)
 .text._fwalk   0x0000000004003944       0xc4 e:/intelfpga_lite/16.1/nios2eds/bin/gnu/h-x86_64-mingw32/bin/../lib/gcc/nios2-elf/5.3.0/../../../../../H-x86_64-mingw32/nios2-elf/lib\libc.a(lib_a-fwalk.o)
                0x0000000004003944                _fwalk
 .text._fwalk_reent
                0x0000000004003a08       0xc4 e:/intelfpga_lite/16.1/nios2eds/bin/gnu/h-x86_64-mingw32/bin/../lib/gcc/nios2-elf/5.3.0/../../../../../H-x86_64-mingw32/nios2-elf/lib\libc.a(lib_a-fwalk.o)
                0x0000000004003a08                _fwalk_reent
 .text          0x0000000004003acc        0x0 e:/intelfpga_lite/16.1/nios2eds/bin/gnu/h-x86_64-mingw32/bin/../lib/gcc/nios2-elf/5.3.0/../../../../../H-x86_64-mingw32/nios2-elf/lib\libc.a(lib_a-makebuf.o)
 .text.__smakebuf_r
                0x0000000004003acc      0x1bc e:/intelfpga_lite/16.1/nios2eds/bin/gnu/h-x86_64-mingw32/bin/../lib/gcc/nios2-elf/5.3.0/../../../../../H-x86_64-mingw32/nios2-elf/lib\libc.a(lib_a-makebuf.o)
                0x0000000004003acc                __smakebuf_r
 .text          0x0000000004003c88        0x0 e:/intelfpga_lite/16.1/nios2eds/bin/gnu/h-x86_64-mingw32/bin/../lib/gcc/nios2-elf/5.3.0/../../../../../H-x86_64-mingw32/nios2-elf/lib\libc.a(lib_a-mallocr.o)
 .text._malloc_r
                0x0000000004003c88      0x80c e:/intelfpga_lite/16.1/nios2eds/bin/gnu/h-x86_64-mingw32/bin/../lib/gcc/nios2-elf/5.3.0/../../../../../H-x86_64-mingw32/nios2-elf/lib\libc.a(lib_a-mallocr.o)
                0x0000000004003c88                _malloc_r
 .text          0x0000000004004494        0x0 e:/intelfpga_lite/16.1/nios2eds/bin/gnu/h-x86_64-mingw32/bin/../lib/gcc/nios2-elf/5.3.0/../../../../../H-x86_64-mingw32/nios2-elf/lib\libc.a(lib_a-memset.o)
 .text.memset   0x0000000004004494      0x128 e:/intelfpga_lite/16.1/nios2eds/bin/gnu/h-x86_64-mingw32/bin/../lib/gcc/nios2-elf/5.3.0/../../../../../H-x86_64-mingw32/nios2-elf/lib\libc.a(lib_a-memset.o)
                0x0000000004004494                memset
 .text          0x00000000040045bc        0x0 e:/intelfpga_lite/16.1/nios2eds/bin/gnu/h-x86_64-mingw32/bin/../lib/gcc/nios2-elf/5.3.0/../../../../../H-x86_64-mingw32/nios2-elf/lib\libc.a(lib_a-refill.o)
 .text.lflush   0x00000000040045bc       0x1c e:/intelfpga_lite/16.1/nios2eds/bin/gnu/h-x86_64-mingw32/bin/../lib/gcc/nios2-elf/5.3.0/../../../../../H-x86_64-mingw32/nios2-elf/lib\libc.a(lib_a-refill.o)
 .text.__srefill_r
                0x00000000040045d8      0x1d4 e:/intelfpga_lite/16.1/nios2eds/bin/gnu/h-x86_64-mingw32/bin/../lib/gcc/nios2-elf/5.3.0/../../../../../H-x86_64-mingw32/nios2-elf/lib\libc.a(lib_a-refill.o)
                0x00000000040045d8                __srefill_r
 .text          0x00000000040047ac        0x0 e:/intelfpga_lite/16.1/nios2eds/bin/gnu/h-x86_64-mingw32/bin/../lib/gcc/nios2-elf/5.3.0/../../../../../H-x86_64-mingw32/nios2-elf/lib\libc.a(lib_a-sbrkr.o)
 .text._sbrk_r  0x00000000040047ac       0x54 e:/intelfpga_lite/16.1/nios2eds/bin/gnu/h-x86_64-mingw32/bin/../lib/gcc/nios2-elf/5.3.0/../../../../../H-x86_64-mingw32/nios2-elf/lib\libc.a(lib_a-sbrkr.o)
                0x00000000040047ac                _sbrk_r
 .text          0x0000000004004800        0x0 e:/intelfpga_lite/16.1/nios2eds/bin/gnu/h-x86_64-mingw32/bin/../lib/gcc/nios2-elf/5.3.0/../../../../../H-x86_64-mingw32/nios2-elf/lib\libc.a(lib_a-stdio.o)
 .text.__sread  0x0000000004004800       0x54 e:/intelfpga_lite/16.1/nios2eds/bin/gnu/h-x86_64-mingw32/bin/../lib/gcc/nios2-elf/5.3.0/../../../../../H-x86_64-mingw32/nios2-elf/lib\libc.a(lib_a-stdio.o)
                0x0000000004004800                __sread
 .text.__seofread
                0x0000000004004854        0x8 e:/intelfpga_lite/16.1/nios2eds/bin/gnu/h-x86_64-mingw32/bin/../lib/gcc/nios2-elf/5.3.0/../../../../../H-x86_64-mingw32/nios2-elf/lib\libc.a(lib_a-stdio.o)
                0x0000000004004854                __seofread
 .text.__swrite
                0x000000000400485c       0x7c e:/intelfpga_lite/16.1/nios2eds/bin/gnu/h-x86_64-mingw32/bin/../lib/gcc/nios2-elf/5.3.0/../../../../../H-x86_64-mingw32/nios2-elf/lib\libc.a(lib_a-stdio.o)
                0x000000000400485c                __swrite
 .text.__sseek  0x00000000040048d8       0x5c e:/intelfpga_lite/16.1/nios2eds/bin/gnu/h-x86_64-mingw32/bin/../lib/gcc/nios2-elf/5.3.0/../../../../../H-x86_64-mingw32/nios2-elf/lib\libc.a(lib_a-stdio.o)
                0x00000000040048d8                __sseek
 .text.__sclose
                0x0000000004004934        0x8 e:/intelfpga_lite/16.1/nios2eds/bin/gnu/h-x86_64-mingw32/bin/../lib/gcc/nios2-elf/5.3.0/../../../../../H-x86_64-mingw32/nios2-elf/lib\libc.a(lib_a-stdio.o)
                0x0000000004004934                __sclose
 .text          0x000000000400493c        0x0 e:/intelfpga_lite/16.1/nios2eds/bin/gnu/h-x86_64-mingw32/bin/../lib/gcc/nios2-elf/5.3.0/../../../../../H-x86_64-mingw32/nios2-elf/lib\libc.a(lib_a-writer.o)
 .text._write_r
                0x000000000400493c       0x60 e:/intelfpga_lite/16.1/nios2eds/bin/gnu/h-x86_64-mingw32/bin/../lib/gcc/nios2-elf/5.3.0/../../../../../H-x86_64-mingw32/nios2-elf/lib\libc.a(lib_a-writer.o)
                0x000000000400493c                _write_r
 .text          0x000000000400499c        0x0 e:/intelfpga_lite/16.1/nios2eds/bin/gnu/h-x86_64-mingw32/bin/../lib/gcc/nios2-elf/5.3.0/../../../../../H-x86_64-mingw32/nios2-elf/lib\libc.a(closer.o)
 .text._close_r
                0x000000000400499c       0x54 e:/intelfpga_lite/16.1/nios2eds/bin/gnu/h-x86_64-mingw32/bin/../lib/gcc/nios2-elf/5.3.0/../../../../../H-x86_64-mingw32/nios2-elf/lib\libc.a(closer.o)
                0x000000000400499c                _close_r
 .text          0x00000000040049f0        0x0 e:/intelfpga_lite/16.1/nios2eds/bin/gnu/h-x86_64-mingw32/bin/../lib/gcc/nios2-elf/5.3.0/../../../../../H-x86_64-mingw32/nios2-elf/lib\libc.a(lib_a-fclose.o)
 .text._fclose_r
                0x00000000040049f0       0xf0 e:/intelfpga_lite/16.1/nios2eds/bin/gnu/h-x86_64-mingw32/bin/../lib/gcc/nios2-elf/5.3.0/../../../../../H-x86_64-mingw32/nios2-elf/lib\libc.a(lib_a-fclose.o)
                0x00000000040049f0                _fclose_r
 .text.fclose   0x0000000004004ae0       0x14 e:/intelfpga_lite/16.1/nios2eds/bin/gnu/h-x86_64-mingw32/bin/../lib/gcc/nios2-elf/5.3.0/../../../../../H-x86_64-mingw32/nios2-elf/lib\libc.a(lib_a-fclose.o)
                0x0000000004004ae0                fclose
 .text          0x0000000004004af4        0x0 e:/intelfpga_lite/16.1/nios2eds/bin/gnu/h-x86_64-mingw32/bin/../lib/gcc/nios2-elf/5.3.0/../../../../../H-x86_64-mingw32/nios2-elf/lib\libc.a(lib_a-fstatr.o)
 .text._fstat_r
                0x0000000004004af4       0x5c e:/intelfpga_lite/16.1/nios2eds/bin/gnu/h-x86_64-mingw32/bin/../lib/gcc/nios2-elf/5.3.0/../../../../../H-x86_64-mingw32/nios2-elf/lib\libc.a(lib_a-fstatr.o)
                0x0000000004004af4                _fstat_r
 .text          0x0000000004004b50        0x0 e:/intelfpga_lite/16.1/nios2eds/bin/gnu/h-x86_64-mingw32/bin/../lib/gcc/nios2-elf/5.3.0/../../../../../H-x86_64-mingw32/nios2-elf/lib\libc.a(lib_a-isattyr.o)
 .text._isatty_r
                0x0000000004004b50       0x54 e:/intelfpga_lite/16.1/nios2eds/bin/gnu/h-x86_64-mingw32/bin/../lib/gcc/nios2-elf/5.3.0/../../../../../H-x86_64-mingw32/nios2-elf/lib\libc.a(lib_a-isattyr.o)
                0x0000000004004b50                _isatty_r
 .text          0x0000000004004ba4        0x0 e:/intelfpga_lite/16.1/nios2eds/bin/gnu/h-x86_64-mingw32/bin/../lib/gcc/nios2-elf/5.3.0/../../../../../H-x86_64-mingw32/nios2-elf/lib\libc.a(lib_a-lseekr.o)
 .text._lseek_r
                0x0000000004004ba4       0x60 e:/intelfpga_lite/16.1/nios2eds/bin/gnu/h-x86_64-mingw32/bin/../lib/gcc/nios2-elf/5.3.0/../../../../../H-x86_64-mingw32/nios2-elf/lib\libc.a(lib_a-lseekr.o)
                0x0000000004004ba4                _lseek_r
 .text          0x0000000004004c04        0x0 e:/intelfpga_lite/16.1/nios2eds/bin/gnu/h-x86_64-mingw32/bin/../lib/gcc/nios2-elf/5.3.0/../../../../../H-x86_64-mingw32/nios2-elf/lib\libc.a(lib_a-readr.o)
 .text._read_r  0x0000000004004c04       0x60 e:/intelfpga_lite/16.1/nios2eds/bin/gnu/h-x86_64-mingw32/bin/../lib/gcc/nios2-elf/5.3.0/../../../../../H-x86_64-mingw32/nios2-elf/lib\libc.a(lib_a-readr.o)
                0x0000000004004c04                _read_r
 .text          0x0000000004004c64       0x14 ../Embed_System_bsp/\libhal_bsp.a(alt_exit.o)
                0x0000000004004c64                _exit
 .text          0x0000000004004c78       0x78 ../Embed_System_bsp/\libhal_bsp.a(alt_fstat.o)
                0x0000000004004c78                fstat
 .text          0x0000000004004cf0       0x84 ../Embed_System_bsp/\libhal_bsp.a(alt_isatty.o)
                0x0000000004004cf0                isatty
 .text          0x0000000004004d74       0x7c ../Embed_System_bsp/\libhal_bsp.a(alt_lseek.o)
                0x0000000004004d74                lseek
 .text          0x0000000004004df0        0x8 ../Embed_System_bsp/\libhal_bsp.a(alt_malloc_lock.o)
                0x0000000004004df0                __malloc_lock
                0x0000000004004df4                __malloc_unlock
 .text          0x0000000004004df8       0xc8 ../Embed_System_bsp/\libhal_bsp.a(alt_read.o)
                0x0000000004004df8                read
 .text          0x0000000004004ec0       0x4c ../Embed_System_bsp/\libhal_bsp.a(alt_sbrk.o)
                0x0000000004004ec0                sbrk
 .text          0x0000000004004f0c       0xc4 ../Embed_System_bsp/\libhal_bsp.a(alt_write.o)
                0x0000000004004f0c                write
 *(.gnu.warning.*)
 *(.fini)
                [!provide]                        PROVIDE (__etext, ABSOLUTE (.))
                [!provide]                        PROVIDE (_etext, ABSOLUTE (.))
                [!provide]                        PROVIDE (etext, ABSOLUTE (.))
 *(.eh_frame_hdr)
                0x0000000004004fd0                . = ALIGN (0x4)
                [!provide]                        PROVIDE (__preinit_array_start, ABSOLUTE (.))
 *(.preinit_array)
                [!provide]                        PROVIDE (__preinit_array_end, ABSOLUTE (.))
                [!provide]                        PROVIDE (__init_array_start, ABSOLUTE (.))
 *(.init_array)
                [!provide]                        PROVIDE (__init_array_end, ABSOLUTE (.))
                [!provide]                        PROVIDE (__fini_array_start, ABSOLUTE (.))
 *(.fini_array)
                [!provide]                        PROVIDE (__fini_array_end, ABSOLUTE (.))
 *(.eh_frame)
 *(.gcc_except_table .gcc_except_table.*)
 *(.dynamic)
                [!provide]                        PROVIDE (__CTOR_LIST__, ABSOLUTE (.))
 *(.ctors)
 *(SORT(.ctors.*))
                [!provide]                        PROVIDE (__CTOR_END__, ABSOLUTE (.))
                [!provide]                        PROVIDE (__DTOR_LIST__, ABSOLUTE (.))
 *(.dtors)
 *(SORT(.dtors.*))
                [!provide]                        PROVIDE (__DTOR_END__, ABSOLUTE (.))
 *(.jcr)
                0x0000000004004fd0                . = ALIGN (0x4)

.rodata         0x0000000004004fd0      0x334
                0x0000000004004fd0                PROVIDE (__ram_rodata_start, ABSOLUTE (.))
                0x0000000004004fd0                . = ALIGN (0x4)
 *(.rodata .rodata.* .gnu.linkonce.r.*)
 .rodata        0x0000000004004fd0      0x1d4 obj/default/main.o
 .rodata        0x00000000040051a4       0x9c obj/default/src/alarm_util.o
 .rodata        0x0000000004005240       0x27 obj/default/src/delay_wait.o
 *fill*         0x0000000004005267        0x1 
 .rodata        0x0000000004005268       0x30 obj/default/src/error_loop.o
 .rodata        0x0000000004005298        0xa obj/default/src/jtag_uart_util.o
 *fill*         0x00000000040052a2        0x2 
 .rodata.str1.4
                0x00000000040052a4        0xf ../Embed_System_bsp/\libhal_bsp.a(alt_main.o)
 *fill*         0x00000000040052b3        0x1 
 .rodata.str1.4
                0x00000000040052b4       0x3d ../Embed_System_bsp/\libhal_bsp.a(alt_sys_init.o)
                                         0x4f (size before relaxing)
 *fill*         0x00000000040052f1        0x3 
 .rodata.str1.4
                0x00000000040052f4        0xa ../Embed_System_bsp/\libhal_bsp.a(alt_dev.o)
 *fill*         0x00000000040052fe        0x2 
 .rodata.str1.4
                0x0000000004005300        0x4 e:/intelfpga_lite/16.1/nios2eds/bin/gnu/h-x86_64-mingw32/bin/../lib/gcc/nios2-elf/5.3.0/../../../../../H-x86_64-mingw32/nios2-elf/lib\libc.a(lib_a-impure.o)
                                          0x2 (size before relaxing)
 *(.rodata1)
                0x0000000004005304                . = ALIGN (0x4)
                0x0000000004005304                PROVIDE (__ram_rodata_end, ABSOLUTE (.))
                0x0000000004004fd0                PROVIDE (__flash_rodata_start, LOADADDR (.rodata))

.rwdata         0x0000000004005304      0xb90 load address 0x0000000004005e94
                0x0000000004005304                PROVIDE (__ram_rwdata_start, ABSOLUTE (.))
                0x0000000004005304                . = ALIGN (0x4)
 *(.got.plt)
 *(.got)
 *(.data1)
 *(.data .data.* .gnu.linkonce.d.*)
 .data          0x0000000004005304        0x0 ../Embed_System_bsp//obj/HAL/src/crt0.o
 .data          0x0000000004005304        0x0 obj/default/main.o
 .data          0x0000000004005304        0x0 obj/default/src/alarm_util.o
 .data          0x0000000004005304        0x0 obj/default/src/delay_wait.o
 .data          0x0000000004005304        0x0 obj/default/src/error_loop.o
 .data          0x0000000004005304        0x0 obj/default/src/jtag_uart_util.o
 .data          0x0000000004005304        0x0 obj/default/src/led_util.o
 .data          0x0000000004005304        0x0 e:/intelfpga_lite/16.1/nios2eds/bin/gnu/h-x86_64-mingw32/bin/../lib/gcc/nios2-elf/5.3.0\libgcc.a(lib2-divmod.o)
 .data          0x0000000004005304        0x0 ../Embed_System_bsp/\libhal_bsp.a(alt_alarm_start.o)
 .data          0x0000000004005304        0x0 ../Embed_System_bsp/\libhal_bsp.a(alt_getchar.o)
 .data          0x0000000004005304        0x0 ../Embed_System_bsp/\libhal_bsp.a(alt_load.o)
 .data          0x0000000004005304        0x0 ../Embed_System_bsp/\libhal_bsp.a(alt_main.o)
 .data          0x0000000004005304        0x0 ../Embed_System_bsp/\libhal_bsp.a(alt_printf.o)
 .data          0x0000000004005304        0x0 ../Embed_System_bsp/\libhal_bsp.a(alt_putchar.o)
 .data          0x0000000004005304        0x0 ../Embed_System_bsp/\libhal_bsp.a(alt_tick.o)
 .data          0x0000000004005304      0x168 ../Embed_System_bsp/\libhal_bsp.a(alt_sys_init.o)
 .data          0x000000000400546c        0x0 ../Embed_System_bsp/\libhal_bsp.a(altera_avalon_jtag_uart_fd.o)
 .data          0x000000000400546c        0x0 ../Embed_System_bsp/\libhal_bsp.a(altera_avalon_jtag_uart_read.o)
 .data          0x000000000400546c        0x0 ../Embed_System_bsp/\libhal_bsp.a(altera_avalon_jtag_uart_write.o)
 .data          0x000000000400546c        0x0 ../Embed_System_bsp/\libhal_bsp.a(altera_avalon_timer_sc.o)
 .data          0x000000000400546c        0x0 ../Embed_System_bsp/\libhal_bsp.a(altera_modular_adc.o)
 .data          0x000000000400546c        0x0 ../Embed_System_bsp/\libhal_bsp.a(altera_onchip_flash.o)
 .data          0x000000000400546c        0x0 ../Embed_System_bsp/\libhal_bsp.a(alt_busy_sleep.o)
 .data          0x000000000400546c        0x0 ../Embed_System_bsp/\libhal_bsp.a(alt_close.o)
 .data          0x000000000400546c        0x0 ../Embed_System_bsp/\libhal_bsp.a(alt_dcache_flush.o)
 .data          0x000000000400546c        0x0 ../Embed_System_bsp/\libhal_bsp.a(alt_dcache_flush_all.o)
 .data          0x000000000400546c      0x1a8 ../Embed_System_bsp/\libhal_bsp.a(alt_dev.o)
                0x000000000400546c                alt_fd_list
                0x00000000040055ec                alt_dev_null
 .data          0x0000000004005614        0x0 ../Embed_System_bsp/\libhal_bsp.a(alt_dev_llist_insert.o)
 .data          0x0000000004005614        0x0 ../Embed_System_bsp/\libhal_bsp.a(alt_errno.o)
 .data          0x0000000004005614        0x0 ../Embed_System_bsp/\libhal_bsp.a(alt_find_dev.o)
 .data          0x0000000004005614        0x0 ../Embed_System_bsp/\libhal_bsp.a(alt_flash_dev.o)
 .data          0x0000000004005614        0x0 ../Embed_System_bsp/\libhal_bsp.a(alt_icache_flush_all.o)
 .data          0x0000000004005614        0x0 ../Embed_System_bsp/\libhal_bsp.a(alt_iic.o)
 .data          0x0000000004005614        0x0 ../Embed_System_bsp/\libhal_bsp.a(alt_iic_isr_register.o)
 .data          0x0000000004005614        0x0 ../Embed_System_bsp/\libhal_bsp.a(alt_io_redirect.o)
 .data          0x0000000004005614        0x0 ../Embed_System_bsp/\libhal_bsp.a(alt_irq_entry.o)
 .data          0x0000000004005614        0x0 ../Embed_System_bsp/\libhal_bsp.a(alt_irq_handler.o)
 .data          0x0000000004005614        0x0 ../Embed_System_bsp/\libhal_bsp.a(alt_irq_vars.o)
 .data          0x0000000004005614        0x0 ../Embed_System_bsp/\libhal_bsp.a(alt_open.o)
 .data          0x0000000004005614        0x0 ../Embed_System_bsp/\libhal_bsp.a(alt_release_fd.o)
 .data          0x0000000004005614        0x0 ../Embed_System_bsp/\libhal_bsp.a(altera_nios2_gen2_irq.o)
 .data          0x0000000004005614        0x0 ../Embed_System_bsp/\libhal_bsp.a(alt_exception_entry.o)
 .data          0x0000000004005614        0x0 ../Embed_System_bsp/\libhal_bsp.a(alt_find_file.o)
 .data          0x0000000004005614        0x0 ../Embed_System_bsp/\libhal_bsp.a(alt_get_fd.o)
 .data          0x0000000004005614        0x0 ../Embed_System_bsp/\libhal_bsp.a(alt_icache_flush.o)
 .data          0x0000000004005614        0x0 ../Embed_System_bsp/\libhal_bsp.a(alt_instruction_exception_entry.o)
 .data          0x0000000004005614        0x0 e:/intelfpga_lite/16.1/nios2eds/bin/gnu/h-x86_64-mingw32/bin/../lib/gcc/nios2-elf/5.3.0/../../../../../H-x86_64-mingw32/nios2-elf/lib\libc.a(lib_a-exit.o)
 .data          0x0000000004005614        0x0 e:/intelfpga_lite/16.1/nios2eds/bin/gnu/h-x86_64-mingw32/bin/../lib/gcc/nios2-elf/5.3.0/../../../../../H-x86_64-mingw32/nios2-elf/lib\libc.a(lib_a-getc.o)
 .data          0x0000000004005614        0x0 e:/intelfpga_lite/16.1/nios2eds/bin/gnu/h-x86_64-mingw32/bin/../lib/gcc/nios2-elf/5.3.0/../../../../../H-x86_64-mingw32/nios2-elf/lib\libc.a(lib_a-impure.o)
 .data.impure_data
                0x0000000004005614      0x424 e:/intelfpga_lite/16.1/nios2eds/bin/gnu/h-x86_64-mingw32/bin/../lib/gcc/nios2-elf/5.3.0/../../../../../H-x86_64-mingw32/nios2-elf/lib\libc.a(lib_a-impure.o)
 .data          0x0000000004005a38        0x0 e:/intelfpga_lite/16.1/nios2eds/bin/gnu/h-x86_64-mingw32/bin/../lib/gcc/nios2-elf/5.3.0/../../../../../H-x86_64-mingw32/nios2-elf/lib\libc.a(lib_a-int_errno.o)
 .data          0x0000000004005a38        0x0 e:/intelfpga_lite/16.1/nios2eds/bin/gnu/h-x86_64-mingw32/bin/../lib/gcc/nios2-elf/5.3.0/../../../../../H-x86_64-mingw32/nios2-elf/lib\libc.a(lib_a-memcmp.o)
 .data          0x0000000004005a38        0x0 e:/intelfpga_lite/16.1/nios2eds/bin/gnu/h-x86_64-mingw32/bin/../lib/gcc/nios2-elf/5.3.0/../../../../../H-x86_64-mingw32/nios2-elf/lib\libc.a(lib_a-memcpy.o)
 .data          0x0000000004005a38        0x0 e:/intelfpga_lite/16.1/nios2eds/bin/gnu/h-x86_64-mingw32/bin/../lib/gcc/nios2-elf/5.3.0/../../../../../H-x86_64-mingw32/nios2-elf/lib\libc.a(lib_a-putc.o)
 .data          0x0000000004005a38        0x0 e:/intelfpga_lite/16.1/nios2eds/bin/gnu/h-x86_64-mingw32/bin/../lib/gcc/nios2-elf/5.3.0/../../../../../H-x86_64-mingw32/nios2-elf/lib\libc.a(lib_a-rget.o)
 .data          0x0000000004005a38        0x0 e:/intelfpga_lite/16.1/nios2eds/bin/gnu/h-x86_64-mingw32/bin/../lib/gcc/nios2-elf/5.3.0/../../../../../H-x86_64-mingw32/nios2-elf/lib\libc.a(lib_a-strlen.o)
 .data          0x0000000004005a38        0x0 e:/intelfpga_lite/16.1/nios2eds/bin/gnu/h-x86_64-mingw32/bin/../lib/gcc/nios2-elf/5.3.0/../../../../../H-x86_64-mingw32/nios2-elf/lib\libc.a(lib_a-wbuf.o)
 .data          0x0000000004005a38        0x0 e:/intelfpga_lite/16.1/nios2eds/bin/gnu/h-x86_64-mingw32/bin/../lib/gcc/nios2-elf/5.3.0/../../../../../H-x86_64-mingw32/nios2-elf/lib\libc.a(lib_a-wsetup.o)
 .data          0x0000000004005a38        0x0 e:/intelfpga_lite/16.1/nios2eds/bin/gnu/h-x86_64-mingw32/bin/../lib/gcc/nios2-elf/5.3.0/../../../../../H-x86_64-mingw32/nios2-elf/lib\libc.a(lib_a-__call_atexit.o)
 .data          0x0000000004005a38        0x0 e:/intelfpga_lite/16.1/nios2eds/bin/gnu/h-x86_64-mingw32/bin/../lib/gcc/nios2-elf/5.3.0/../../../../../H-x86_64-mingw32/nios2-elf/lib\libc.a(lib_a-fflush.o)
 .data          0x0000000004005a38        0x0 e:/intelfpga_lite/16.1/nios2eds/bin/gnu/h-x86_64-mingw32/bin/../lib/gcc/nios2-elf/5.3.0/../../../../../H-x86_64-mingw32/nios2-elf/lib\libc.a(lib_a-findfp.o)
 .data          0x0000000004005a38        0x0 e:/intelfpga_lite/16.1/nios2eds/bin/gnu/h-x86_64-mingw32/bin/../lib/gcc/nios2-elf/5.3.0/../../../../../H-x86_64-mingw32/nios2-elf/lib\libc.a(lib_a-freer.o)
 .data          0x0000000004005a38        0x0 e:/intelfpga_lite/16.1/nios2eds/bin/gnu/h-x86_64-mingw32/bin/../lib/gcc/nios2-elf/5.3.0/../../../../../H-x86_64-mingw32/nios2-elf/lib\libc.a(lib_a-fwalk.o)
 .data          0x0000000004005a38        0x0 e:/intelfpga_lite/16.1/nios2eds/bin/gnu/h-x86_64-mingw32/bin/../lib/gcc/nios2-elf/5.3.0/../../../../../H-x86_64-mingw32/nios2-elf/lib\libc.a(lib_a-makebuf.o)
 .data          0x0000000004005a38        0x0 e:/intelfpga_lite/16.1/nios2eds/bin/gnu/h-x86_64-mingw32/bin/../lib/gcc/nios2-elf/5.3.0/../../../../../H-x86_64-mingw32/nios2-elf/lib\libc.a(lib_a-mallocr.o)
 .data.__malloc_av_
                0x0000000004005a38      0x408 e:/intelfpga_lite/16.1/nios2eds/bin/gnu/h-x86_64-mingw32/bin/../lib/gcc/nios2-elf/5.3.0/../../../../../H-x86_64-mingw32/nios2-elf/lib\libc.a(lib_a-mallocr.o)
                0x0000000004005a38                __malloc_av_
 .data          0x0000000004005e40        0x0 e:/intelfpga_lite/16.1/nios2eds/bin/gnu/h-x86_64-mingw32/bin/../lib/gcc/nios2-elf/5.3.0/../../../../../H-x86_64-mingw32/nios2-elf/lib\libc.a(lib_a-memset.o)
 .data          0x0000000004005e40        0x0 e:/intelfpga_lite/16.1/nios2eds/bin/gnu/h-x86_64-mingw32/bin/../lib/gcc/nios2-elf/5.3.0/../../../../../H-x86_64-mingw32/nios2-elf/lib\libc.a(lib_a-refill.o)
 .data          0x0000000004005e40        0x0 e:/intelfpga_lite/16.1/nios2eds/bin/gnu/h-x86_64-mingw32/bin/../lib/gcc/nios2-elf/5.3.0/../../../../../H-x86_64-mingw32/nios2-elf/lib\libc.a(lib_a-sbrkr.o)
 .data          0x0000000004005e40        0x0 e:/intelfpga_lite/16.1/nios2eds/bin/gnu/h-x86_64-mingw32/bin/../lib/gcc/nios2-elf/5.3.0/../../../../../H-x86_64-mingw32/nios2-elf/lib\libc.a(lib_a-stdio.o)
 .data          0x0000000004005e40        0x0 e:/intelfpga_lite/16.1/nios2eds/bin/gnu/h-x86_64-mingw32/bin/../lib/gcc/nios2-elf/5.3.0/../../../../../H-x86_64-mingw32/nios2-elf/lib\libc.a(lib_a-writer.o)
 .data          0x0000000004005e40        0x0 e:/intelfpga_lite/16.1/nios2eds/bin/gnu/h-x86_64-mingw32/bin/../lib/gcc/nios2-elf/5.3.0/../../../../../H-x86_64-mingw32/nios2-elf/lib\libc.a(closer.o)
 .data          0x0000000004005e40        0x0 e:/intelfpga_lite/16.1/nios2eds/bin/gnu/h-x86_64-mingw32/bin/../lib/gcc/nios2-elf/5.3.0/../../../../../H-x86_64-mingw32/nios2-elf/lib\libc.a(lib_a-fclose.o)
 .data          0x0000000004005e40        0x0 e:/intelfpga_lite/16.1/nios2eds/bin/gnu/h-x86_64-mingw32/bin/../lib/gcc/nios2-elf/5.3.0/../../../../../H-x86_64-mingw32/nios2-elf/lib\libc.a(lib_a-fstatr.o)
 .data          0x0000000004005e40        0x0 e:/intelfpga_lite/16.1/nios2eds/bin/gnu/h-x86_64-mingw32/bin/../lib/gcc/nios2-elf/5.3.0/../../../../../H-x86_64-mingw32/nios2-elf/lib\libc.a(lib_a-isattyr.o)
 .data          0x0000000004005e40        0x0 e:/intelfpga_lite/16.1/nios2eds/bin/gnu/h-x86_64-mingw32/bin/../lib/gcc/nios2-elf/5.3.0/../../../../../H-x86_64-mingw32/nios2-elf/lib\libc.a(lib_a-lseekr.o)
 .data          0x0000000004005e40        0x0 e:/intelfpga_lite/16.1/nios2eds/bin/gnu/h-x86_64-mingw32/bin/../lib/gcc/nios2-elf/5.3.0/../../../../../H-x86_64-mingw32/nios2-elf/lib\libc.a(lib_a-readr.o)
 .data          0x0000000004005e40        0x0 ../Embed_System_bsp/\libhal_bsp.a(alt_exit.o)
 .data          0x0000000004005e40        0x0 ../Embed_System_bsp/\libhal_bsp.a(alt_fstat.o)
 .data          0x0000000004005e40        0x0 ../Embed_System_bsp/\libhal_bsp.a(alt_isatty.o)
 .data          0x0000000004005e40        0x0 ../Embed_System_bsp/\libhal_bsp.a(alt_lseek.o)
 .data          0x0000000004005e40        0x0 ../Embed_System_bsp/\libhal_bsp.a(alt_malloc_lock.o)
 .data          0x0000000004005e40        0x0 ../Embed_System_bsp/\libhal_bsp.a(alt_read.o)
 .data          0x0000000004005e40        0x0 ../Embed_System_bsp/\libhal_bsp.a(alt_sbrk.o)
 .data          0x0000000004005e40        0x0 ../Embed_System_bsp/\libhal_bsp.a(alt_write.o)
                0x000000000400de40                _gp = ABSOLUTE ((. + 0x8000))
                [!provide]                        PROVIDE (gp, _gp)
 *(.rwdata .rwdata.*)
 *(.sdata .sdata.* .gnu.linkonce.s.*)
 .sdata         0x0000000004005e40        0x1 obj/default/src/delay_wait.o
                0x0000000004005e40                DELAY_MODE
 *fill*         0x0000000004005e41        0x3 
 .sdata         0x0000000004005e44        0x8 ../Embed_System_bsp/\libhal_bsp.a(alt_tick.o)
                0x0000000004005e44                alt_alarm_list
 .sdata         0x0000000004005e4c        0x8 ../Embed_System_bsp/\libhal_bsp.a(altera_modular_adc.o)
                0x0000000004005e4c                altera_modular_adc_list
 .sdata         0x0000000004005e54        0x8 ../Embed_System_bsp/\libhal_bsp.a(altera_onchip_flash.o)
                0x0000000004005e54                altera_onchip_flash_list
 .sdata         0x0000000004005e5c       0x14 ../Embed_System_bsp/\libhal_bsp.a(alt_dev.o)
                0x0000000004005e5c                alt_max_fd
                0x0000000004005e60                alt_dev_list
                0x0000000004005e68                alt_fs_list
 .sdata         0x0000000004005e70        0x4 ../Embed_System_bsp/\libhal_bsp.a(alt_errno.o)
                0x0000000004005e70                alt_errno
 .sdata         0x0000000004005e74        0x8 ../Embed_System_bsp/\libhal_bsp.a(alt_flash_dev.o)
                0x0000000004005e74                alt_flash_dev_list
 .sdata         0x0000000004005e7c        0x4 ../Embed_System_bsp/\libhal_bsp.a(alt_irq_vars.o)
                0x0000000004005e7c                alt_priority_mask
 .sdata._global_impure_ptr
                0x0000000004005e80        0x4 e:/intelfpga_lite/16.1/nios2eds/bin/gnu/h-x86_64-mingw32/bin/../lib/gcc/nios2-elf/5.3.0/../../../../../H-x86_64-mingw32/nios2-elf/lib\libc.a(lib_a-impure.o)
                0x0000000004005e80                _global_impure_ptr
 .sdata._impure_ptr
                0x0000000004005e84        0x4 e:/intelfpga_lite/16.1/nios2eds/bin/gnu/h-x86_64-mingw32/bin/../lib/gcc/nios2-elf/5.3.0/../../../../../H-x86_64-mingw32/nios2-elf/lib\libc.a(lib_a-impure.o)
                0x0000000004005e84                _impure_ptr
 .sdata.__malloc_sbrk_base
                0x0000000004005e88        0x4 e:/intelfpga_lite/16.1/nios2eds/bin/gnu/h-x86_64-mingw32/bin/../lib/gcc/nios2-elf/5.3.0/../../../../../H-x86_64-mingw32/nios2-elf/lib\libc.a(lib_a-mallocr.o)
                0x0000000004005e88                __malloc_sbrk_base
 .sdata.__malloc_trim_threshold
                0x0000000004005e8c        0x4 e:/intelfpga_lite/16.1/nios2eds/bin/gnu/h-x86_64-mingw32/bin/../lib/gcc/nios2-elf/5.3.0/../../../../../H-x86_64-mingw32/nios2-elf/lib\libc.a(lib_a-mallocr.o)
                0x0000000004005e8c                __malloc_trim_threshold
 .sdata         0x0000000004005e90        0x4 ../Embed_System_bsp/\libhal_bsp.a(alt_sbrk.o)
 *(.sdata2 .sdata2.* .gnu.linkonce.s2.*)
                0x0000000004005e94                . = ALIGN (0x4)
                0x0000000004005e94                _edata = ABSOLUTE (.)
                [!provide]                        PROVIDE (edata, ABSOLUTE (.))
                0x0000000004005e94                PROVIDE (__ram_rwdata_end, ABSOLUTE (.))
                0x0000000004005e94                PROVIDE (__flash_rwdata_start, LOADADDR (.rwdata))

.bss            0x0000000004006a24      0x1e4
                0x0000000004006a24                __bss_start = ABSOLUTE (.)
                [!provide]                        PROVIDE (__sbss_start, ABSOLUTE (.))
                [!provide]                        PROVIDE (___sbss_start, ABSOLUTE (.))
 *(.dynsbss)
 *(.sbss .sbss.* .gnu.linkonce.sb.*)
 .sbss          0x0000000004006a24       0x20 obj/default/src/alarm_util.o
                0x0000000004006a24                ALARM_250MS_CONTEXT
                0x0000000004006a2c                ALARM_100MS_CONTEXT
                0x0000000004006a34                ALARM_10MS_CONTEXT
                0x0000000004006a3c                ALARM_1MS_CONTEXT
 .sbss          0x0000000004006a44        0x4 obj/default/src/delay_wait.o
                0x0000000004006a44                LAST_DELAY
 .sbss          0x0000000004006a48        0x8 obj/default/src/jtag_uart_util.o
                0x0000000004006a48                PRINT_STDIO_WRAP_COUNT
                0x0000000004006a4c                PRINT_STDIO_MASK
 .sbss          0x0000000004006a50        0x2 obj/default/src/led_util.o
                0x0000000004006a50                LED_STATE
                0x0000000004006a51                LED_MASK
 *fill*         0x0000000004006a52        0x2 
 .sbss          0x0000000004006a54        0xc ../Embed_System_bsp/\libhal_bsp.a(alt_main.o)
                0x0000000004006a54                alt_envp
                0x0000000004006a58                alt_argv
                0x0000000004006a5c                alt_argc
 .sbss          0x0000000004006a60        0x8 ../Embed_System_bsp/\libhal_bsp.a(alt_tick.o)
                0x0000000004006a60                _alt_nticks
                0x0000000004006a64                _alt_tick_rate
 .sbss          0x0000000004006a68        0x4 ../Embed_System_bsp/\libhal_bsp.a(alt_irq_vars.o)
                0x0000000004006a68                alt_irq_active
 .sbss          0x0000000004006a6c        0x4 ../Embed_System_bsp/\libhal_bsp.a(alt_instruction_exception_entry.o)
                0x0000000004006a6c                alt_instruction_exception_handler
 .sbss          0x0000000004006a70        0x4 e:/intelfpga_lite/16.1/nios2eds/bin/gnu/h-x86_64-mingw32/bin/../lib/gcc/nios2-elf/5.3.0/../../../../../H-x86_64-mingw32/nios2-elf/lib\libc.a(lib_a-int_errno.o)
                0x0000000004006a70                errno
 .sbss.__malloc_max_total_mem
                0x0000000004006a74        0x4 e:/intelfpga_lite/16.1/nios2eds/bin/gnu/h-x86_64-mingw32/bin/../lib/gcc/nios2-elf/5.3.0/../../../../../H-x86_64-mingw32/nios2-elf/lib\libc.a(lib_a-mallocr.o)
                0x0000000004006a74                __malloc_max_total_mem
 .sbss.__malloc_max_sbrked_mem
                0x0000000004006a78        0x4 e:/intelfpga_lite/16.1/nios2eds/bin/gnu/h-x86_64-mingw32/bin/../lib/gcc/nios2-elf/5.3.0/../../../../../H-x86_64-mingw32/nios2-elf/lib\libc.a(lib_a-mallocr.o)
                0x0000000004006a78                __malloc_max_sbrked_mem
 .sbss.__malloc_top_pad
                0x0000000004006a7c        0x4 e:/intelfpga_lite/16.1/nios2eds/bin/gnu/h-x86_64-mingw32/bin/../lib/gcc/nios2-elf/5.3.0/../../../../../H-x86_64-mingw32/nios2-elf/lib\libc.a(lib_a-mallocr.o)
                0x0000000004006a7c                __malloc_top_pad
 *(.sbss2 .sbss2.* .gnu.linkonce.sb2.*)
 *(.scommon)
                [!provide]                        PROVIDE (__sbss_end, ABSOLUTE (.))
                [!provide]                        PROVIDE (___sbss_end, ABSOLUTE (.))
 *(.dynbss)
 *(.bss .bss.* .gnu.linkonce.b.*)
 .bss           0x0000000004006a80        0x0 ../Embed_System_bsp//obj/HAL/src/crt0.o
 .bss           0x0000000004006a80        0x0 obj/default/main.o
 .bss           0x0000000004006a80        0x0 obj/default/src/alarm_util.o
 .bss           0x0000000004006a80        0x0 obj/default/src/delay_wait.o
 .bss           0x0000000004006a80        0x0 obj/default/src/error_loop.o
 .bss           0x0000000004006a80        0x0 obj/default/src/jtag_uart_util.o
 .bss           0x0000000004006a80        0x0 obj/default/src/led_util.o
 .bss           0x0000000004006a80        0x0 e:/intelfpga_lite/16.1/nios2eds/bin/gnu/h-x86_64-mingw32/bin/../lib/gcc/nios2-elf/5.3.0\libgcc.a(lib2-divmod.o)
 .bss           0x0000000004006a80        0x0 ../Embed_System_bsp/\libhal_bsp.a(alt_alarm_start.o)
 .bss           0x0000000004006a80        0x0 ../Embed_System_bsp/\libhal_bsp.a(alt_getchar.o)
 .bss           0x0000000004006a80        0x0 ../Embed_System_bsp/\libhal_bsp.a(alt_load.o)
 .bss           0x0000000004006a80        0x0 ../Embed_System_bsp/\libhal_bsp.a(alt_main.o)
 .bss           0x0000000004006a80        0x0 ../Embed_System_bsp/\libhal_bsp.a(alt_printf.o)
 .bss           0x0000000004006a80        0x0 ../Embed_System_bsp/\libhal_bsp.a(alt_putchar.o)
 .bss           0x0000000004006a80        0x0 ../Embed_System_bsp/\libhal_bsp.a(alt_tick.o)
 .bss           0x0000000004006a80        0x0 ../Embed_System_bsp/\libhal_bsp.a(alt_sys_init.o)
 .bss           0x0000000004006a80        0x0 ../Embed_System_bsp/\libhal_bsp.a(altera_avalon_jtag_uart_fd.o)
 .bss           0x0000000004006a80        0x0 ../Embed_System_bsp/\libhal_bsp.a(altera_avalon_jtag_uart_read.o)
 .bss           0x0000000004006a80        0x0 ../Embed_System_bsp/\libhal_bsp.a(altera_avalon_jtag_uart_write.o)
 .bss           0x0000000004006a80        0x0 ../Embed_System_bsp/\libhal_bsp.a(altera_avalon_timer_sc.o)
 .bss           0x0000000004006a80        0x0 ../Embed_System_bsp/\libhal_bsp.a(altera_modular_adc.o)
 .bss           0x0000000004006a80        0x0 ../Embed_System_bsp/\libhal_bsp.a(altera_onchip_flash.o)
 .bss           0x0000000004006a80        0x0 ../Embed_System_bsp/\libhal_bsp.a(alt_busy_sleep.o)
 .bss           0x0000000004006a80        0x0 ../Embed_System_bsp/\libhal_bsp.a(alt_close.o)
 .bss           0x0000000004006a80        0x0 ../Embed_System_bsp/\libhal_bsp.a(alt_dcache_flush.o)
 .bss           0x0000000004006a80        0x0 ../Embed_System_bsp/\libhal_bsp.a(alt_dcache_flush_all.o)
 .bss           0x0000000004006a80        0x0 ../Embed_System_bsp/\libhal_bsp.a(alt_dev.o)
 .bss           0x0000000004006a80        0x0 ../Embed_System_bsp/\libhal_bsp.a(alt_dev_llist_insert.o)
 .bss           0x0000000004006a80        0x0 ../Embed_System_bsp/\libhal_bsp.a(alt_errno.o)
 .bss           0x0000000004006a80        0x0 ../Embed_System_bsp/\libhal_bsp.a(alt_find_dev.o)
 .bss           0x0000000004006a80        0x0 ../Embed_System_bsp/\libhal_bsp.a(alt_flash_dev.o)
 .bss           0x0000000004006a80        0x0 ../Embed_System_bsp/\libhal_bsp.a(alt_icache_flush_all.o)
 .bss           0x0000000004006a80        0x0 ../Embed_System_bsp/\libhal_bsp.a(alt_iic.o)
 .bss           0x0000000004006a80        0x0 ../Embed_System_bsp/\libhal_bsp.a(alt_iic_isr_register.o)
 .bss           0x0000000004006a80        0x0 ../Embed_System_bsp/\libhal_bsp.a(alt_io_redirect.o)
 .bss           0x0000000004006a80        0x0 ../Embed_System_bsp/\libhal_bsp.a(alt_irq_entry.o)
 .bss           0x0000000004006a80        0x0 ../Embed_System_bsp/\libhal_bsp.a(alt_irq_handler.o)
 .bss           0x0000000004006a80        0x0 ../Embed_System_bsp/\libhal_bsp.a(alt_irq_vars.o)
 .bss           0x0000000004006a80        0x0 ../Embed_System_bsp/\libhal_bsp.a(alt_open.o)
 .bss           0x0000000004006a80        0x0 ../Embed_System_bsp/\libhal_bsp.a(alt_release_fd.o)
 .bss           0x0000000004006a80        0x0 ../Embed_System_bsp/\libhal_bsp.a(altera_nios2_gen2_irq.o)
 .bss           0x0000000004006a80        0x0 ../Embed_System_bsp/\libhal_bsp.a(alt_exception_entry.o)
 .bss           0x0000000004006a80        0x0 ../Embed_System_bsp/\libhal_bsp.a(alt_find_file.o)
 .bss           0x0000000004006a80        0x0 ../Embed_System_bsp/\libhal_bsp.a(alt_get_fd.o)
 .bss           0x0000000004006a80        0x0 ../Embed_System_bsp/\libhal_bsp.a(alt_icache_flush.o)
 .bss           0x0000000004006a80        0x0 ../Embed_System_bsp/\libhal_bsp.a(alt_instruction_exception_entry.o)
 .bss           0x0000000004006a80        0x0 e:/intelfpga_lite/16.1/nios2eds/bin/gnu/h-x86_64-mingw32/bin/../lib/gcc/nios2-elf/5.3.0/../../../../../H-x86_64-mingw32/nios2-elf/lib\libc.a(lib_a-exit.o)
 .bss           0x0000000004006a80        0x0 e:/intelfpga_lite/16.1/nios2eds/bin/gnu/h-x86_64-mingw32/bin/../lib/gcc/nios2-elf/5.3.0/../../../../../H-x86_64-mingw32/nios2-elf/lib\libc.a(lib_a-getc.o)
 .bss           0x0000000004006a80        0x0 e:/intelfpga_lite/16.1/nios2eds/bin/gnu/h-x86_64-mingw32/bin/../lib/gcc/nios2-elf/5.3.0/../../../../../H-x86_64-mingw32/nios2-elf/lib\libc.a(lib_a-impure.o)
 .bss           0x0000000004006a80        0x0 e:/intelfpga_lite/16.1/nios2eds/bin/gnu/h-x86_64-mingw32/bin/../lib/gcc/nios2-elf/5.3.0/../../../../../H-x86_64-mingw32/nios2-elf/lib\libc.a(lib_a-int_errno.o)
 .bss           0x0000000004006a80        0x0 e:/intelfpga_lite/16.1/nios2eds/bin/gnu/h-x86_64-mingw32/bin/../lib/gcc/nios2-elf/5.3.0/../../../../../H-x86_64-mingw32/nios2-elf/lib\libc.a(lib_a-memcmp.o)
 .bss           0x0000000004006a80        0x0 e:/intelfpga_lite/16.1/nios2eds/bin/gnu/h-x86_64-mingw32/bin/../lib/gcc/nios2-elf/5.3.0/../../../../../H-x86_64-mingw32/nios2-elf/lib\libc.a(lib_a-memcpy.o)
 .bss           0x0000000004006a80        0x0 e:/intelfpga_lite/16.1/nios2eds/bin/gnu/h-x86_64-mingw32/bin/../lib/gcc/nios2-elf/5.3.0/../../../../../H-x86_64-mingw32/nios2-elf/lib\libc.a(lib_a-putc.o)
 .bss           0x0000000004006a80        0x0 e:/intelfpga_lite/16.1/nios2eds/bin/gnu/h-x86_64-mingw32/bin/../lib/gcc/nios2-elf/5.3.0/../../../../../H-x86_64-mingw32/nios2-elf/lib\libc.a(lib_a-rget.o)
 .bss           0x0000000004006a80        0x0 e:/intelfpga_lite/16.1/nios2eds/bin/gnu/h-x86_64-mingw32/bin/../lib/gcc/nios2-elf/5.3.0/../../../../../H-x86_64-mingw32/nios2-elf/lib\libc.a(lib_a-strlen.o)
 .bss           0x0000000004006a80        0x0 e:/intelfpga_lite/16.1/nios2eds/bin/gnu/h-x86_64-mingw32/bin/../lib/gcc/nios2-elf/5.3.0/../../../../../H-x86_64-mingw32/nios2-elf/lib\libc.a(lib_a-wbuf.o)
 .bss           0x0000000004006a80        0x0 e:/intelfpga_lite/16.1/nios2eds/bin/gnu/h-x86_64-mingw32/bin/../lib/gcc/nios2-elf/5.3.0/../../../../../H-x86_64-mingw32/nios2-elf/lib\libc.a(lib_a-wsetup.o)
 .bss           0x0000000004006a80        0x0 e:/intelfpga_lite/16.1/nios2eds/bin/gnu/h-x86_64-mingw32/bin/../lib/gcc/nios2-elf/5.3.0/../../../../../H-x86_64-mingw32/nios2-elf/lib\libc.a(lib_a-__call_atexit.o)
 .bss           0x0000000004006a80        0x0 e:/intelfpga_lite/16.1/nios2eds/bin/gnu/h-x86_64-mingw32/bin/../lib/gcc/nios2-elf/5.3.0/../../../../../H-x86_64-mingw32/nios2-elf/lib\libc.a(lib_a-fflush.o)
 .bss           0x0000000004006a80        0x0 e:/intelfpga_lite/16.1/nios2eds/bin/gnu/h-x86_64-mingw32/bin/../lib/gcc/nios2-elf/5.3.0/../../../../../H-x86_64-mingw32/nios2-elf/lib\libc.a(lib_a-findfp.o)
 .bss           0x0000000004006a80        0x0 e:/intelfpga_lite/16.1/nios2eds/bin/gnu/h-x86_64-mingw32/bin/../lib/gcc/nios2-elf/5.3.0/../../../../../H-x86_64-mingw32/nios2-elf/lib\libc.a(lib_a-freer.o)
 .bss           0x0000000004006a80        0x0 e:/intelfpga_lite/16.1/nios2eds/bin/gnu/h-x86_64-mingw32/bin/../lib/gcc/nios2-elf/5.3.0/../../../../../H-x86_64-mingw32/nios2-elf/lib\libc.a(lib_a-fwalk.o)
 .bss           0x0000000004006a80        0x0 e:/intelfpga_lite/16.1/nios2eds/bin/gnu/h-x86_64-mingw32/bin/../lib/gcc/nios2-elf/5.3.0/../../../../../H-x86_64-mingw32/nios2-elf/lib\libc.a(lib_a-makebuf.o)
 .bss           0x0000000004006a80        0x0 e:/intelfpga_lite/16.1/nios2eds/bin/gnu/h-x86_64-mingw32/bin/../lib/gcc/nios2-elf/5.3.0/../../../../../H-x86_64-mingw32/nios2-elf/lib\libc.a(lib_a-mallocr.o)
 .bss.__malloc_current_mallinfo
                0x0000000004006a80       0x28 e:/intelfpga_lite/16.1/nios2eds/bin/gnu/h-x86_64-mingw32/bin/../lib/gcc/nios2-elf/5.3.0/../../../../../H-x86_64-mingw32/nios2-elf/lib\libc.a(lib_a-mallocr.o)
                0x0000000004006a80                __malloc_current_mallinfo
 .bss           0x0000000004006aa8        0x0 e:/intelfpga_lite/16.1/nios2eds/bin/gnu/h-x86_64-mingw32/bin/../lib/gcc/nios2-elf/5.3.0/../../../../../H-x86_64-mingw32/nios2-elf/lib\libc.a(lib_a-memset.o)
 .bss           0x0000000004006aa8        0x0 e:/intelfpga_lite/16.1/nios2eds/bin/gnu/h-x86_64-mingw32/bin/../lib/gcc/nios2-elf/5.3.0/../../../../../H-x86_64-mingw32/nios2-elf/lib\libc.a(lib_a-refill.o)
 .bss           0x0000000004006aa8        0x0 e:/intelfpga_lite/16.1/nios2eds/bin/gnu/h-x86_64-mingw32/bin/../lib/gcc/nios2-elf/5.3.0/../../../../../H-x86_64-mingw32/nios2-elf/lib\libc.a(lib_a-sbrkr.o)
 .bss           0x0000000004006aa8        0x0 e:/intelfpga_lite/16.1/nios2eds/bin/gnu/h-x86_64-mingw32/bin/../lib/gcc/nios2-elf/5.3.0/../../../../../H-x86_64-mingw32/nios2-elf/lib\libc.a(lib_a-stdio.o)
 .bss           0x0000000004006aa8        0x0 e:/intelfpga_lite/16.1/nios2eds/bin/gnu/h-x86_64-mingw32/bin/../lib/gcc/nios2-elf/5.3.0/../../../../../H-x86_64-mingw32/nios2-elf/lib\libc.a(lib_a-writer.o)
 .bss           0x0000000004006aa8        0x0 e:/intelfpga_lite/16.1/nios2eds/bin/gnu/h-x86_64-mingw32/bin/../lib/gcc/nios2-elf/5.3.0/../../../../../H-x86_64-mingw32/nios2-elf/lib\libc.a(closer.o)
 .bss           0x0000000004006aa8        0x0 e:/intelfpga_lite/16.1/nios2eds/bin/gnu/h-x86_64-mingw32/bin/../lib/gcc/nios2-elf/5.3.0/../../../../../H-x86_64-mingw32/nios2-elf/lib\libc.a(lib_a-fclose.o)
 .bss           0x0000000004006aa8        0x0 e:/intelfpga_lite/16.1/nios2eds/bin/gnu/h-x86_64-mingw32/bin/../lib/gcc/nios2-elf/5.3.0/../../../../../H-x86_64-mingw32/nios2-elf/lib\libc.a(lib_a-fstatr.o)
 .bss           0x0000000004006aa8        0x0 e:/intelfpga_lite/16.1/nios2eds/bin/gnu/h-x86_64-mingw32/bin/../lib/gcc/nios2-elf/5.3.0/../../../../../H-x86_64-mingw32/nios2-elf/lib\libc.a(lib_a-isattyr.o)
 .bss           0x0000000004006aa8        0x0 e:/intelfpga_lite/16.1/nios2eds/bin/gnu/h-x86_64-mingw32/bin/../lib/gcc/nios2-elf/5.3.0/../../../../../H-x86_64-mingw32/nios2-elf/lib\libc.a(lib_a-lseekr.o)
 .bss           0x0000000004006aa8        0x0 e:/intelfpga_lite/16.1/nios2eds/bin/gnu/h-x86_64-mingw32/bin/../lib/gcc/nios2-elf/5.3.0/../../../../../H-x86_64-mingw32/nios2-elf/lib\libc.a(lib_a-readr.o)
 .bss           0x0000000004006aa8        0x0 ../Embed_System_bsp/\libhal_bsp.a(alt_exit.o)
 .bss           0x0000000004006aa8        0x0 ../Embed_System_bsp/\libhal_bsp.a(alt_fstat.o)
 .bss           0x0000000004006aa8        0x0 ../Embed_System_bsp/\libhal_bsp.a(alt_isatty.o)
 .bss           0x0000000004006aa8        0x0 ../Embed_System_bsp/\libhal_bsp.a(alt_lseek.o)
 .bss           0x0000000004006aa8        0x0 ../Embed_System_bsp/\libhal_bsp.a(alt_malloc_lock.o)
 .bss           0x0000000004006aa8        0x0 ../Embed_System_bsp/\libhal_bsp.a(alt_read.o)
 .bss           0x0000000004006aa8        0x0 ../Embed_System_bsp/\libhal_bsp.a(alt_sbrk.o)
 .bss           0x0000000004006aa8        0x0 ../Embed_System_bsp/\libhal_bsp.a(alt_write.o)
 *(COMMON)
 COMMON         0x0000000004006aa8       0x60 obj/default/src/alarm_util.o
                0x0000000004006aa8                ALARM_100MS
                0x0000000004006ac0                ALARM_1MS
                0x0000000004006ad8                ALARM_250MS
                0x0000000004006af0                ALARM_10MS
 COMMON         0x0000000004006b08      0x100 ../Embed_System_bsp/\libhal_bsp.a(alt_irq_handler.o)
                0x0000000004006b08                alt_irq
                0x0000000004006c08                . = ALIGN (0x4)
                0x0000000004006c08                __bss_end = ABSOLUTE (.)

.sdram          0x0000000004006c08        0x0
                [!provide]                        PROVIDE (_alt_partition_sdram_start, ABSOLUTE (.))
 *(.sdram .sdram. sdram.*)
                0x0000000004006c08                . = ALIGN (0x4)
                [!provide]                        PROVIDE (_alt_partition_sdram_end, ABSOLUTE (.))
                0x0000000004006c08                _end = ABSOLUTE (.)
                0x0000000004006c08                end = ABSOLUTE (.)
                [!provide]                        PROVIDE (_alt_partition_sdram_load_addr, LOADADDR (.sdram))

.onchip_flash_0_data
                0x0000000009200000        0x0 load address 0x0000000004006c08
                [!provide]                        PROVIDE (_alt_partition_onchip_flash_0_data_start, ABSOLUTE (.))
 *(.onchip_flash_0_data .onchip_flash_0_data. onchip_flash_0_data.*)
                0x0000000009200000                . = ALIGN (0x4)
                [!provide]                        PROVIDE (_alt_partition_onchip_flash_0_data_end, ABSOLUTE (.))
                [!provide]                        PROVIDE (_alt_partition_onchip_flash_0_data_load_addr, LOADADDR (.onchip_flash_0_data))

.onchip_ram     0x000000000940418c        0x0 load address 0x0000000004006c08
                [!provide]                        PROVIDE (_alt_partition_onchip_ram_start, ABSOLUTE (.))
 *(.onchip_ram .onchip_ram. onchip_ram.*)
                0x000000000940418c                . = ALIGN (0x4)
                [!provide]                        PROVIDE (_alt_partition_onchip_ram_end, ABSOLUTE (.))
                0x000000000940418c                __alt_stack_base = ABSOLUTE (.)
                [!provide]                        PROVIDE (_alt_partition_onchip_ram_load_addr, LOADADDR (.onchip_ram))

.stab
 *(.stab)

.stabstr
 *(.stabstr)

.stab.excl
 *(.stab.excl)

.stab.exclstr
 *(.stab.exclstr)

.stab.index
 *(.stab.index)

.stab.indexstr
 *(.stab.indexstr)

.comment        0x0000000000000000       0x23
 *(.comment)
 .comment       0x0000000000000000       0x23 obj/default/main.o
                                         0x24 (size before relaxing)
 .comment       0x0000000000000023       0x24 obj/default/src/alarm_util.o
 .comment       0x0000000000000023       0x24 obj/default/src/delay_wait.o
 .comment       0x0000000000000023       0x24 obj/default/src/error_loop.o
 .comment       0x0000000000000023       0x24 obj/default/src/jtag_uart_util.o
 .comment       0x0000000000000023       0x24 obj/default/src/led_util.o
 .comment       0x0000000000000023       0x24 e:/intelfpga_lite/16.1/nios2eds/bin/gnu/h-x86_64-mingw32/bin/../lib/gcc/nios2-elf/5.3.0\libgcc.a(lib2-divmod.o)
 .comment       0x0000000000000023       0x24 ../Embed_System_bsp/\libhal_bsp.a(alt_alarm_start.o)
 .comment       0x0000000000000023       0x24 ../Embed_System_bsp/\libhal_bsp.a(alt_getchar.o)
 .comment       0x0000000000000023       0x24 ../Embed_System_bsp/\libhal_bsp.a(alt_load.o)
 .comment       0x0000000000000023       0x24 ../Embed_System_bsp/\libhal_bsp.a(alt_main.o)
 .comment       0x0000000000000023       0x24 ../Embed_System_bsp/\libhal_bsp.a(alt_printf.o)
 .comment       0x0000000000000023       0x24 ../Embed_System_bsp/\libhal_bsp.a(alt_putchar.o)
 .comment       0x0000000000000023       0x24 ../Embed_System_bsp/\libhal_bsp.a(alt_tick.o)
 .comment       0x0000000000000023       0x24 ../Embed_System_bsp/\libhal_bsp.a(alt_sys_init.o)
 .comment       0x0000000000000023       0x24 ../Embed_System_bsp/\libhal_bsp.a(altera_avalon_jtag_uart_fd.o)
 .comment       0x0000000000000023       0x24 ../Embed_System_bsp/\libhal_bsp.a(altera_avalon_jtag_uart_read.o)
 .comment       0x0000000000000023       0x24 ../Embed_System_bsp/\libhal_bsp.a(altera_avalon_jtag_uart_write.o)
 .comment       0x0000000000000023       0x24 ../Embed_System_bsp/\libhal_bsp.a(altera_avalon_timer_sc.o)
 .comment       0x0000000000000023       0x24 ../Embed_System_bsp/\libhal_bsp.a(altera_modular_adc.o)
 .comment       0x0000000000000023       0x24 ../Embed_System_bsp/\libhal_bsp.a(altera_onchip_flash.o)
 .comment       0x0000000000000023       0x24 ../Embed_System_bsp/\libhal_bsp.a(alt_busy_sleep.o)
 .comment       0x0000000000000023       0x24 ../Embed_System_bsp/\libhal_bsp.a(alt_close.o)
 .comment       0x0000000000000023       0x24 ../Embed_System_bsp/\libhal_bsp.a(alt_dcache_flush.o)
 .comment       0x0000000000000023       0x24 ../Embed_System_bsp/\libhal_bsp.a(alt_dcache_flush_all.o)
 .comment       0x0000000000000023       0x24 ../Embed_System_bsp/\libhal_bsp.a(alt_dev.o)
 .comment       0x0000000000000023       0x24 ../Embed_System_bsp/\libhal_bsp.a(alt_dev_llist_insert.o)
 .comment       0x0000000000000023       0x24 ../Embed_System_bsp/\libhal_bsp.a(alt_errno.o)
 .comment       0x0000000000000023       0x24 ../Embed_System_bsp/\libhal_bsp.a(alt_find_dev.o)
 .comment       0x0000000000000023       0x24 ../Embed_System_bsp/\libhal_bsp.a(alt_flash_dev.o)
 .comment       0x0000000000000023       0x24 ../Embed_System_bsp/\libhal_bsp.a(alt_icache_flush_all.o)
 .comment       0x0000000000000023       0x24 ../Embed_System_bsp/\libhal_bsp.a(alt_iic.o)
 .comment       0x0000000000000023       0x24 ../Embed_System_bsp/\libhal_bsp.a(alt_iic_isr_register.o)
 .comment       0x0000000000000023       0x24 ../Embed_System_bsp/\libhal_bsp.a(alt_io_redirect.o)
 .comment       0x0000000000000023       0x24 ../Embed_System_bsp/\libhal_bsp.a(alt_irq_handler.o)
 .comment       0x0000000000000023       0x24 ../Embed_System_bsp/\libhal_bsp.a(alt_irq_vars.o)
 .comment       0x0000000000000023       0x24 ../Embed_System_bsp/\libhal_bsp.a(alt_open.o)
 .comment       0x0000000000000023       0x24 ../Embed_System_bsp/\libhal_bsp.a(alt_release_fd.o)
 .comment       0x0000000000000023       0x24 ../Embed_System_bsp/\libhal_bsp.a(altera_nios2_gen2_irq.o)
 .comment       0x0000000000000023       0x24 ../Embed_System_bsp/\libhal_bsp.a(alt_find_file.o)
 .comment       0x0000000000000023       0x24 ../Embed_System_bsp/\libhal_bsp.a(alt_get_fd.o)
 .comment       0x0000000000000023       0x24 ../Embed_System_bsp/\libhal_bsp.a(alt_icache_flush.o)
 .comment       0x0000000000000023       0x24 ../Embed_System_bsp/\libhal_bsp.a(alt_instruction_exception_entry.o)
 .comment       0x0000000000000023       0x24 e:/intelfpga_lite/16.1/nios2eds/bin/gnu/h-x86_64-mingw32/bin/../lib/gcc/nios2-elf/5.3.0/../../../../../H-x86_64-mingw32/nios2-elf/lib\libc.a(lib_a-exit.o)
 .comment       0x0000000000000023       0x24 e:/intelfpga_lite/16.1/nios2eds/bin/gnu/h-x86_64-mingw32/bin/../lib/gcc/nios2-elf/5.3.0/../../../../../H-x86_64-mingw32/nios2-elf/lib\libc.a(lib_a-getc.o)
 .comment       0x0000000000000023       0x24 e:/intelfpga_lite/16.1/nios2eds/bin/gnu/h-x86_64-mingw32/bin/../lib/gcc/nios2-elf/5.3.0/../../../../../H-x86_64-mingw32/nios2-elf/lib\libc.a(lib_a-impure.o)
 .comment       0x0000000000000023       0x24 e:/intelfpga_lite/16.1/nios2eds/bin/gnu/h-x86_64-mingw32/bin/../lib/gcc/nios2-elf/5.3.0/../../../../../H-x86_64-mingw32/nios2-elf/lib\libc.a(lib_a-int_errno.o)
 .comment       0x0000000000000023       0x24 e:/intelfpga_lite/16.1/nios2eds/bin/gnu/h-x86_64-mingw32/bin/../lib/gcc/nios2-elf/5.3.0/../../../../../H-x86_64-mingw32/nios2-elf/lib\libc.a(lib_a-memcmp.o)
 .comment       0x0000000000000023       0x24 e:/intelfpga_lite/16.1/nios2eds/bin/gnu/h-x86_64-mingw32/bin/../lib/gcc/nios2-elf/5.3.0/../../../../../H-x86_64-mingw32/nios2-elf/lib\libc.a(lib_a-memcpy.o)
 .comment       0x0000000000000023       0x24 e:/intelfpga_lite/16.1/nios2eds/bin/gnu/h-x86_64-mingw32/bin/../lib/gcc/nios2-elf/5.3.0/../../../../../H-x86_64-mingw32/nios2-elf/lib\libc.a(lib_a-putc.o)
 .comment       0x0000000000000023       0x24 e:/intelfpga_lite/16.1/nios2eds/bin/gnu/h-x86_64-mingw32/bin/../lib/gcc/nios2-elf/5.3.0/../../../../../H-x86_64-mingw32/nios2-elf/lib\libc.a(lib_a-rget.o)
 .comment       0x0000000000000023       0x24 e:/intelfpga_lite/16.1/nios2eds/bin/gnu/h-x86_64-mingw32/bin/../lib/gcc/nios2-elf/5.3.0/../../../../../H-x86_64-mingw32/nios2-elf/lib\libc.a(lib_a-strlen.o)
 .comment       0x0000000000000023       0x24 e:/intelfpga_lite/16.1/nios2eds/bin/gnu/h-x86_64-mingw32/bin/../lib/gcc/nios2-elf/5.3.0/../../../../../H-x86_64-mingw32/nios2-elf/lib\libc.a(lib_a-wbuf.o)
 .comment       0x0000000000000023       0x24 e:/intelfpga_lite/16.1/nios2eds/bin/gnu/h-x86_64-mingw32/bin/../lib/gcc/nios2-elf/5.3.0/../../../../../H-x86_64-mingw32/nios2-elf/lib\libc.a(lib_a-wsetup.o)
 .comment       0x0000000000000023       0x24 e:/intelfpga_lite/16.1/nios2eds/bin/gnu/h-x86_64-mingw32/bin/../lib/gcc/nios2-elf/5.3.0/../../../../../H-x86_64-mingw32/nios2-elf/lib\libc.a(lib_a-__call_atexit.o)
 .comment       0x0000000000000023       0x24 e:/intelfpga_lite/16.1/nios2eds/bin/gnu/h-x86_64-mingw32/bin/../lib/gcc/nios2-elf/5.3.0/../../../../../H-x86_64-mingw32/nios2-elf/lib\libc.a(lib_a-fflush.o)
 .comment       0x0000000000000023       0x24 e:/intelfpga_lite/16.1/nios2eds/bin/gnu/h-x86_64-mingw32/bin/../lib/gcc/nios2-elf/5.3.0/../../../../../H-x86_64-mingw32/nios2-elf/lib\libc.a(lib_a-findfp.o)
 .comment       0x0000000000000023       0x24 e:/intelfpga_lite/16.1/nios2eds/bin/gnu/h-x86_64-mingw32/bin/../lib/gcc/nios2-elf/5.3.0/../../../../../H-x86_64-mingw32/nios2-elf/lib\libc.a(lib_a-freer.o)
 .comment       0x0000000000000023       0x24 e:/intelfpga_lite/16.1/nios2eds/bin/gnu/h-x86_64-mingw32/bin/../lib/gcc/nios2-elf/5.3.0/../../../../../H-x86_64-mingw32/nios2-elf/lib\libc.a(lib_a-fwalk.o)
 .comment       0x0000000000000023       0x24 e:/intelfpga_lite/16.1/nios2eds/bin/gnu/h-x86_64-mingw32/bin/../lib/gcc/nios2-elf/5.3.0/../../../../../H-x86_64-mingw32/nios2-elf/lib\libc.a(lib_a-makebuf.o)
 .comment       0x0000000000000023       0x24 e:/intelfpga_lite/16.1/nios2eds/bin/gnu/h-x86_64-mingw32/bin/../lib/gcc/nios2-elf/5.3.0/../../../../../H-x86_64-mingw32/nios2-elf/lib\libc.a(lib_a-mallocr.o)
 .comment       0x0000000000000023       0x24 e:/intelfpga_lite/16.1/nios2eds/bin/gnu/h-x86_64-mingw32/bin/../lib/gcc/nios2-elf/5.3.0/../../../../../H-x86_64-mingw32/nios2-elf/lib\libc.a(lib_a-memset.o)
 .comment       0x0000000000000023       0x24 e:/intelfpga_lite/16.1/nios2eds/bin/gnu/h-x86_64-mingw32/bin/../lib/gcc/nios2-elf/5.3.0/../../../../../H-x86_64-mingw32/nios2-elf/lib\libc.a(lib_a-refill.o)
 .comment       0x0000000000000023       0x24 e:/intelfpga_lite/16.1/nios2eds/bin/gnu/h-x86_64-mingw32/bin/../lib/gcc/nios2-elf/5.3.0/../../../../../H-x86_64-mingw32/nios2-elf/lib\libc.a(lib_a-sbrkr.o)
 .comment       0x0000000000000023       0x24 e:/intelfpga_lite/16.1/nios2eds/bin/gnu/h-x86_64-mingw32/bin/../lib/gcc/nios2-elf/5.3.0/../../../../../H-x86_64-mingw32/nios2-elf/lib\libc.a(lib_a-stdio.o)
 .comment       0x0000000000000023       0x24 e:/intelfpga_lite/16.1/nios2eds/bin/gnu/h-x86_64-mingw32/bin/../lib/gcc/nios2-elf/5.3.0/../../../../../H-x86_64-mingw32/nios2-elf/lib\libc.a(lib_a-writer.o)
 .comment       0x0000000000000023       0x24 e:/intelfpga_lite/16.1/nios2eds/bin/gnu/h-x86_64-mingw32/bin/../lib/gcc/nios2-elf/5.3.0/../../../../../H-x86_64-mingw32/nios2-elf/lib\libc.a(closer.o)
 .comment       0x0000000000000023       0x24 e:/intelfpga_lite/16.1/nios2eds/bin/gnu/h-x86_64-mingw32/bin/../lib/gcc/nios2-elf/5.3.0/../../../../../H-x86_64-mingw32/nios2-elf/lib\libc.a(lib_a-fclose.o)
 .comment       0x0000000000000023       0x24 e:/intelfpga_lite/16.1/nios2eds/bin/gnu/h-x86_64-mingw32/bin/../lib/gcc/nios2-elf/5.3.0/../../../../../H-x86_64-mingw32/nios2-elf/lib\libc.a(lib_a-fstatr.o)
 .comment       0x0000000000000023       0x24 e:/intelfpga_lite/16.1/nios2eds/bin/gnu/h-x86_64-mingw32/bin/../lib/gcc/nios2-elf/5.3.0/../../../../../H-x86_64-mingw32/nios2-elf/lib\libc.a(lib_a-isattyr.o)
 .comment       0x0000000000000023       0x24 e:/intelfpga_lite/16.1/nios2eds/bin/gnu/h-x86_64-mingw32/bin/../lib/gcc/nios2-elf/5.3.0/../../../../../H-x86_64-mingw32/nios2-elf/lib\libc.a(lib_a-lseekr.o)
 .comment       0x0000000000000023       0x24 e:/intelfpga_lite/16.1/nios2eds/bin/gnu/h-x86_64-mingw32/bin/../lib/gcc/nios2-elf/5.3.0/../../../../../H-x86_64-mingw32/nios2-elf/lib\libc.a(lib_a-readr.o)
 .comment       0x0000000000000023       0x24 ../Embed_System_bsp/\libhal_bsp.a(alt_exit.o)
 .comment       0x0000000000000023       0x24 ../Embed_System_bsp/\libhal_bsp.a(alt_fstat.o)
 .comment       0x0000000000000023       0x24 ../Embed_System_bsp/\libhal_bsp.a(alt_isatty.o)
 .comment       0x0000000000000023       0x24 ../Embed_System_bsp/\libhal_bsp.a(alt_lseek.o)
 .comment       0x0000000000000023       0x24 ../Embed_System_bsp/\libhal_bsp.a(alt_malloc_lock.o)
 .comment       0x0000000000000023       0x24 ../Embed_System_bsp/\libhal_bsp.a(alt_read.o)
 .comment       0x0000000000000023       0x24 ../Embed_System_bsp/\libhal_bsp.a(alt_sbrk.o)
 .comment       0x0000000000000023       0x24 ../Embed_System_bsp/\libhal_bsp.a(alt_write.o)

.debug
 *(.debug)

.line
 *(.line)

.debug_srcinfo
 *(.debug_srcinfo)

.debug_sfnames
 *(.debug_sfnames)

.debug_aranges  0x0000000000000000      0xb30
 *(.debug_aranges)
 .debug_aranges
                0x0000000000000000       0x28 ../Embed_System_bsp//obj/HAL/src/crt0.o
 .debug_aranges
                0x0000000000000028       0x20 obj/default/main.o
 .debug_aranges
                0x0000000000000048       0x20 obj/default/src/alarm_util.o
 .debug_aranges
                0x0000000000000068       0x20 obj/default/src/delay_wait.o
 .debug_aranges
                0x0000000000000088       0x20 obj/default/src/error_loop.o
 .debug_aranges
                0x00000000000000a8       0x20 obj/default/src/jtag_uart_util.o
 .debug_aranges
                0x00000000000000c8       0x20 obj/default/src/led_util.o
 .debug_aranges
                0x00000000000000e8       0x20 e:/intelfpga_lite/16.1/nios2eds/bin/gnu/h-x86_64-mingw32/bin/../lib/gcc/nios2-elf/5.3.0\libgcc.a(lib2-divmod.o)
 .debug_aranges
                0x0000000000000108       0x20 ../Embed_System_bsp/\libhal_bsp.a(alt_alarm_start.o)
 .debug_aranges
                0x0000000000000128       0x20 ../Embed_System_bsp/\libhal_bsp.a(alt_getchar.o)
 .debug_aranges
                0x0000000000000148       0x20 ../Embed_System_bsp/\libhal_bsp.a(alt_load.o)
 .debug_aranges
                0x0000000000000168       0x20 ../Embed_System_bsp/\libhal_bsp.a(alt_main.o)
 .debug_aranges
                0x0000000000000188       0x20 ../Embed_System_bsp/\libhal_bsp.a(alt_printf.o)
 .debug_aranges
                0x00000000000001a8       0x20 ../Embed_System_bsp/\libhal_bsp.a(alt_putchar.o)
 .debug_aranges
                0x00000000000001c8       0x20 ../Embed_System_bsp/\libhal_bsp.a(alt_tick.o)
 .debug_aranges
                0x00000000000001e8       0x20 ../Embed_System_bsp/\libhal_bsp.a(alt_sys_init.o)
 .debug_aranges
                0x0000000000000208       0x20 ../Embed_System_bsp/\libhal_bsp.a(altera_avalon_jtag_uart_fd.o)
 .debug_aranges
                0x0000000000000228       0x20 ../Embed_System_bsp/\libhal_bsp.a(altera_avalon_jtag_uart_read.o)
 .debug_aranges
                0x0000000000000248       0x20 ../Embed_System_bsp/\libhal_bsp.a(altera_avalon_jtag_uart_write.o)
 .debug_aranges
                0x0000000000000268       0x20 ../Embed_System_bsp/\libhal_bsp.a(altera_avalon_timer_sc.o)
 .debug_aranges
                0x0000000000000288       0x20 ../Embed_System_bsp/\libhal_bsp.a(altera_modular_adc.o)
 .debug_aranges
                0x00000000000002a8       0x20 ../Embed_System_bsp/\libhal_bsp.a(altera_onchip_flash.o)
 .debug_aranges
                0x00000000000002c8       0x20 ../Embed_System_bsp/\libhal_bsp.a(alt_busy_sleep.o)
 .debug_aranges
                0x00000000000002e8       0x20 ../Embed_System_bsp/\libhal_bsp.a(alt_close.o)
 .debug_aranges
                0x0000000000000308       0x20 ../Embed_System_bsp/\libhal_bsp.a(alt_dcache_flush.o)
 .debug_aranges
                0x0000000000000328       0x20 ../Embed_System_bsp/\libhal_bsp.a(alt_dcache_flush_all.o)
 .debug_aranges
                0x0000000000000348       0x20 ../Embed_System_bsp/\libhal_bsp.a(alt_dev.o)
 .debug_aranges
                0x0000000000000368       0x20 ../Embed_System_bsp/\libhal_bsp.a(alt_dev_llist_insert.o)
 .debug_aranges
                0x0000000000000388       0x18 ../Embed_System_bsp/\libhal_bsp.a(alt_errno.o)
 .debug_aranges
                0x00000000000003a0       0x20 ../Embed_System_bsp/\libhal_bsp.a(alt_find_dev.o)
 .debug_aranges
                0x00000000000003c0       0x20 ../Embed_System_bsp/\libhal_bsp.a(alt_flash_dev.o)
 .debug_aranges
                0x00000000000003e0       0x20 ../Embed_System_bsp/\libhal_bsp.a(alt_icache_flush_all.o)
 .debug_aranges
                0x0000000000000400       0x20 ../Embed_System_bsp/\libhal_bsp.a(alt_iic.o)
 .debug_aranges
                0x0000000000000420       0x20 ../Embed_System_bsp/\libhal_bsp.a(alt_iic_isr_register.o)
 .debug_aranges
                0x0000000000000440       0x20 ../Embed_System_bsp/\libhal_bsp.a(alt_io_redirect.o)
 .debug_aranges
                0x0000000000000460       0x30 ../Embed_System_bsp/\libhal_bsp.a(alt_irq_entry.o)
 .debug_aranges
                0x0000000000000490       0x20 ../Embed_System_bsp/\libhal_bsp.a(alt_irq_handler.o)
 .debug_aranges
                0x00000000000004b0       0x18 ../Embed_System_bsp/\libhal_bsp.a(alt_irq_vars.o)
 .debug_aranges
                0x00000000000004c8       0x20 ../Embed_System_bsp/\libhal_bsp.a(alt_open.o)
 .debug_aranges
                0x00000000000004e8       0x20 ../Embed_System_bsp/\libhal_bsp.a(alt_release_fd.o)
 .debug_aranges
                0x0000000000000508       0x20 ../Embed_System_bsp/\libhal_bsp.a(altera_nios2_gen2_irq.o)
 .debug_aranges
                0x0000000000000528       0x38 ../Embed_System_bsp/\libhal_bsp.a(alt_exception_entry.o)
 .debug_aranges
                0x0000000000000560       0x20 ../Embed_System_bsp/\libhal_bsp.a(alt_find_file.o)
 .debug_aranges
                0x0000000000000580       0x20 ../Embed_System_bsp/\libhal_bsp.a(alt_get_fd.o)
 .debug_aranges
                0x00000000000005a0       0x20 ../Embed_System_bsp/\libhal_bsp.a(alt_icache_flush.o)
 .debug_aranges
                0x00000000000005c0       0x28 ../Embed_System_bsp/\libhal_bsp.a(alt_instruction_exception_entry.o)
 .debug_aranges
                0x00000000000005e8       0x20 e:/intelfpga_lite/16.1/nios2eds/bin/gnu/h-x86_64-mingw32/bin/../lib/gcc/nios2-elf/5.3.0/../../../../../H-x86_64-mingw32/nios2-elf/lib\libc.a(lib_a-exit.o)
 .debug_aranges
                0x0000000000000608       0x28 e:/intelfpga_lite/16.1/nios2eds/bin/gnu/h-x86_64-mingw32/bin/../lib/gcc/nios2-elf/5.3.0/../../../../../H-x86_64-mingw32/nios2-elf/lib\libc.a(lib_a-getc.o)
 .debug_aranges
                0x0000000000000630       0x18 e:/intelfpga_lite/16.1/nios2eds/bin/gnu/h-x86_64-mingw32/bin/../lib/gcc/nios2-elf/5.3.0/../../../../../H-x86_64-mingw32/nios2-elf/lib\libc.a(lib_a-impure.o)
 .debug_aranges
                0x0000000000000648       0x18 e:/intelfpga_lite/16.1/nios2eds/bin/gnu/h-x86_64-mingw32/bin/../lib/gcc/nios2-elf/5.3.0/../../../../../H-x86_64-mingw32/nios2-elf/lib\libc.a(lib_a-int_errno.o)
 .debug_aranges
                0x0000000000000660       0x20 e:/intelfpga_lite/16.1/nios2eds/bin/gnu/h-x86_64-mingw32/bin/../lib/gcc/nios2-elf/5.3.0/../../../../../H-x86_64-mingw32/nios2-elf/lib\libc.a(lib_a-memcmp.o)
 .debug_aranges
                0x0000000000000680       0x20 e:/intelfpga_lite/16.1/nios2eds/bin/gnu/h-x86_64-mingw32/bin/../lib/gcc/nios2-elf/5.3.0/../../../../../H-x86_64-mingw32/nios2-elf/lib\libc.a(lib_a-memcpy.o)
 .debug_aranges
                0x00000000000006a0       0x28 e:/intelfpga_lite/16.1/nios2eds/bin/gnu/h-x86_64-mingw32/bin/../lib/gcc/nios2-elf/5.3.0/../../../../../H-x86_64-mingw32/nios2-elf/lib\libc.a(lib_a-putc.o)
 .debug_aranges
                0x00000000000006c8       0x28 e:/intelfpga_lite/16.1/nios2eds/bin/gnu/h-x86_64-mingw32/bin/../lib/gcc/nios2-elf/5.3.0/../../../../../H-x86_64-mingw32/nios2-elf/lib\libc.a(lib_a-rget.o)
 .debug_aranges
                0x00000000000006f0       0x20 e:/intelfpga_lite/16.1/nios2eds/bin/gnu/h-x86_64-mingw32/bin/../lib/gcc/nios2-elf/5.3.0/../../../../../H-x86_64-mingw32/nios2-elf/lib\libc.a(lib_a-strlen.o)
 .debug_aranges
                0x0000000000000710       0x28 e:/intelfpga_lite/16.1/nios2eds/bin/gnu/h-x86_64-mingw32/bin/../lib/gcc/nios2-elf/5.3.0/../../../../../H-x86_64-mingw32/nios2-elf/lib\libc.a(lib_a-wbuf.o)
 .debug_aranges
                0x0000000000000738       0x20 e:/intelfpga_lite/16.1/nios2eds/bin/gnu/h-x86_64-mingw32/bin/../lib/gcc/nios2-elf/5.3.0/../../../../../H-x86_64-mingw32/nios2-elf/lib\libc.a(lib_a-wsetup.o)
 .debug_aranges
                0x0000000000000758       0x20 e:/intelfpga_lite/16.1/nios2eds/bin/gnu/h-x86_64-mingw32/bin/../lib/gcc/nios2-elf/5.3.0/../../../../../H-x86_64-mingw32/nios2-elf/lib\libc.a(lib_a-__call_atexit.o)
 .debug_aranges
                0x0000000000000778       0x30 e:/intelfpga_lite/16.1/nios2eds/bin/gnu/h-x86_64-mingw32/bin/../lib/gcc/nios2-elf/5.3.0/../../../../../H-x86_64-mingw32/nios2-elf/lib\libc.a(lib_a-fflush.o)
 .debug_aranges
                0x00000000000007a8       0x68 e:/intelfpga_lite/16.1/nios2eds/bin/gnu/h-x86_64-mingw32/bin/../lib/gcc/nios2-elf/5.3.0/../../../../../H-x86_64-mingw32/nios2-elf/lib\libc.a(lib_a-findfp.o)
 .debug_aranges
                0x0000000000000810       0x28 e:/intelfpga_lite/16.1/nios2eds/bin/gnu/h-x86_64-mingw32/bin/../lib/gcc/nios2-elf/5.3.0/../../../../../H-x86_64-mingw32/nios2-elf/lib\libc.a(lib_a-freer.o)
 .debug_aranges
                0x0000000000000838       0x28 e:/intelfpga_lite/16.1/nios2eds/bin/gnu/h-x86_64-mingw32/bin/../lib/gcc/nios2-elf/5.3.0/../../../../../H-x86_64-mingw32/nios2-elf/lib\libc.a(lib_a-fwalk.o)
 .debug_aranges
                0x0000000000000860       0x20 e:/intelfpga_lite/16.1/nios2eds/bin/gnu/h-x86_64-mingw32/bin/../lib/gcc/nios2-elf/5.3.0/../../../../../H-x86_64-mingw32/nios2-elf/lib\libc.a(lib_a-makebuf.o)
 .debug_aranges
                0x0000000000000880       0x20 e:/intelfpga_lite/16.1/nios2eds/bin/gnu/h-x86_64-mingw32/bin/../lib/gcc/nios2-elf/5.3.0/../../../../../H-x86_64-mingw32/nios2-elf/lib\libc.a(lib_a-mallocr.o)
 .debug_aranges
                0x00000000000008a0       0x20 e:/intelfpga_lite/16.1/nios2eds/bin/gnu/h-x86_64-mingw32/bin/../lib/gcc/nios2-elf/5.3.0/../../../../../H-x86_64-mingw32/nios2-elf/lib\libc.a(lib_a-memset.o)
 .debug_aranges