Archive member included because of file (symbol)

E:\repos\ECEN5863_projects\POT_Uart\Voltage_Monitor\Voltage_Monitor\SoftConsole\Voltage_Monitor_MSS_MSS_CM3_0\Voltage_Monitor_MSS_MSS_CM3_0_hw_platform\Debug\libVoltage_Monitor_MSS_MSS_CM3_0_hw_platform.a(mss_uart.o)
                              ./main.o (g_mss_uart0)
E:\repos\ECEN5863_projects\POT_Uart\Voltage_Monitor\Voltage_Monitor\SoftConsole\Voltage_Monitor_MSS_MSS_CM3_0\Voltage_Monitor_MSS_MSS_CM3_0_hw_platform\Debug\libVoltage_Monitor_MSS_MSS_CM3_0_hw_platform.a(mss_gpio.o)
                              ./main.o (MSS_GPIO_init)
E:\repos\ECEN5863_projects\POT_Uart\Voltage_Monitor\Voltage_Monitor\SoftConsole\Voltage_Monitor_MSS_MSS_CM3_0\Voltage_Monitor_MSS_MSS_CM3_0_hw_platform\Debug\libVoltage_Monitor_MSS_MSS_CM3_0_hw_platform.a(ace_convert.o)
                              ./main.o (ACE_convert_to_mV)
E:\repos\ECEN5863_projects\POT_Uart\Voltage_Monitor\Voltage_Monitor\SoftConsole\Voltage_Monitor_MSS_MSS_CM3_0\Voltage_Monitor_MSS_MSS_CM3_0_hw_platform\Debug\libVoltage_Monitor_MSS_MSS_CM3_0_hw_platform.a(ace_flags.o)
                              ./main.o (ACE_get_flag_status)
E:\repos\ECEN5863_projects\POT_Uart\Voltage_Monitor\Voltage_Monitor\SoftConsole\Voltage_Monitor_MSS_MSS_CM3_0\Voltage_Monitor_MSS_MSS_CM3_0_hw_platform\Debug\libVoltage_Monitor_MSS_MSS_CM3_0_hw_platform.a(mss_ace.o)
                              ./main.o (ACE_init)
E:\repos\ECEN5863_projects\POT_Uart\Voltage_Monitor\Voltage_Monitor\SoftConsole\Voltage_Monitor_MSS_MSS_CM3_0\Voltage_Monitor_MSS_MSS_CM3_0_hw_platform\Debug\libVoltage_Monitor_MSS_MSS_CM3_0_hw_platform.a(system_a2fxxxm3.o)
                              E:\repos\ECEN5863_projects\POT_Uart\Voltage_Monitor\Voltage_Monitor\SoftConsole\Voltage_Monitor_MSS_MSS_CM3_0\Voltage_Monitor_MSS_MSS_CM3_0_hw_platform\Debug\libVoltage_Monitor_MSS_MSS_CM3_0_hw_platform.a(mss_uart.o) (g_FrequencyPCLK0)
E:\repos\ECEN5863_projects\POT_Uart\Voltage_Monitor\Voltage_Monitor\SoftConsole\Voltage_Monitor_MSS_MSS_CM3_0\Voltage_Monitor_MSS_MSS_CM3_0_hw_platform\Debug\libVoltage_Monitor_MSS_MSS_CM3_0_hw_platform.a(ace_config.o)
                              E:\repos\ECEN5863_projects\POT_Uart\Voltage_Monitor\Voltage_Monitor\SoftConsole\Voltage_Monitor_MSS_MSS_CM3_0\Voltage_Monitor_MSS_MSS_CM3_0_hw_platform\Debug\libVoltage_Monitor_MSS_MSS_CM3_0_hw_platform.a(ace_convert.o) (g_ace_adc_config)
e:/program files (x86)/microsemi/softconsole v3.4/sourcery-g++/bin/../lib/gcc/arm-none-eabi/4.4.1/thumb2\libgcc.a(_arm_addsubdf3.o)
                              ./main.o (__aeabi_f2d)
e:/program files (x86)/microsemi/softconsole v3.4/sourcery-g++/bin/../lib/gcc/arm-none-eabi/4.4.1/thumb2\libgcc.a(_arm_addsubsf3.o)
                              ./main.o (__aeabi_i2f)
e:/program files (x86)/microsemi/softconsole v3.4/sourcery-g++/bin/../lib/gcc/arm-none-eabi/4.4.1/thumb2\libgcc.a(_arm_muldivsf3.o)
                              ./main.o (__aeabi_fdiv)
e:/program files (x86)/microsemi/softconsole v3.4/sourcery-g++/bin/../lib/gcc/arm-none-eabi/4.4.1/../../../../arm-none-eabi/lib/thumb2\libc.a(lib_a-errno.o)
                              E:/repos/ECEN5863_projects/POT_Uart/Voltage_Monitor/Voltage_Monitor/SoftConsole/Voltage_Monitor_MSS_MSS_CM3_0/Voltage_Monitor_MSS_MSS_CM3_0_hw_platform/Debug/CMSIS/startup_gcc/newlib_stubs.o (__errno)
e:/program files (x86)/microsemi/softconsole v3.4/sourcery-g++/bin/../lib/gcc/arm-none-eabi/4.4.1/../../../../arm-none-eabi/lib/thumb2\libc.a(lib_a-impure.o)
                              e:/program files (x86)/microsemi/softconsole v3.4/sourcery-g++/bin/../lib/gcc/arm-none-eabi/4.4.1/../../../../arm-none-eabi/lib/thumb2\libc.a(lib_a-errno.o) (_impure_ptr)
e:/program files (x86)/microsemi/softconsole v3.4/sourcery-g++/bin/../lib/gcc/arm-none-eabi/4.4.1/../../../../arm-none-eabi/lib/thumb2\libc.a(lib_a-init.o)
                              E:/repos/ECEN5863_projects/POT_Uart/Voltage_Monitor/Voltage_Monitor/SoftConsole/Voltage_Monitor_MSS_MSS_CM3_0/Voltage_Monitor_MSS_MSS_CM3_0_hw_platform/Debug/CMSIS/startup_gcc/startup_a2fxxxm3.o (__libc_init_array)
e:/program files (x86)/microsemi/softconsole v3.4/sourcery-g++/bin/../lib/gcc/arm-none-eabi/4.4.1/../../../../arm-none-eabi/lib/thumb2\libc.a(lib_a-memcpy.o)
                              ./main.o (memcpy)
e:/program files (x86)/microsemi/softconsole v3.4/sourcery-g++/bin/../lib/gcc/arm-none-eabi/4.4.1/../../../../arm-none-eabi/lib/thumb2\libc.a(lib_a-snprintf.o)
                              ./main.o (snprintf)
e:/program files (x86)/microsemi/softconsole v3.4/sourcery-g++/bin/../lib/gcc/arm-none-eabi/4.4.1/../../../../arm-none-eabi/lib/thumb2\libc.a(lib_a-strncmp.o)
                              E:\repos\ECEN5863_projects\POT_Uart\Voltage_Monitor\Voltage_Monitor\SoftConsole\Voltage_Monitor_MSS_MSS_CM3_0\Voltage_Monitor_MSS_MSS_CM3_0_hw_platform\Debug\libVoltage_Monitor_MSS_MSS_CM3_0_hw_platform.a(ace_flags.o) (strncmp)
[...]
Memory Configuration

Name             Origin             Length             Attributes
ram              0x20000000         0x00010000         xrw
*default*        0x00000000         0xffffffff

Linker script and memory map

LOAD e:/program files (x86)/microsemi/softconsole v3.4/sourcery-g++/bin/../lib/gcc/arm-none-eabi/4.4.1/thumb2/crti.o
LOAD e:/program files (x86)/microsemi/softconsole v3.4/sourcery-g++/bin/../lib/gcc/arm-none-eabi/4.4.1/thumb2/crtbegin.o
LOAD ./main.o
LOAD E:/repos/ECEN5863_projects/POT_Uart/Voltage_Monitor/Voltage_Monitor/SoftConsole/Voltage_Monitor_MSS_MSS_CM3_0/Voltage_Monitor_MSS_MSS_CM3_0_hw_platform/Debug/CMSIS/startup_gcc/startup_a2fxxxm3.o
LOAD E:/repos/ECEN5863_projects/POT_Uart/Voltage_Monitor/Voltage_Monitor/SoftConsole/Voltage_Monitor_MSS_MSS_CM3_0/Voltage_Monitor_MSS_MSS_CM3_0_hw_platform/Debug/CMSIS/startup_gcc/newlib_stubs.o
LOAD E:\repos\ECEN5863_projects\POT_Uart\Voltage_Monitor\Voltage_Monitor\SoftConsole\Voltage_Monitor_MSS_MSS_CM3_0\Voltage_Monitor_MSS_MSS_CM3_0_hw_platform\Debug\libVoltage_Monitor_MSS_MSS_CM3_0_hw_platform.a
START GROUP
LOAD e:/program files (x86)/microsemi/softconsole v3.4/sourcery-g++/bin/../lib/gcc/arm-none-eabi/4.4.1/thumb2\libgcc.a
LOAD e:/program files (x86)/microsemi/softconsole v3.4/sourcery-g++/bin/../lib/gcc/arm-none-eabi/4.4.1/../../../../arm-none-eabi/lib/thumb2\libc.a
END GROUP
LOAD e:/program files (x86)/microsemi/softconsole v3.4/sourcery-g++/bin/../lib/gcc/arm-none-eabi/4.4.1/thumb2/crtend.o
LOAD e:/program files (x86)/microsemi/softconsole v3.4/sourcery-g++/bin/../lib/gcc/arm-none-eabi/4.4.1/thumb2/crtn.o
START GROUP
LOAD e:/program files (x86)/microsemi/softconsole v3.4/sourcery-g++/bin/../lib/gcc/arm-none-eabi/4.4.1/../../../../arm-none-eabi/lib/thumb2\libc.a
LOAD e:/program files (x86)/microsemi/softconsole v3.4/sourcery-g++/bin/../lib/gcc/arm-none-eabi/4.4.1/thumb2\libgcc.a
LOAD e:/program files (x86)/microsemi/softconsole v3.4/sourcery-g++/bin/../lib/gcc/arm-none-eabi/4.4.1/../../../../arm-none-eabi/lib/thumb2\libm.a
END GROUP
                0x00000000                __DYNAMIC = 0x0
                0x20000000                RAM_START_ADDRESS = 0x20000000
                0x00010000                RAM_SIZE = 0x10000
                0x00002000                MAIN_STACK_SIZE = 0x2000
                0x00001000                PROCESS_STACK_SIZE = 0x1000
                0x20010000                PROVIDE (__main_stack_start, (RAM_START_ADDRESS + RAM_SIZE))
                0x2000e000                PROVIDE (__process_stack_start, (__main_stack_start - MAIN_STACK_SIZE))
                0x20010000                PROVIDE (_estack, __main_stack_start)
                0x00000000                PROVIDE (__mirrored_nvm, 0x0)

.text           0x20000000     0x7d10
 CREATE_OBJECT_SYMBOLS
                0x20000000                __text_load = LOADADDR (.text)
                0x20000000                __text_start = .
                0x20000000                __vector_table_vma_base_address = .
 *(.isr_vector)
 .isr_vector    0x20000000      0x470 E:/repos/ECEN5863_projects/POT_Uart/Voltage_Monitor/Voltage_Monitor/SoftConsole/Voltage_Monitor_MSS_MSS_CM3_0/Voltage_Monitor_MSS_MSS_CM3_0_hw_platform/Debug/CMSIS/startup_gcc/startup_a2fxxxm3.o
                0x20000000                g_pfnVectors
                0x20000298                Reset_Handler
                0x20000308                NMI_Handler
                0x2000030a                HardFault_Handler
                0x2000030c                MemManage_Handler
                0x2000030e                BusFault_Handler
                0x20000310                UsageFault_Handler
                0x20000312                SVC_Handler
                0x20000314                DebugMon_Handler
                0x20000316                PendSV_Handler
                0x20000318                SysTick_Handler
                0x2000031a                WdogWakeup_IRQHandler
                0x2000031c                BrownOut_1_5V_IRQHandler
                0x2000031e                BrownOut_3_3V_IRQHandler
                0x20000320                RTC_Match_IRQHandler
                0x20000322                RTCIF_Pub_IRQHandler
                0x20000324                EthernetMAC_IRQHandler
                0x20000326                IAP_IRQHandler
                0x20000328                ENVM0_IRQHandler
                0x2000032a                ENVM1_IRQHandler
                0x2000032c                DMA_IRQHandler
                0x20000332                SPI0_IRQHandler
                0x20000334                SPI1_IRQHandler
                0x20000336                I2C0_IRQHandler
                0x20000338                I2C0_SMBAlert_IRQHandler
                0x2000033a                I2C0_SMBus_IRQHandler
                0x2000033c                I2C1_IRQHandler
                0x2000033e                I2C1_SMBAlert_IRQHandler
                0x20000340                I2C1_SMBus_IRQHandler
                0x20000342                Timer1_IRQHandler
                0x20000344                Timer2_IRQHandler
                0x20000346                PLL_Lock_IRQHandler
                0x20000348                PLL_LockLost_IRQHandler
                0x2000034a                CommError_IRQHandler
                0x2000034c                Fabric_IRQHandler
                0x2000034e                GPIO0_IRQHandler
                0x20000350                GPIO1_IRQHandler
                0x20000352                GPIO2_IRQHandler
                0x20000354                GPIO3_IRQHandler
                0x20000356                GPIO4_IRQHandler
                0x20000358                GPIO5_IRQHandler
                0x2000035a                GPIO6_IRQHandler
                0x2000035c                GPIO7_IRQHandler
                0x2000035e                GPIO8_IRQHandler
                0x20000360                GPIO9_IRQHandler
                0x20000362                GPIO10_IRQHandler
                0x20000364                GPIO11_IRQHandler
                0x20000366                GPIO12_IRQHandler
                0x20000368                GPIO13_IRQHandler
                0x2000036a                GPIO14_IRQHandler
                0x2000036c                GPIO15_IRQHandler
                0x2000036e                GPIO16_IRQHandler
                0x20000370                GPIO17_IRQHandler
                0x20000372                GPIO18_IRQHandler
                0x20000374                GPIO19_IRQHandler
                0x20000376                GPIO20_IRQHandler
                0x20000378                GPIO21_IRQHandler
                0x2000037a                GPIO22_IRQHandler
                0x2000037c                GPIO23_IRQHandler
                0x2000037e                GPIO24_IRQHandler
                0x20000380                GPIO25_IRQHandler
                0x20000382                GPIO26_IRQHandler
                0x20000384                GPIO27_IRQHandler
                0x20000386                GPIO28_IRQHandler
                0x20000388                GPIO29_IRQHandler
                0x2000038a                GPIO30_IRQHandler
                0x2000038c                GPIO31_IRQHandler
                0x2000038e                ACE_PC0_Flag0_IRQHandler
                0x20000390                ACE_PC0_Flag1_IRQHandler
                0x20000392                ACE_PC0_Flag2_IRQHandler
                0x20000394                ACE_PC0_Flag3_IRQHandler
                0x20000396                ACE_PC1_Flag0_IRQHandler
                0x20000398                ACE_PC1_Flag1_IRQHandler
                0x2000039a                ACE_PC1_Flag2_IRQHandler
                0x2000039c                ACE_PC1_Flag3_IRQHandler
                0x2000039e                ACE_PC2_Flag0_IRQHandler
                0x200003a0                ACE_PC2_Flag1_IRQHandler
                0x200003a2                ACE_PC2_Flag2_IRQHandler
                0x200003a4                ACE_PC2_Flag3_IRQHandler
                0x200003a6                ACE_ADC0_DataValid_IRQHandler
                0x200003a8                ACE_ADC1_DataValid_IRQHandler
                0x200003aa                ACE_ADC2_DataValid_IRQHandler
                0x200003ac                ACE_ADC0_CalDone_IRQHandler
                0x200003ae                ACE_ADC1_CalDone_IRQHandler
                0x200003b0                ACE_ADC2_CalDone_IRQHandler
                0x200003b2                ACE_ADC0_CalStart_IRQHandler
                0x200003b4                ACE_ADC1_CalStart_IRQHandler
                0x200003b6                ACE_ADC2_CalStart_IRQHandler
                0x200003b8                ACE_Comp0_Fall_IRQHandler
                0x200003ba                ACE_Comp1_Fall_IRQHandler
                0x200003bc                ACE_Comp2_Fall_IRQHandler
                0x200003be                ACE_Comp3_Fall_IRQHandler
                0x200003c0                ACE_Comp4_Fall_IRQHandler
                0x200003c2                ACE_Comp5_Fall_IRQHandler
                0x200003c4                ACE_Comp6_Fall_IRQHandler
                0x200003c6                ACE_Comp7_Fall_IRQHandler
                0x200003c8                ACE_Comp8_Fall_IRQHandler
                0x200003ca                ACE_Comp9_Fall_IRQHandler
                0x200003cc                ACE_Comp10_Fall_IRQHandler
                0x200003ce                ACE_Comp11_Fall_IRQHandler
                0x200003d0                ACE_Comp0_Rise_IRQHandler
                0x200003d2                ACE_Comp1_Rise_IRQHandler
                0x200003d4                ACE_Comp2_Rise_IRQHandler
                0x200003d6                ACE_Comp3_Rise_IRQHandler
                0x200003d8                ACE_Comp4_Rise_IRQHandler
                0x200003da                ACE_Comp5_Rise_IRQHandler
                0x200003dc                ACE_Comp6_Rise_IRQHandler
                0x200003de                ACE_Comp7_Rise_IRQHandler
                0x200003e0                ACE_Comp8_Rise_IRQHandler
                0x200003e2                ACE_Comp9_Rise_IRQHandler
                0x200003e4                ACE_Comp10_Rise_IRQHandler
                0x200003e6                ACE_Comp11_Rise_IRQHandler
                0x200003e8                ACE_ADC0_FifoFull_IRQHandler
                0x200003ea                ACE_ADC0_FifoAFull_IRQHandler
                0x200003ec                ACE_ADC0_FifoEmpty_IRQHandler
                0x200003ee                ACE_ADC1_FifoFull_IRQHandler
                0x200003f0                ACE_ADC1_FifoAFull_IRQHandler
                0x200003f2                ACE_ADC1_FifoEmpty_IRQHandler
                0x200003f4                ACE_ADC2_FifoFull_IRQHandler
                0x200003f6                ACE_ADC2_FifoAFull_IRQHandler
                0x200003f8                ACE_ADC2_FifoEmpty_IRQHandler
 *(.text .text.* .gnu.linkonce.t.*)
 .text          0x20000470       0x30 e:/program files (x86)/microsemi/softconsole v3.4/sourcery-g++/bin/../lib/gcc/arm-none-eabi/4.4.1/thumb2/crtbegin.o
 .text.MSS_GPIO_set_outputs
                0x200004a0       0x20 ./main.o
 .text.main     0x200004c0      0x298 ./main.o
                0x200004c0                main
 .text._exit    0x20000758        0xc E:/repos/ECEN5863_projects/POT_Uart/Voltage_Monitor/Voltage_Monitor/SoftConsole/Voltage_Monitor_MSS_MSS_CM3_0/Voltage_Monitor_MSS_MSS_CM3_0_hw_platform/Debug/CMSIS/startup_gcc/newlib_stubs.o
                0x20000758                _exit
 .text._write_r
                0x20000764       0x20 E:/repos/ECEN5863_projects/POT_Uart/Voltage_Monitor/Voltage_Monitor/SoftConsole/Voltage_Monitor_MSS_MSS_CM3_0/Voltage_Monitor_MSS_MSS_CM3_0_hw_platform/Debug/CMSIS/startup_gcc/newlib_stubs.o
                0x20000764                _write_r
 .text._sbrk    0x20000784       0x94 E:/repos/ECEN5863_projects/POT_Uart/Voltage_Monitor/Voltage_Monitor/SoftConsole/Voltage_Monitor_MSS_MSS_CM3_0/Voltage_Monitor_MSS_MSS_CM3_0_hw_platform/Debug/CMSIS/startup_gcc/newlib_stubs.o
                0x20000784                _sbrk
 .text.NVIC_ClearPendingIRQ
                0x20000818       0x3c E:\repos\ECEN5863_projects\POT_Uart\Voltage_Monitor\Voltage_Monitor\SoftConsole\Voltage_Monitor_MSS_MSS_CM3_0\Voltage_Monitor_MSS_MSS_CM3_0_hw_platform\Debug\libVoltage_Monitor_MSS_MSS_CM3_0_hw_platform.a(mss_uart.o)
 .text.MSS_UART_init
                0x20000854      0x204 E:\repos\ECEN5863_projects\POT_Uart\Voltage_Monitor\Voltage_Monitor\SoftConsole\Voltage_Monitor_MSS_MSS_CM3_0\Voltage_Monitor_MSS_MSS_CM3_0_hw_platform\Debug\libVoltage_Monitor_MSS_MSS_CM3_0_hw_platform.a(mss_uart.o)
                0x20000854                MSS_UART_init
 .text.MSS_UART_polled_tx
                0x20000a58       0xe4 E:\repos\ECEN5863_projects\POT_Uart\Voltage_Monitor\Voltage_Monitor\SoftConsole\Voltage_Monitor_MSS_MSS_CM3_0\Voltage_Monitor_MSS_MSS_CM3_0_hw_platform\Debug\libVoltage_Monitor_MSS_MSS_CM3_0_hw_platform.a(mss_uart.o)
                0x20000a58                MSS_UART_polled_tx
 .text.MSS_UART_polled_tx_string
                0x20000b3c       0xd0 E:\repos\ECEN5863_projects\POT_Uart\Voltage_Monitor\Voltage_Monitor\SoftConsole\Voltage_Monitor_MSS_MSS_CM3_0\Voltage_Monitor_MSS_MSS_CM3_0_hw_platform\Debug\libVoltage_Monitor_MSS_MSS_CM3_0_hw_platform.a(mss_uart.o)
                0x20000b3c                MSS_UART_polled_tx_string
 .text.MSS_UART_isr
                0x20000c0c      0x11c E:\repos\ECEN5863_projects\POT_Uart\Voltage_Monitor\Voltage_Monitor\SoftConsole\Voltage_Monitor_MSS_MSS_CM3_0\Voltage_Monitor_MSS_MSS_CM3_0_hw_platform\Debug\libVoltage_Monitor_MSS_MSS_CM3_0_hw_platform.a(mss_uart.o)
 .text.default_tx_handler
                0x20000d28      0x108 E:\repos\ECEN5863_projects\POT_Uart\Voltage_Monitor\Voltage_Monitor\SoftConsole\Voltage_Monitor_MSS_MSS_CM3_0\Voltage_Monitor_MSS_MSS_CM3_0_hw_platform\Debug\libVoltage_Monitor_MSS_MSS_CM3_0_hw_platform.a(mss_uart.o)
 .text.UART0_IRQHandler
                0x20000e30       0x2c E:\repos\ECEN5863_projects\POT_Uart\Voltage_Monitor\Voltage_Monitor\SoftConsole\Voltage_Monitor_MSS_MSS_CM3_0\Voltage_Monitor_MSS_MSS_CM3_0_hw_platform\Debug\libVoltage_Monitor_MSS_MSS_CM3_0_hw_platform.a(mss_uart.o)
                0x20000e30                UART0_IRQHandler
 .text.UART1_IRQHandler
                0x20000e5c       0x2c E:\repos\ECEN5863_projects\POT_Uart\Voltage_Monitor\Voltage_Monitor\SoftConsole\Voltage_Monitor_MSS_MSS_CM3_0\Voltage_Monitor_MSS_MSS_CM3_0_hw_platform\Debug\libVoltage_Monitor_MSS_MSS_CM3_0_hw_platform.a(mss_uart.o)
                0x20000e5c                UART1_IRQHandler
 .text.NVIC_ClearPendingIRQ
                0x20000e88       0x3c E:\repos\ECEN5863_projects\POT_Uart\Voltage_Monitor\Voltage_Monitor\SoftConsole\Voltage_Monitor_MSS_MSS_CM3_0\Voltage_Monitor_MSS_MSS_CM3_0_hw_platform\Debug\libVoltage_Monitor_MSS_MSS_CM3_0_hw_platform.a(mss_gpio.o)
 .text.MSS_GPIO_init
                0x20000ec4       0x6c E:\repos\ECEN5863_projects\POT_Uart\Voltage_Monitor\Voltage_Monitor\SoftConsole\Voltage_Monitor_MSS_MSS_CM3_0\Voltage_Monitor_MSS_MSS_CM3_0_hw_platform\Debug\libVoltage_Monitor_MSS_MSS_CM3_0_hw_platform.a(mss_gpio.o)
                0x20000ec4                MSS_GPIO_init
 .text.MSS_GPIO_config
                0x20000f30       0x3c E:\repos\ECEN5863_projects\POT_Uart\Voltage_Monitor\Voltage_Monitor\SoftConsole\Voltage_Monitor_MSS_MSS_CM3_0\Voltage_Monitor_MSS_MSS_CM3_0_hw_platform\Debug\libVoltage_Monitor_MSS_MSS_CM3_0_hw_platform.a(mss_gpio.o)
                0x20000f30                MSS_GPIO_config
 .text.ace_init_convert
                0x20000f6c      0x1b4 E:\repos\ECEN5863_projects\POT_Uart\Voltage_Monitor\Voltage_Monitor\SoftConsole\Voltage_Monitor_MSS_MSS_CM3_0\Voltage_Monitor_MSS_MSS_CM3_0_hw_platform\Debug\libVoltage_Monitor_MSS_MSS_CM3_0_hw_platform.a(ace_convert.o)
                0x20000f6c                ace_init_convert
 .text.ACE_convert_to_mV
                0x20001120      0x100 E:\repos\ECEN5863_projects\POT_Uart\Voltage_Monitor\Voltage_Monitor\SoftConsole\Voltage_Monitor_MSS_MSS_CM3_0\Voltage_Monitor_MSS_MSS_CM3_0_hw_platform\Debug\libVoltage_Monitor_MSS_MSS_CM3_0_hw_platform.a(ace_convert.o)
                0x20001120                ACE_convert_to_mV
 .text.ACE_get_channel_name
                0x20001220       0x38 E:\repos\ECEN5863_projects\POT_Uart\Voltage_Monitor\Voltage_Monitor\SoftConsole\Voltage_Monitor_MSS_MSS_CM3_0\Voltage_Monitor_MSS_MSS_CM3_0_hw_platform\Debug\libVoltage_Monitor_MSS_MSS_CM3_0_hw_platform.a(ace_convert.o)
                0x20001220                ACE_get_channel_name
 .text.NVIC_ClearPendingIRQ
                0x20001258       0x3c E:\repos\ECEN5863_projects\POT_Uart\Voltage_Monitor\Voltage_Monitor\SoftConsole\Voltage_Monitor_MSS_MSS_CM3_0\Voltage_Monitor_MSS_MSS_CM3_0_hw_platform\Debug\libVoltage_Monitor_MSS_MSS_CM3_0_hw_platform.a(ace_flags.o)
 .text.ace_init_flags
                0x20001294       0xcc E:\repos\ECEN5863_projects\POT_Uart\Voltage_Monitor\Voltage_Monitor\SoftConsole\Voltage_Monitor_MSS_MSS_CM3_0\Voltage_Monitor_MSS_MSS_CM3_0_hw_platform\Debug\libVoltage_Monitor_MSS_MSS_CM3_0_hw_platform.a(ace_flags.o)
                0x20001294                ace_init_flags
 .text.ACE_get_flag_status
                0x20001360       0x90 E:\repos\ECEN5863_projects\POT_Uart\Voltage_Monitor\Voltage_Monitor\SoftConsole\Voltage_Monitor_MSS_MSS_CM3_0\Voltage_Monitor_MSS_MSS_CM3_0_hw_platform\Debug\libVoltage_Monitor_MSS_MSS_CM3_0_hw_platform.a(ace_flags.o)
                0x20001360                ACE_get_flag_status
 .text.process_flag_irq
                0x200013f0      0x170 E:\repos\ECEN5863_projects\POT_Uart\Voltage_Monitor\Voltage_Monitor\SoftConsole\Voltage_Monitor_MSS_MSS_CM3_0\Voltage_Monitor_MSS_MSS_CM3_0_hw_platform\Debug\libVoltage_Monitor_MSS_MSS_CM3_0_hw_platform.a(ace_flags.o)
 .text.ACE_PPE_Flag0_IRQHandler
                0x20001560       0x28 E:\repos\ECEN5863_projects\POT_Uart\Voltage_Monitor\Voltage_Monitor\SoftConsole\Voltage_Monitor_MSS_MSS_CM3_0\Voltage_Monitor_MSS_MSS_CM3_0_hw_platform\Debug\libVoltage_Monitor_MSS_MSS_CM3_0_hw_platform.a(ace_flags.o)
                0x20001560                ACE_PPE_Flag0_IRQHandler
 .text.ACE_PPE_Flag1_IRQHandler
                0x20001588       0x28 E:\repos\ECEN5863_projects\POT_Uart\Voltage_Monitor\Voltage_Monitor\SoftConsole\Voltage_Monitor_MSS_MSS_CM3_0\Voltage_Monitor_MSS_MSS_CM3_0_hw_platform\Debug\libVoltage_Monitor_MSS_MSS_CM3_0_hw_platform.a(ace_flags.o)
                0x20001588                ACE_PPE_Flag1_IRQHandler
 .text.ACE_PPE_Flag2_IRQHandler
                0x200015b0       0x28 E:\repos\ECEN5863_projects\POT_Uart\Voltage_Monitor\Voltage_Monitor\SoftConsole\Voltage_Monitor_MSS_MSS_CM3_0\Voltage_Monitor_MSS_MSS_CM3_0_hw_platform\Debug\libVoltage_Monitor_MSS_MSS_CM3_0_hw_platform.a(ace_flags.o)
                0x200015b0                ACE_PPE_Flag2_IRQHandler
 .text.ACE_PPE_Flag3_IRQHandler
                0x200015d8       0x28 E:\repos\ECEN5863_projects\POT_Uart\Voltage_Monitor\Voltage_Monitor\SoftConsole\Voltage_Monitor_MSS_MSS_CM3_0\Voltage_Monitor_MSS_MSS_CM3_0_hw_platform\Debug\libVoltage_Monitor_MSS_MSS_CM3_0_hw_platform.a(ace_flags.o)
                0x200015d8                ACE_PPE_Flag3_IRQHandler
 .text.ACE_PPE_Flag4_IRQHandler
                0x20001600       0x28 E:\repos\ECEN5863_projects\POT_Uart\Voltage_Monitor\Voltage_Monitor\SoftConsole\Voltage_Monitor_MSS_MSS_CM3_0\Voltage_Monitor_MSS_MSS_CM3_0_hw_platform\Debug\libVoltage_Monitor_MSS_MSS_CM3_0_hw_platform.a(ace_flags.o)
                0x20001600                ACE_PPE_Flag4_IRQHandler
 .text.ACE_PPE_Flag5_IRQHandler
                0x20001628       0x28 E:\repos\ECEN5863_projects\POT_Uart\Voltage_Monitor\Voltage_Monitor\SoftConsole\Voltage_Monitor_MSS_MSS_CM3_0\Voltage_Monitor_MSS_MSS_CM3_0_hw_platform\Debug\libVoltage_Monitor_MSS_MSS_CM3_0_hw_platform.a(ace_flags.o)
                0x20001628                ACE_PPE_Flag5_IRQHandler
 .text.ACE_PPE_Flag6_IRQHandler
                0x20001650       0x28 E:\repos\ECEN5863_projects\POT_Uart\Voltage_Monitor\Voltage_Monitor\SoftConsole\Voltage_Monitor_MSS_MSS_CM3_0\Voltage_Monitor_MSS_MSS_CM3_0_hw_platform\Debug\libVoltage_Monitor_MSS_MSS_CM3_0_hw_platform.a(ace_flags.o)
                0x20001650                ACE_PPE_Flag6_IRQHandler
 .text.ACE_PPE_Flag7_IRQHandler
                0x20001678       0x28 E:\repos\ECEN5863_projects\POT_Uart\Voltage_Monitor\Voltage_Monitor\SoftConsole\Voltage_Monitor_MSS_MSS_CM3_0\Voltage_Monitor_MSS_MSS_CM3_0_hw_platform\Debug\libVoltage_Monitor_MSS_MSS_CM3_0_hw_platform.a(ace_flags.o)
                0x20001678                ACE_PPE_Flag7_IRQHandler
 .text.ACE_PPE_Flag8_IRQHandler
                0x200016a0       0x28 E:\repos\ECEN5863_projects\POT_Uart\Voltage_Monitor\Voltage_Monitor\SoftConsole\Voltage_Monitor_MSS_MSS_CM3_0\Voltage_Monitor_MSS_MSS_CM3_0_hw_platform\Debug\libVoltage_Monitor_MSS_MSS_CM3_0_hw_platform.a(ace_flags.o)
                0x200016a0                ACE_PPE_Flag8_IRQHandler
 .text.ACE_PPE_Flag9_IRQHandler
                0x200016c8       0x28 E:\repos\ECEN5863_projects\POT_Uart\Voltage_Monitor\Voltage_Monitor\SoftConsole\Voltage_Monitor_MSS_MSS_CM3_0\Voltage_Monitor_MSS_MSS_CM3_0_hw_platform\Debug\libVoltage_Monitor_MSS_MSS_CM3_0_hw_platform.a(ace_flags.o)
                0x200016c8                ACE_PPE_Flag9_IRQHandler
 .text.ACE_PPE_Flag10_IRQHandler
                0x200016f0       0x28 E:\repos\ECEN5863_projects\POT_Uart\Voltage_Monitor\Voltage_Monitor\SoftConsole\Voltage_Monitor_MSS_MSS_CM3_0\Voltage_Monitor_MSS_MSS_CM3_0_hw_platform\Debug\libVoltage_Monitor_MSS_MSS_CM3_0_hw_platform.a(ace_flags.o)
                0x200016f0                ACE_PPE_Flag10_IRQHandler
 .text.ACE_PPE_Flag11_IRQHandler
                0x20001718       0x28 E:\repos\ECEN5863_projects\POT_Uart\Voltage_Monitor\Voltage_Monitor\SoftConsole\Voltage_Monitor_MSS_MSS_CM3_0\Voltage_Monitor_MSS_MSS_CM3_0_hw_platform\Debug\libVoltage_Monitor_MSS_MSS_CM3_0_hw_platform.a(ace_flags.o)
                0x20001718                ACE_PPE_Flag11_IRQHandler
 .text.ACE_PPE_Flag12_IRQHandler
                0x20001740       0x28 E:\repos\ECEN5863_projects\POT_Uart\Voltage_Monitor\Voltage_Monitor\SoftConsole\Voltage_Monitor_MSS_MSS_CM3_0\Voltage_Monitor_MSS_MSS_CM3_0_hw_platform\Debug\libVoltage_Monitor_MSS_MSS_CM3_0_hw_platform.a(ace_flags.o)
                0x20001740                ACE_PPE_Flag12_IRQHandler
 .text.ACE_PPE_Flag13_IRQHandler
                0x20001768       0x28 E:\repos\ECEN5863_projects\POT_Uart\Voltage_Monitor\Voltage_Monitor\SoftConsole\Voltage_Monitor_MSS_MSS_CM3_0\Voltage_Monitor_MSS_MSS_CM3_0_hw_platform\Debug\libVoltage_Monitor_MSS_MSS_CM3_0_hw_platform.a(ace_flags.o)
                0x20001768                ACE_PPE_Flag13_IRQHandler
 .text.ACE_PPE_Flag14_IRQHandler
                0x20001790       0x28 E:\repos\ECEN5863_projects\POT_Uart\Voltage_Monitor\Voltage_Monitor\SoftConsole\Voltage_Monitor_MSS_MSS_CM3_0\Voltage_Monitor_MSS_MSS_CM3_0_hw_platform\Debug\libVoltage_Monitor_MSS_MSS_CM3_0_hw_platform.a(ace_flags.o)
                0x20001790                ACE_PPE_Flag14_IRQHandler
 .text.ACE_PPE_Flag15_IRQHandler
                0x200017b8       0x28 E:\repos\ECEN5863_projects\POT_Uart\Voltage_Monitor\Voltage_Monitor\SoftConsole\Voltage_Monitor_MSS_MSS_CM3_0\Voltage_Monitor_MSS_MSS_CM3_0_hw_platform\Debug\libVoltage_Monitor_MSS_MSS_CM3_0_hw_platform.a(ace_flags.o)
                0x200017b8                ACE_PPE_Flag15_IRQHandler
 .text.ACE_PPE_Flag16_IRQHandler
                0x200017e0       0x28 E:\repos\ECEN5863_projects\POT_Uart\Voltage_Monitor\Voltage_Monitor\SoftConsole\Voltage_Monitor_MSS_MSS_CM3_0\Voltage_Monitor_MSS_MSS_CM3_0_hw_platform\Debug\libVoltage_Monitor_MSS_MSS_CM3_0_hw_platform.a(ace_flags.o)
                0x200017e0                ACE_PPE_Flag16_IRQHandler
 .text.ACE_PPE_Flag17_IRQHandler
                0x20001808       0x28 E:\repos\ECEN5863_projects\POT_Uart\Voltage_Monitor\Voltage_Monitor\SoftConsole\Voltage_Monitor_MSS_MSS_CM3_0\Voltage_Monitor_MSS_MSS_CM3_0_hw_platform\Debug\libVoltage_Monitor_MSS_MSS_CM3_0_hw_platform.a(ace_flags.o)
                0x20001808                ACE_PPE_Flag17_IRQHandler
 .text.ACE_PPE_Flag18_IRQHandler
                0x20001830       0x28 E:\repos\ECEN5863_projects\POT_Uart\Voltage_Monitor\Voltage_Monitor\SoftConsole\Voltage_Monitor_MSS_MSS_CM3_0\Voltage_Monitor_MSS_MSS_CM3_0_hw_platform\Debug\libVoltage_Monitor_MSS_MSS_CM3_0_hw_platform.a(ace_flags.o)
                0x20001830                ACE_PPE_Flag18_IRQHandler
 .text.ACE_PPE_Flag19_IRQHandler
                0x20001858       0x28 E:\repos\ECEN5863_projects\POT_Uart\Voltage_Monitor\Voltage_Monitor\SoftConsole\Voltage_Monitor_MSS_MSS_CM3_0\Voltage_Monitor_MSS_MSS_CM3_0_hw_platform\Debug\libVoltage_Monitor_MSS_MSS_CM3_0_hw_platform.a(ace_flags.o)
                0x20001858                ACE_PPE_Flag19_IRQHandler
 .text.ACE_PPE_Flag20_IRQHandler
                0x20001880       0x28 E:\repos\ECEN5863_projects\POT_Uart\Voltage_Monitor\Voltage_Monitor\SoftConsole\Voltage_Monitor_MSS_MSS_CM3_0\Voltage_Monitor_MSS_MSS_CM3_0_hw_platform\Debug\libVoltage_Monitor_MSS_MSS_CM3_0_hw_platform.a(ace_flags.o)
                0x20001880                ACE_PPE_Flag20_IRQHandler
 .text.ACE_PPE_Flag21_IRQHandler
                0x200018a8       0x28 E:\repos\ECEN5863_projects\POT_Uart\Voltage_Monitor\Voltage_Monitor\SoftConsole\Voltage_Monitor_MSS_MSS_CM3_0\Voltage_Monitor_MSS_MSS_CM3_0_hw_platform\Debug\libVoltage_Monitor_MSS_MSS_CM3_0_hw_platform.a(ace_flags.o)
                0x200018a8                ACE_PPE_Flag21_IRQHandler
 .text.ACE_PPE_Flag22_IRQHandler
                0x200018d0       0x28 E:\repos\ECEN5863_projects\POT_Uart\Voltage_Monitor\Voltage_Monitor\SoftConsole\Voltage_Monitor_MSS_MSS_CM3_0\Voltage_Monitor_MSS_MSS_CM3_0_hw_platform\Debug\libVoltage_Monitor_MSS_MSS_CM3_0_hw_platform.a(ace_flags.o)
                0x200018d0                ACE_PPE_Flag22_IRQHandler
 .text.ACE_PPE_Flag23_IRQHandler
                0x200018f8       0x28 E:\repos\ECEN5863_projects\POT_Uart\Voltage_Monitor\Voltage_Monitor\SoftConsole\Voltage_Monitor_MSS_MSS_CM3_0\Voltage_Monitor_MSS_MSS_CM3_0_hw_platform\Debug\libVoltage_Monitor_MSS_MSS_CM3_0_hw_platform.a(ace_flags.o)
                0x200018f8                ACE_PPE_Flag23_IRQHandler
 .text.ACE_PPE_Flag24_IRQHandler
                0x20001920       0x28 E:\repos\ECEN5863_projects\POT_Uart\Voltage_Monitor\Voltage_Monitor\SoftConsole\Voltage_Monitor_MSS_MSS_CM3_0\Voltage_Monitor_MSS_MSS_CM3_0_hw_platform\Debug\libVoltage_Monitor_MSS_MSS_CM3_0_hw_platform.a(ace_flags.o)
                0x20001920                ACE_PPE_Flag24_IRQHandler
 .text.ACE_PPE_Flag25_IRQHandler
                0x20001948       0x28 E:\repos\ECEN5863_projects\POT_Uart\Voltage_Monitor\Voltage_Monitor\SoftConsole\Voltage_Monitor_MSS_MSS_CM3_0\Voltage_Monitor_MSS_MSS_CM3_0_hw_platform\Debug\libVoltage_Monitor_MSS_MSS_CM3_0_hw_platform.a(ace_flags.o)
                0x20001948                ACE_PPE_Flag25_IRQHandler
 .text.ACE_PPE_Flag26_IRQHandler
                0x20001970       0x28 E:\repos\ECEN5863_projects\POT_Uart\Voltage_Monitor\Voltage_Monitor\SoftConsole\Voltage_Monitor_MSS_MSS_CM3_0\Voltage_Monitor_MSS_MSS_CM3_0_hw_platform\Debug\libVoltage_Monitor_MSS_MSS_CM3_0_hw_platform.a(ace_flags.o)
                0x20001970                ACE_PPE_Flag26_IRQHandler
 .text.ACE_PPE_Flag27_IRQHandler
                0x20001998       0x28 E:\repos\ECEN5863_projects\POT_Uart\Voltage_Monitor\Voltage_Monitor\SoftConsole\Voltage_Monitor_MSS_MSS_CM3_0\Voltage_Monitor_MSS_MSS_CM3_0_hw_platform\Debug\libVoltage_Monitor_MSS_MSS_CM3_0_hw_platform.a(ace_flags.o)
                0x20001998                ACE_PPE_Flag27_IRQHandler
 .text.ACE_PPE_Flag28_IRQHandler
                0x200019c0       0x28 E:\repos\ECEN5863_projects\POT_Uart\Voltage_Monitor\Voltage_Monitor\SoftConsole\Voltage_Monitor_MSS_MSS_CM3_0\Voltage_Monitor_MSS_MSS_CM3_0_hw_platform\Debug\libVoltage_Monitor_MSS_MSS_CM3_0_hw_platform.a(ace_flags.o)
                0x200019c0                ACE_PPE_Flag28_IRQHandler
 .text.ACE_PPE_Flag29_IRQHandler
                0x200019e8       0x28 E:\repos\ECEN5863_projects\POT_Uart\Voltage_Monitor\Voltage_Monitor\SoftConsole\Voltage_Monitor_MSS_MSS_CM3_0\Voltage_Monitor_MSS_MSS_CM3_0_hw_platform\Debug\libVoltage_Monitor_MSS_MSS_CM3_0_hw_platform.a(ace_flags.o)
                0x200019e8                ACE_PPE_Flag29_IRQHandler
 .text.ACE_PPE_Flag30_IRQHandler
                0x20001a10       0x28 E:\repos\ECEN5863_projects\POT_Uart\Voltage_Monitor\Voltage_Monitor\SoftConsole\Voltage_Monitor_MSS_MSS_CM3_0\Voltage_Monitor_MSS_MSS_CM3_0_hw_platform\Debug\libVoltage_Monitor_MSS_MSS_CM3_0_hw_platform.a(ace_flags.o)
                0x20001a10                ACE_PPE_Flag30_IRQHandler
 .text.ACE_PPE_Flag31_IRQHandler
                0x20001a38       0x28 E:\repos\ECEN5863_projects\POT_Uart\Voltage_Monitor\Voltage_Monitor\SoftConsole\Voltage_Monitor_MSS_MSS_CM3_0\Voltage_Monitor_MSS_MSS_CM3_0_hw_platform\Debug\libVoltage_Monitor_MSS_MSS_CM3_0_hw_platform.a(ace_flags.o)
                0x20001a38                ACE_PPE_Flag31_IRQHandler
 .text.ACE_init
                0x20001a60       0x10 E:\repos\ECEN5863_projects\POT_Uart\Voltage_Monitor\Voltage_Monitor\SoftConsole\Voltage_Monitor_MSS_MSS_CM3_0\Voltage_Monitor_MSS_MSS_CM3_0_hw_platform\Debug\libVoltage_Monitor_MSS_MSS_CM3_0_hw_platform.a(mss_ace.o)
                0x20001a60                ACE_init
 .text.ACE_get_ppe_sample
                0x20001a70       0x54 E:\repos\ECEN5863_projects\POT_Uart\Voltage_Monitor\Voltage_Monitor\SoftConsole\Voltage_Monitor_MSS_MSS_CM3_0\Voltage_Monitor_MSS_MSS_CM3_0_hw_platform\Debug\libVoltage_Monitor_MSS_MSS_CM3_0_hw_platform.a(mss_ace.o)
                0x20001a70                ACE_get_ppe_sample
 .text.SystemInit
                0x20001ac4        0xc E:\repos\ECEN5863_projects\POT_Uart\Voltage_Monitor\Voltage_Monitor\SoftConsole\Voltage_Monitor_MSS_MSS_CM3_0\Voltage_Monitor_MSS_MSS_CM3_0_hw_platform\Debug\libVoltage_Monitor_MSS_MSS_CM3_0_hw_platform.a(system_a2fxxxm3.o)
                0x20001ac4                SystemInit
 .text.SystemCoreClockUpdate
                0x20001ad0      0x150 E:\repos\ECEN5863_projects\POT_Uart\Voltage_Monitor\Voltage_Monitor\SoftConsole\Voltage_Monitor_MSS_MSS_CM3_0\Voltage_Monitor_MSS_MSS_CM3_0_hw_platform\Debug\libVoltage_Monitor_MSS_MSS_CM3_0_hw_platform.a(system_a2fxxxm3.o)
                0x20001ad0                SystemCoreClockUpdate
 .text.GetSystemClock
                0x20001c20       0xe8 E:\repos\ECEN5863_projects\POT_Uart\Voltage_Monitor\Voltage_Monitor\SoftConsole\Voltage_Monitor_MSS_MSS_CM3_0\Voltage_Monitor_MSS_MSS_CM3_0_hw_platform\Debug\libVoltage_Monitor_MSS_MSS_CM3_0_hw_platform.a(system_a2fxxxm3.o)
 .text          0x20001d08      0x370 e:/program files (x86)/microsemi/softconsole v3.4/sourcery-g++/bin/../lib/gcc/arm-none-eabi/4.4.1/thumb2\libgcc.a(_arm_addsubdf3.o)
                0x20001d08                __aeabi_drsub
                0x20001d10                __aeabi_dsub
                0x20001d10                __subdf3
                0x20001d14                __aeabi_dadd
                0x20001d14                __adddf3
                0x20001f8c                __floatunsidf
                0x20001f8c                __aeabi_ui2d
                0x20001fac                __floatsidf
                0x20001fac                __aeabi_i2d
                0x20001fd0                __aeabi_f2d
                0x20001fd0                __extendsfdf2
                0x2000200c                __floatundidf
                0x2000200c                __aeabi_ul2d
                0x2000201c                __floatdidf
                0x2000201c                __aeabi_l2d
 .text          0x20002078      0x21c e:/program files (x86)/microsemi/softconsole v3.4/sourcery-g++/bin/../lib/gcc/arm-none-eabi/4.4.1/thumb2\libgcc.a(_arm_addsubsf3.o)
                0x20002078                __aeabi_frsub
                0x20002080                __subsf3
                0x20002080                __aeabi_fsub
                0x20002084                __aeabi_fadd
                0x20002084                __addsf3
                0x200021e4                __aeabi_ui2f
                0x200021e4                __floatunsisf
                0x200021ec                __aeabi_i2f
                0x200021ec                __floatsisf
                0x20002208                __aeabi_ul2f
                0x20002208                __floatundisf
                0x20002218                __aeabi_l2f
                0x20002218                __floatdisf
 .text          0x20002294      0x2a0 e:/program files (x86)/microsemi/softconsole v3.4/sourcery-g++/bin/../lib/gcc/arm-none-eabi/4.4.1/thumb2\libgcc.a(_arm_muldivsf3.o)
                0x20002294                __mulsf3
                0x20002294                __aeabi_fmul
                0x200023fc                __aeabi_fdiv
                0x200023fc                __divsf3
 .text          0x20002534       0x50 e:/program files (x86)/microsemi/softconsole v3.4/sourcery-g++/bin/../lib/gcc/arm-none-eabi/4.4.1/../../../../arm-none-eabi/lib/thumb2\libc.a(lib_a-init.o)
                0x20002534                __libc_init_array
 .text          0x20002584      0x190 e:/program files (x86)/microsemi/softconsole v3.4/sourcery-g++/bin/../lib/gcc/arm-none-eabi/4.4.1/../../../../arm-none-eabi/lib/thumb2\libc.a(lib_a-memcpy.o)
                0x20002584                memcpy
 .text          0x20002714       0xdc e:/program files (x86)/microsemi/softconsole v3.4/sourcery-g++/bin/../lib/gcc/arm-none-eabi/4.4.1/../../../../arm-none-eabi/lib/thumb2\libc.a(lib_a-snprintf.o)
                0x20002714                snprintf
                0x20002788                _snprintf_r
 .text          0x200027f0     0x15a8 e:/program files (x86)/microsemi/softconsole v3.4/sourcery-g++/bin/../lib/gcc/arm-none-eabi/4.4.1/../../../../arm-none-eabi/lib/thumb2\libc.a(lib_a-svfprintf.o)
                0x2000290c                _svfprintf_r
 .text          0x20003d98      0xfb8 e:/program files (x86)/microsemi/softconsole v3.4/sourcery-g++/bin/../lib/gcc/arm-none-eabi/4.4.1/../../../../arm-none-eabi/lib/thumb2\libc.a(lib_a-dtoa.o)
                0x20003eb8                _dtoa_r
 .text          0x20004d50      0x268 e:/program files (x86)/microsemi/softconsole v3.4/sourcery-g++/bin/../lib/gcc/arm-none-eabi/4.4.1/../../../../arm-none-eabi/lib/thumb2\libc.a(lib_a-freer.o)
                0x20004d50                _malloc_trim_r
                0x20004df8                _free_r
 .text          0x20004fb8       0x74 e:/program files (x86)/microsemi/softconsole v3.4/sourcery-g++/bin/../lib/gcc/arm-none-eabi/4.4.1/../../../../arm-none-eabi/lib/thumb2\libc.a(lib_a-locale.o)
                0x20004fb8                __locale_charset
                0x20004fc4                _localeconv_r
                0x20004fcc                localeconv
                0x20004fd4                _setlocale_r
                0x2000501c                setlocale
 .text          0x2000502c       0x20 e:/program files (x86)/microsemi/softconsole v3.4/sourcery-g++/bin/../lib/gcc/arm-none-eabi/4.4.1/../../../../arm-none-eabi/lib/thumb2\libc.a(lib_a-malloc.o)
                0x2000502c                free
                0x2000503c                malloc
 .text          0x2000504c      0x5a4 e:/program files (x86)/microsemi/softconsole v3.4/sourcery-g++/bin/../lib/gcc/arm-none-eabi/4.4.1/../../../../arm-none-eabi/lib/thumb2\libc.a(lib_a-mallocr.o)
                0x2000504c                _malloc_r
 .text          0x200055f0       0x74 e:/program files (x86)/microsemi/softconsole v3.4/sourcery-g++/bin/../lib/gcc/arm-none-eabi/4.4.1/../../../../arm-none-eabi/lib/thumb2\libc.a(lib_a-memchr.o)
                0x200055f0                memchr
 .text          0x20005664       0xb8 e:/program files (x86)/microsemi/softconsole v3.4/sourcery-g++/bin/../lib/gcc/arm-none-eabi/4.4.1/../../../../arm-none-eabi/lib/thumb2\libc.a(lib_a-memmove.o)
                0x20005664                memmove
 .text          0x2000571c        0x8 e:/program files (x86)/microsemi/softconsole v3.4/sourcery-g++/bin/../lib/gcc/arm-none-eabi/4.4.1/../../../../arm-none-eabi/lib/thumb2\libc.a(lib_a-mlock.o)
                0x2000571c                __malloc_lock
                0x20005720                __malloc_unlock
 .text          0x20005724      0x958 e:/program files (x86)/microsemi/softconsole v3.4/sourcery-g++/bin/../lib/gcc/arm-none-eabi/4.4.1/../../../../arm-none-eabi/lib/thumb2\libc.a(lib_a-mprec.o)
                0x20005724                __hi0bits
                0x20005764                __lo0bits
                0x200057c8                __mcmp
                0x20005808                __ulp
                0x20005854                __b2d
                0x200058fc                __ratio
                0x2000595c                _mprec_log10
                0x20005994                __copybits
                0x200059e4                __any_on
                0x20005a3c                _Bfree
                0x20005a74                _Balloc
                0x20005ae0                __d2b
                0x20005bb0                __mdiff
                0x20005ca8                __lshift
                0x20005d64                __multiply
                0x20005e98                __i2b
                0x20005eac                __multadd
                0x20005f34                __pow5mult
                0x20005fe0                __s2b
 .text          0x2000607c      0x3b4 e:/program files (x86)/microsemi/softconsole v3.4/sourcery-g++/bin/../lib/gcc/arm-none-eabi/4.4.1/../../../../arm-none-eabi/lib/thumb2\libc.a(lib_a-reallocr.o)
                0x2000607c                _realloc_r
 .text          0x20006430       0x24 e:/program files (x86)/microsemi/softconsole v3.4/sourcery-g++/bin/../lib/gcc/arm-none-eabi/4.4.1/../../../../arm-none-eabi/lib/thumb2\libc.a(lib_a-s_isinfd.o)
                0x20006430                __isinfd
 .text          0x20006454       0x1c e:/program files (x86)/microsemi/softconsole v3.4/sourcery-g++/bin/../lib/gcc/arm-none-eabi/4.4.1/../../../../arm-none-eabi/lib/thumb2\libc.a(lib_a-s_isnand.o)
                0x20006454                __isnand
 .text          0x20006470       0x28 e:/program files (x86)/microsemi/softconsole v3.4/sourcery-g++/bin/../lib/gcc/arm-none-eabi/4.4.1/../../../../arm-none-eabi/lib/thumb2\libc.a(lib_a-sbrkr.o)
                0x20006470                _sbrk_r
 .text          0x20006498      0x1dc e:/program files (x86)/microsemi/softconsole v3.4/sourcery-g++/bin/../lib/gcc/arm-none-eabi/4.4.1/../../../../arm-none-eabi/lib/thumb2\libc.a(lib_a-strcmp.o)
                0x20006498                strcmp
 .text          0x20006674       0x60 e:/program files (x86)/microsemi/softconsole v3.4/sourcery-g++/bin/../lib/gcc/arm-none-eabi/4.4.1/../../../../arm-none-eabi/lib/thumb2\libc.a(lib_a-strlen.o)
                0x20006674                strlen
 .text          0x200066d4       0x5c e:/program files (x86)/microsemi/softconsole v3.4/sourcery-g++/bin/../lib/gcc/arm-none-eabi/4.4.1/../../../../arm-none-eabi/lib/thumb2\libc.a(lib_a-callocr.o)
                0x200066d4                _calloc_r
 .text          0x20006730       0xd4 e:/program files (x86)/microsemi/softconsole v3.4/sourcery-g++/bin/../lib/gcc/arm-none-eabi/4.4.1/../../../../arm-none-eabi/lib/thumb2\libc.a(lib_a-memset.o)
                0x20006730                memset
 *fill*         0x20006804        0x4 00
 .text          0x20006808      0x278 e:/program files (x86)/microsemi/softconsole v3.4/sourcery-g++/bin/../lib/gcc/arm-none-eabi/4.4.1/thumb2\libgcc.a(_udivsi3.o)
                0x20006808                __aeabi_uidiv
                0x20006808                __udivsi3
                0x20006a64                __aeabi_uidivmod
 .text          0x20006a80        0x4 e:/program files (x86)/microsemi/softconsole v3.4/sourcery-g++/bin/../lib/gcc/arm-none-eabi/4.4.1/thumb2\libgcc.a(_dvmd_tls.o)
                0x20006a80                __aeabi_idiv0
                0x20006a80                __aeabi_ldiv0
 .text          0x20006a84      0x424 e:/program files (x86)/microsemi/softconsole v3.4/sourcery-g++/bin/../lib/gcc/arm-none-eabi/4.4.1/thumb2\libgcc.a(_arm_muldivdf3.o)
                0x20006a84                __aeabi_dmul
                0x20006a84                __muldf3
                0x20006cd8                __divdf3
                0x20006cd8                __aeabi_ddiv
 .text          0x20006ea8      0x110 e:/program files (x86)/microsemi/softconsole v3.4/sourcery-g++/bin/../lib/gcc/arm-none-eabi/4.4.1/thumb2\libgcc.a(_arm_cmpdf2.o)
                0x20006ea8                __gtdf2
                0x20006ea8                __gedf2
                0x20006eb0                __ltdf2
                0x20006eb0                __ledf2
                0x20006eb8                __nedf2
                0x20006eb8                __eqdf2
                0x20006eb8                __cmpdf2
                0x20006f34                __aeabi_cdrcmple
                0x20006f44                __aeabi_cdcmpeq
                0x20006f44                __aeabi_cdcmple
                0x20006f54                __aeabi_dcmpeq
                0x20006f68                __aeabi_dcmplt
                0x20006f7c                __aeabi_dcmple
                0x20006f90                __aeabi_dcmpge
                0x20006fa4                __aeabi_dcmpgt
 .text          0x20006fb8       0x50 e:/program files (x86)/microsemi/softconsole v3.4/sourcery-g++/bin/../lib/gcc/arm-none-eabi/4.4.1/thumb2\libgcc.a(_arm_fixdfsi.o)
                0x20006fb8                __aeabi_d2iz
                0x20006fb8                __fixdfsi
 .text          0x20007008       0x2c e:/program files (x86)/microsemi/softconsole v3.4/sourcery-g++/bin/../lib/gcc/arm-none-eabi/4.4.1/thumb2\libgcc.a(_aeabi_uldivmod.o)
                0x20007008                __aeabi_uldivmod
 .text          0x20007034       0x58 e:/program files (x86)/microsemi/softconsole v3.4/sourcery-g++/bin/../lib/gcc/arm-none-eabi/4.4.1/thumb2\libgcc.a(bpabi.o)
                0x20007034                __gnu_uldivmod_helper
                0x20007060                __gnu_ldivmod_helper
 .text          0x2000708c      0x364 e:/program files (x86)/microsemi/softconsole v3.4/sourcery-g++/bin/../lib/gcc/arm-none-eabi/4.4.1/thumb2\libgcc.a(_divdi3.o)
                0x2000708c                __divdi3
 .text          0x200073f0      0x300 e:/program files (x86)/microsemi/softconsole v3.4/sourcery-g++/bin/../lib/gcc/arm-none-eabi/4.4.1/thumb2\libgcc.a(_udivdi3.o)
                0x200073f0                __udivdi3
 *(.plt)
 *(.gnu.warning)
 *(.glue_7t)
 .glue_7t       0x00000000        0x0 linker stubs
 *(.glue_7)
 .glue_7        0x00000000        0x0 linker stubs
 *(.vfp11_veneer)
 .vfp11_veneer  0x00000000        0x0 linker stubs
                0x200076f0                . = ALIGN (0x4)
 *crtbegin.o(.ctors)
 *(EXCLUDE_FILE(*crtend.o) .ctors)
 *(SORT(.ctors.*))
 *crtend.o(.ctors)
 *crtbegin.o(.dtors)
 *(EXCLUDE_FILE(*crtend.o) .dtors)
 *(SORT(.dtors.*))
 *crtend.o(.dtors)
 *(.rodata .rodata.* .gnu.linkonce.r.*)
 .rodata        0x200076f0      0x1a0 ./main.o
 .rodata        0x20007890       0x1c E:/repos/ECEN5863_projects/POT_Uart/Voltage_Monitor/Voltage_Monitor/SoftConsole/Voltage_Monitor_MSS_MSS_CM3_0/Voltage_Monitor_MSS_MSS_CM3_0_hw_platform/Debug/CMSIS/startup_gcc/newlib_stubs.o
 .rodata.g_config_reg_lut
                0x200078ac       0x80 E:\repos\ECEN5863_projects\POT_Uart\Voltage_Monitor\Voltage_Monitor\SoftConsole\Voltage_Monitor_MSS_MSS_CM3_0\Voltage_Monitor_MSS_MSS_CM3_0_hw_platform\Debug\libVoltage_Monitor_MSS_MSS_CM3_0_hw_platform.a(mss_gpio.o)
 .rodata.g_gpio_irqn_lut
                0x2000792c       0x40 E:\repos\ECEN5863_projects\POT_Uart\Voltage_Monitor\Voltage_Monitor\SoftConsole\Voltage_Monitor_MSS_MSS_CM3_0\Voltage_Monitor_MSS_MSS_CM3_0_hw_platform\Debug\libVoltage_Monitor_MSS_MSS_CM3_0_hw_platform.a(mss_gpio.o)
 .rodata.channel_type_lut
                0x2000796c       0x30 E:\repos\ECEN5863_projects\POT_Uart\Voltage_Monitor\Voltage_Monitor\SoftConsole\Voltage_Monitor_MSS_MSS_CM3_0\Voltage_Monitor_MSS_MSS_CM3_0_hw_platform\Debug\libVoltage_Monitor_MSS_MSS_CM3_0_hw_platform.a(ace_convert.o)
 .rodata.channel_quad_lut
                0x2000799c       0x30 E:\repos\ECEN5863_projects\POT_Uart\Voltage_Monitor\Voltage_Monitor\SoftConsole\Voltage_Monitor_MSS_MSS_CM3_0\Voltage_Monitor_MSS_MSS_CM3_0_hw_platform\Debug\libVoltage_Monitor_MSS_MSS_CM3_0_hw_platform.a(ace_convert.o)
 .rodata.abps_channel_lut
                0x200079cc       0x30 E:\repos\ECEN5863_projects\POT_Uart\Voltage_Monitor\Voltage_Monitor\SoftConsole\Voltage_Monitor_MSS_MSS_CM3_0\Voltage_Monitor_MSS_MSS_CM3_0_hw_platform\Debug\libVoltage_Monitor_MSS_MSS_CM3_0_hw_platform.a(ace_convert.o)
 .rodata.abps_idx_lut
                0x200079fc       0x30 E:\repos\ECEN5863_projects\POT_Uart\Voltage_Monitor\Voltage_Monitor\SoftConsole\Voltage_Monitor_MSS_MSS_CM3_0\Voltage_Monitor_MSS_MSS_CM3_0_hw_platform\Debug\libVoltage_Monitor_MSS_MSS_CM3_0_hw_platform.a(ace_convert.o)
 .rodata.apbs_gain_lut
                0x20007a2c        0x4 E:\repos\ECEN5863_projects\POT_Uart\Voltage_Monitor\Voltage_Monitor\SoftConsole\Voltage_Monitor_MSS_MSS_CM3_0\Voltage_Monitor_MSS_MSS_CM3_0_hw_platform\Debug\libVoltage_Monitor_MSS_MSS_CM3_0_hw_platform.a(ace_convert.o)
 .rodata.apbs_range
                0x20007a30        0x8 E:\repos\ECEN5863_projects\POT_Uart\Voltage_Monitor\Voltage_Monitor\SoftConsole\Voltage_Monitor_MSS_MSS_CM3_0\Voltage_Monitor_MSS_MSS_CM3_0_hw_platform\Debug\libVoltage_Monitor_MSS_MSS_CM3_0_hw_platform.a(ace_convert.o)
 .rodata.g_ppe_flags_regs_lut
                0x20007a38       0x14 E:\repos\ECEN5863_projects\POT_Uart\Voltage_Monitor\Voltage_Monitor\SoftConsole\Voltage_Monitor_MSS_MSS_CM3_0\Voltage_Monitor_MSS_MSS_CM3_0_hw_platform\Debug\libVoltage_Monitor_MSS_MSS_CM3_0_hw_platform.a(ace_flags.o)
 .rodata.flags_irq_enable_regs_lut
                0x20007a4c       0x14 E:\repos\ECEN5863_projects\POT_Uart\Voltage_Monitor\Voltage_Monitor\SoftConsole\Voltage_Monitor_MSS_MSS_CM3_0\Voltage_Monitor_MSS_MSS_CM3_0_hw_platform\Debug\libVoltage_Monitor_MSS_MSS_CM3_0_hw_platform.a(ace_flags.o)
 .rodata.flags_irq_status_regs_lut
                0x20007a60       0x14 E:\repos\ECEN5863_projects\POT_Uart\Voltage_Monitor\Voltage_Monitor\SoftConsole\Voltage_Monitor_MSS_MSS_CM3_0\Voltage_Monitor_MSS_MSS_CM3_0_hw_platform\Debug\libVoltage_Monitor_MSS_MSS_CM3_0_hw_platform.a(ace_flags.o)
 .rodata.flags_irq_clear_regs_lut
                0x20007a74       0x14 E:\repos\ECEN5863_projects\POT_Uart\Voltage_Monitor\Voltage_Monitor\SoftConsole\Voltage_Monitor_MSS_MSS_CM3_0\Voltage_Monitor_MSS_MSS_CM3_0_hw_platform\Debug\libVoltage_Monitor_MSS_MSS_CM3_0_hw_platform.a(ace_flags.o)
 .rodata.C.18.2576
                0x20007a88       0x10 E:\repos\ECEN5863_projects\POT_Uart\Voltage_Monitor\Voltage_Monitor\SoftConsole\Voltage_Monitor_MSS_MSS_CM3_0\Voltage_Monitor_MSS_MSS_CM3_0_hw_platform\Debug\libVoltage_Monitor_MSS_MSS_CM3_0_hw_platform.a(system_a2fxxxm3.o)
 .rodata.g_ace_channel_0_name
                0x20007a98        0xc E:\repos\ECEN5863_projects\POT_Uart\Voltage_Monitor\Voltage_Monitor\SoftConsole\Voltage_Monitor_MSS_MSS_CM3_0\Voltage_Monitor_MSS_MSS_CM3_0_hw_platform\Debug\libVoltage_Monitor_MSS_MSS_CM3_0_hw_platform.a(ace_config.o)
                0x20007a98                g_ace_channel_0_name
 .rodata.g_channel_0_flags_lut
                0x20007aa4        0x8 E:\repos\ECEN5863_projects\POT_Uart\Voltage_Monitor\Voltage_Monitor\SoftConsole\Voltage_Monitor_MSS_MSS_CM3_0\Voltage_Monitor_MSS_MSS_CM3_0_hw_platform\Debug\libVoltage_Monitor_MSS_MSS_CM3_0_hw_platform.a(ace_config.o)
                0x20007aa4                g_channel_0_flags_lut
 .rodata.g_ace_ppe_flag_0_name
                0x20007aac       0x18 E:\repos\ECEN5863_projects\POT_Uart\Voltage_Monitor\Voltage_Monitor\SoftConsole\Voltage_Monitor_MSS_MSS_CM3_0\Voltage_Monitor_MSS_MSS_CM3_0_hw_platform\Debug\libVoltage_Monitor_MSS_MSS_CM3_0_hw_platform.a(ace_config.o)
                0x20007aac                g_ace_ppe_flag_0_name
 .rodata.g_ace_ppe_flag_1_name
                0x20007ac4       0x18 E:\repos\ECEN5863_projects\POT_Uart\Voltage_Monitor\Voltage_Monitor\SoftConsole\Voltage_Monitor_MSS_MSS_CM3_0\Voltage_Monitor_MSS_MSS_CM3_0_hw_platform\Debug\libVoltage_Monitor_MSS_MSS_CM3_0_hw_platform.a(ace_config.o)
                0x20007ac4                g_ace_ppe_flag_1_name
 .rodata.g_ace_ppe_flag_2_name
                0x20007adc       0x18 E:\repos\ECEN5863_projects\POT_Uart\Voltage_Monitor\Voltage_Monitor\SoftConsole\Voltage_Monitor_MSS_MSS_CM3_0\Voltage_Monitor_MSS_MSS_CM3_0_hw_platform\Debug\libVoltage_Monitor_MSS_MSS_CM3_0_hw_platform.a(ace_config.o)
                0x20007adc                g_ace_ppe_flag_2_name
 .rodata.g_ace_ppe_flag_3_name
                0x20007af4       0x18 E:\repos\ECEN5863_projects\POT_Uart\Voltage_Monitor\Voltage_Monitor\SoftConsole\Voltage_Monitor_MSS_MSS_CM3_0\Voltage_Monitor_MSS_MSS_CM3_0_hw_platform\Debug\libVoltage_Monitor_MSS_MSS_CM3_0_hw_platform.a(ace_config.o)
                0x20007af4                g_ace_ppe_flag_3_name
 .rodata.str1.4
                0x20007b0c        0x2 e:/program files (x86)/microsemi/softconsole v3.4/sourcery-g++/bin/../lib/gcc/arm-none-eabi/4.4.1/../../../../arm-none-eabi/lib/thumb2\libc.a(lib_a-impure.o)
                                  0x4 (size before relaxing)
 *fill*         0x20007b0e        0x2 00
 .rodata        0x20007b10       0x20 e:/program files (x86)/microsemi/softconsole v3.4/sourcery-g++/bin/../lib/gcc/arm-none-eabi/4.4.1/../../../../arm-none-eabi/lib/thumb2\libc.a(lib_a-svfprintf.o)
 .rodata.str1.4
                0x20007b30       0x42 e:/program files (x86)/microsemi/softconsole v3.4/sourcery-g++/bin/../lib/gcc/arm-none-eabi/4.4.1/../../../../arm-none-eabi/lib/thumb2\libc.a(lib_a-svfprintf.o)
                                 0x44 (size before relaxing)
 *fill*         0x20007b72        0x2 00
 .rodata.str1.4
                0x20007b74       0x10 e:/program files (x86)/microsemi/softconsole v3.4/sourcery-g++/bin/../lib/gcc/arm-none-eabi/4.4.1/../../../../arm-none-eabi/lib/thumb2\libc.a(lib_a-dtoa.o)
                                 0x14 (size before relaxing)
 .rodata        0x20007b84       0x34 e:/program files (x86)/microsemi/softconsole v3.4/sourcery-g++/bin/../lib/gcc/arm-none-eabi/4.4.1/../../../../arm-none-eabi/lib/thumb2\libc.a(lib_a-locale.o)
 .rodata.str1.4
                0x20007bb8       0x10 e:/program files (x86)/microsemi/softconsole v3.4/sourcery-g++/bin/../lib/gcc/arm-none-eabi/4.4.1/../../../../arm-none-eabi/lib/thumb2\libc.a(lib_a-locale.o)
                                 0x18 (size before relaxing)
 .rodata        0x20007bc8      0x128 e:/program files (x86)/microsemi/softconsole v3.4/sourcery-g++/bin/../lib/gcc/arm-none-eabi/4.4.1/../../../../arm-none-eabi/lib/thumb2\libc.a(lib_a-mprec.o)
                0x20007bc8                __mprec_tens
                0x20007ca0                __mprec_bigtens
                0x20007cc8                __mprec_tinytens
 *(.ARM.extab* .gnu.linkonce.armextab.*)
 *(.gcc_except_table)
 *(.eh_frame_hdr)
 *(.eh_frame)
 *(.init)
 .init          0x20007cf0        0x4 e:/program files (x86)/microsemi/softconsole v3.4/sourcery-g++/bin/../lib/gcc/arm-none-eabi/4.4.1/thumb2/crti.o
                0x20007cf0                _init
 .init          0x20007cf4        0x8 e:/program files (x86)/microsemi/softconsole v3.4/sourcery-g++/bin/../lib/gcc/arm-none-eabi/4.4.1/thumb2/crtn.o
 *(.fini)
 .fini          0x20007cfc        0x4 e:/program files (x86)/microsemi/softconsole v3.4/sourcery-g++/bin/../lib/gcc/arm-none-eabi/4.4.1/thumb2/crti.o
                0x20007cfc                _fini
 .fini          0x20007d00        0x8 e:/program files (x86)/microsemi/softconsole v3.4/sourcery-g++/bin/../lib/gcc/arm-none-eabi/4.4.1/thumb2/crtn.o
                0x20007d08                PROVIDE (__preinit_array_start, .)
 *(.preinit_array)
                0x20007d08                PROVIDE (__preinit_array_end, .)
                0x20007d08                PROVIDE (__init_array_start, .)
 *(SORT(.init_array.*))
 *(.init_array)
 .init_array    0x20007d08        0x4 e:/program files (x86)/microsemi/softconsole v3.4/sourcery-g++/bin/../lib/gcc/arm-none-eabi/4.4.1/thumb2/crtbegin.o
                0x20007d0c                PROVIDE (__init_array_end, .)
                0x20007d0c                PROVIDE (__fini_array_start, .)
 *(.fini_array)
 .fini_array    0x20007d0c        0x4 e:/program files (x86)/microsemi/softconsole v3.4/sourcery-g++/bin/../lib/gcc/arm-none-eabi/4.4.1/thumb2/crtbegin.o
 *(SORT(.fini_array.*))
                0x20007d10                PROVIDE (__fini_array_end, .)
                0x20007d10                __exidx_start = .

.v4_bx          0x20007d10        0x0
 .v4_bx         0x00000000        0x0 linker stubs

.ARM.exidx      0x20007d10        0x8
 *(.ARM.exidx* .gnu.linkonce.armexidx.*)
 .ARM.exidx     0x20007d10        0x8 e:/program files (x86)/microsemi/softconsole v3.4/sourcery-g++/bin/../lib/gcc/arm-none-eabi/4.4.1/thumb2\libgcc.a(_divdi3.o)
 .ARM.exidx     0x20007d18        0x0 e:/program files (x86)/microsemi/softconsole v3.4/sourcery-g++/bin/../lib/gcc/arm-none-eabi/4.4.1/thumb2\libgcc.a(_udivdi3.o)
                                  0x8 (size before relaxing)
                0x20007d18                __exidx_end = .
                0x20007d18                _etext = .
                0x20007d18                PROVIDE (__text_end, .)

.data           0x20007d18      0x578
                0x20007d18                __data_load = LOADADDR (.data)
                0x20007d18                _sidata = LOADADDR (.data)
                0x20007d18                __data_start = .
                0x20007d18                _sdata = .
 *(.jcr)
 .jcr           0x20007d18        0x0 e:/program files (x86)/microsemi/softconsole v3.4/sourcery-g++/bin/../lib/gcc/arm-none-eabi/4.4.1/thumb2/crtbegin.o
 .jcr           0x20007d18        0x4 e:/program files (x86)/microsemi/softconsole v3.4/sourcery-g++/bin/../lib/gcc/arm-none-eabi/4.4.1/thumb2/crtend.o
 *(.got.plt)
 *(.got)
 *(.shdata)
 *(.data .data.* .gnu.linkonce.d.*)
 .data.SystemFrequency
                0x20007d1c        0x4 E:\repos\ECEN5863_projects\POT_Uart\Voltage_Monitor\Voltage_Monitor\SoftConsole\Voltage_Monitor_MSS_MSS_CM3_0\Voltage_Monitor_MSS_MSS_CM3_0_hw_platform\Debug\libVoltage_Monitor_MSS_MSS_CM3_0_hw_platform.a(system_a2fxxxm3.o)
                0x20007d1c                SystemFrequency
 .data.SystemCoreClock
                0x20007d20        0x4 E:\repos\ECEN5863_projects\POT_Uart\Voltage_Monitor\Voltage_Monitor\SoftConsole\Voltage_Monitor_MSS_MSS_CM3_0\Voltage_Monitor_MSS_MSS_CM3_0_hw_platform\Debug\libVoltage_Monitor_MSS_MSS_CM3_0_hw_platform.a(system_a2fxxxm3.o)
                0x20007d20                SystemCoreClock
 .data.g_FrequencyPCLK0
                0x20007d24        0x4 E:\repos\ECEN5863_projects\POT_Uart\Voltage_Monitor\Voltage_Monitor\SoftConsole\Voltage_Monitor_MSS_MSS_CM3_0\Voltage_Monitor_MSS_MSS_CM3_0_hw_platform\Debug\libVoltage_Monitor_MSS_MSS_CM3_0_hw_platform.a(system_a2fxxxm3.o)
                0x20007d24                g_FrequencyPCLK0
 .data.g_FrequencyPCLK1
                0x20007d28        0x4 E:\repos\ECEN5863_projects\POT_Uart\Voltage_Monitor\Voltage_Monitor\SoftConsole\Voltage_Monitor_MSS_MSS_CM3_0\Voltage_Monitor_MSS_MSS_CM3_0_hw_platform\Debug\libVoltage_Monitor_MSS_MSS_CM3_0_hw_platform.a(system_a2fxxxm3.o)
                0x20007d28                g_FrequencyPCLK1
 .data.g_FrequencyACE
                0x20007d2c        0x4 E:\repos\ECEN5863_projects\POT_Uart\Voltage_Monitor\Voltage_Monitor\SoftConsole\Voltage_Monitor_MSS_MSS_CM3_0\Voltage_Monitor_MSS_MSS_CM3_0_hw_platform\Debug\libVoltage_Monitor_MSS_MSS_CM3_0_hw_platform.a(system_a2fxxxm3.o)
                0x20007d2c                g_FrequencyACE
 .data.g_FrequencyFPGA
                0x20007d30        0x4 E:\repos\ECEN5863_projects\POT_Uart\Voltage_Monitor\Voltage_Monitor\SoftConsole\Voltage_Monitor_MSS_MSS_CM3_0\Voltage_Monitor_MSS_MSS_CM3_0_hw_platform\Debug\libVoltage_Monitor_MSS_MSS_CM3_0_hw_platform.a(system_a2fxxxm3.o)
                0x20007d30                g_FrequencyFPGA
 .data.g_ace_adc_config
                0x20007d34        0x8 E:\repos\ECEN5863_projects\POT_Uart\Voltage_Monitor\Voltage_Monitor\SoftConsole\Voltage_Monitor_MSS_MSS_CM3_0\Voltage_Monitor_MSS_MSS_CM3_0_hw_platform\Debug\libVoltage_Monitor_MSS_MSS_CM3_0_hw_platform.a(ace_config.o)
                0x20007d34                g_ace_adc_config
 .data.g_ace_channel_desc_table
                0x20007d3c       0x10 E:\repos\ECEN5863_projects\POT_Uart\Voltage_Monitor\Voltage_Monitor\SoftConsole\Voltage_Monitor_MSS_MSS_CM3_0\Voltage_Monitor_MSS_MSS_CM3_0_hw_platform\Debug\libVoltage_Monitor_MSS_MSS_CM3_0_hw_platform.a(ace_config.o)
                0x20007d3c                g_ace_channel_desc_table
 .data.g_ppe_flags_desc_table
                0x20007d4c       0x40 E:\repos\ECEN5863_projects\POT_Uart\Voltage_Monitor\Voltage_Monitor\SoftConsole\Voltage_Monitor_MSS_MSS_CM3_0\Voltage_Monitor_MSS_MSS_CM3_0_hw_platform\Debug\libVoltage_Monitor_MSS_MSS_CM3_0_hw_platform.a(ace_config.o)
                0x20007d4c                g_ppe_flags_desc_table
 .data          0x20007d8c       0xf4 e:/program files (x86)/microsemi/softconsole v3.4/sourcery-g++/bin/../lib/gcc/arm-none-eabi/4.4.1/../../../../arm-none-eabi/lib/thumb2\libc.a(lib_a-impure.o)
                0x20007d8c                _impure_ptr
 .data          0x20007e80      0x410 e:/program files (x86)/microsemi/softconsole v3.4/sourcery-g++/bin/../lib/gcc/arm-none-eabi/4.4.1/../../../../arm-none-eabi/lib/thumb2\libc.a(lib_a-mallocr.o)
                0x20007e80                __malloc_av_
                0x20008288                __malloc_sbrk_base
                0x2000828c                __malloc_trim_threshold
                0x20008290                . = ALIGN (0x4)
                0x20008290                _edata = .

.bss            0x20008290      0x3c8
                0x20008290                __bss_start__ = .
                0x20008290                _sbss = .
 *(.shbss)
 *(.bss .bss.* .gnu.linkonce.b.*)
 .bss           0x20008290        0x1 e:/program files (x86)/microsemi/softconsole v3.4/sourcery-g++/bin/../lib/gcc/arm-none-eabi/4.4.1/thumb2/crtbegin.o
 *fill*         0x20008291        0x3 00
 .bss.heap_end.2220
                0x20008294        0x4 E:/repos/ECEN5863_projects/POT_Uart/Voltage_Monitor/Voltage_Monitor/SoftConsole/Voltage_Monitor_MSS_MSS_CM3_0/Voltage_Monitor_MSS_MSS_CM3_0_hw_platform/Debug/CMSIS/startup_gcc/newlib_stubs.o
 .bss.g_gdec_lut
                0x20008298        0xc E:\repos\ECEN5863_projects\POT_Uart\Voltage_Monitor\Voltage_Monitor\SoftConsole\Voltage_Monitor_MSS_MSS_CM3_0\Voltage_Monitor_MSS_MSS_CM3_0_hw_platform\Debug\libVoltage_Monitor_MSS_MSS_CM3_0_hw_platform.a(ace_convert.o)
 .bss.channel_type_lut_h
                0x200082a4        0x4 E:\repos\ECEN5863_projects\POT_Uart\Voltage_Monitor\Voltage_Monitor\SoftConsole\Voltage_Monitor_MSS_MSS_CM3_0\Voltage_Monitor_MSS_MSS_CM3_0_hw_platform\Debug\libVoltage_Monitor_MSS_MSS_CM3_0_hw_platform.a(ace_convert.o)
 .bss.g_ppe_flag_handles_lut
                0x200082a8       0xa0 E:\repos\ECEN5863_projects\POT_Uart\Voltage_Monitor\Voltage_Monitor\SoftConsole\Voltage_Monitor_MSS_MSS_CM3_0\Voltage_Monitor_MSS_MSS_CM3_0_hw_platform\Debug\libVoltage_Monitor_MSS_MSS_CM3_0_hw_platform.a(ace_flags.o)
 .bss.g_ppe_flags_isr_lut
                0x20008348      0x280 E:\repos\ECEN5863_projects\POT_Uart\Voltage_Monitor\Voltage_Monitor\SoftConsole\Voltage_Monitor_MSS_MSS_CM3_0\Voltage_Monitor_MSS_MSS_CM3_0_hw_platform\Debug\libVoltage_Monitor_MSS_MSS_CM3_0_hw_platform.a(ace_flags.o)
 .bss.g_ppe_global_flags_isr
                0x200085c8        0x4 E:\repos\ECEN5863_projects\POT_Uart\Voltage_Monitor\Voltage_Monitor\SoftConsole\Voltage_Monitor_MSS_MSS_CM3_0\Voltage_Monitor_MSS_MSS_CM3_0_hw_platform\Debug\libVoltage_Monitor_MSS_MSS_CM3_0_hw_platform.a(ace_flags.o)
 .bss.g_ppe_channel_flags_isr_lut
                0x200085cc        0x4 E:\repos\ECEN5863_projects\POT_Uart\Voltage_Monitor\Voltage_Monitor\SoftConsole\Voltage_Monitor_MSS_MSS_CM3_0\Voltage_Monitor_MSS_MSS_CM3_0_hw_platform\Debug\libVoltage_Monitor_MSS_MSS_CM3_0_hw_platform.a(ace_flags.o)
 .bss           0x200085d0       0x34 e:/program files (x86)/microsemi/softconsole v3.4/sourcery-g++/bin/../lib/gcc/arm-none-eabi/4.4.1/../../../../arm-none-eabi/lib/thumb2\libc.a(lib_a-mallocr.o)
                0x200085d0                __malloc_top_pad
                0x200085d4                __malloc_current_mallinfo
                0x200085fc                __malloc_max_sbrked_mem
                0x20008600                __malloc_max_total_mem
 *(COMMON)
 COMMON         0x20008604       0x50 E:\repos\ECEN5863_projects\POT_Uart\Voltage_Monitor\Voltage_Monitor\SoftConsole\Voltage_Monitor_MSS_MSS_CM3_0\Voltage_Monitor_MSS_MSS_CM3_0_hw_platform\Debug\libVoltage_Monitor_MSS_MSS_CM3_0_hw_platform.a(mss_uart.o)
                0x20008604                g_mss_uart1
                0x2000862c                g_mss_uart0
 COMMON         0x20008654        0x4 e:/program files (x86)/microsemi/softconsole v3.4/sourcery-g++/bin/../lib/gcc/arm-none-eabi/4.4.1/../../../../arm-none-eabi/lib/thumb2\libc.a(lib_a-reent.o)
                0x20008654                errno
                0x20008658                . = ALIGN (0x8)
                0x20008658                __bss_end__ = .
                0x20008658                _end = .
                0x20008658                __end = _end
                0x20008658                _ebss = .
                0x20008658                PROVIDE (end, .)

.stack          0x20008658     0x3000
                0x20008658                . = ALIGN (0x4)
                0x20009658                . = (. + PROCESS_STACK_SIZE)
 *fill*         0x20008658     0x1000 00
                0x20009658                . = ALIGN (0x4)
                0x2000b658                . = (. + MAIN_STACK_SIZE)
 *fill*         0x20009658     0x2000 00
                0x2000b658                . = ALIGN (0x4)

.stab
 *(.stab)

.stabstr
 *(.stabstr)

.debug
 *(.debug)

.line
 *(.line)

.debug_srcinfo
 *(.debug_srcinfo)

.debug_sfnames
 *(.debug_sfnames)

.comment        0x00000000      0x183
 .comment       0x00000000       0x2b ./main.o
 .comment       0x0000002b       0x2b E:/repos/ECEN5863_projects/POT_Uart/Voltage_Monitor/Voltage_Monitor/SoftConsole/Voltage_Monitor_MSS_MSS_CM3_0/Voltage_Monitor_MSS_MSS_CM3_0_hw_platform/Debug/CMSIS/startup_gcc/newlib_stubs.o
 .comment       0x00000056       0x2b E:\repos\ECEN5863_projects\POT_Uart\Voltage_Monitor\Voltage_Monitor\SoftConsole\Voltage_Monitor_MSS_MSS_CM3_0\Voltage_Monitor_MSS_MSS_CM3_0_hw_platform\Debug\libVoltage_Monitor_MSS_MSS_CM3_0_hw_platform.a(mss_uart.o)
 .comment       0x00000081       0x2b E:\repos\ECEN5863_projects\POT_Uart\Voltage_Monitor\Voltage_Monitor\SoftConsole\Voltage_Monitor_MSS_MSS_CM3_0\Voltage_Monitor_MSS_MSS_CM3_0_hw_platform\Debug\libVoltage_Monitor_MSS_MSS_CM3_0_hw_platform.a(mss_gpio.o)
 .comment       0x000000ac       0x2b E:\repos\ECEN5863_projects\POT_Uart\Voltage_Monitor\Voltage_Monitor\SoftConsole\Voltage_Monitor_MSS_MSS_CM3_0\Voltage_Monitor_MSS_MSS_CM3_0_hw_platform\Debug\libVoltage_Monitor_MSS_MSS_CM3_0_hw_platform.a(ace_convert.o)
 .comment       0x000000d7       0x2b E:\repos\ECEN5863_projects\POT_Uart\Voltage_Monitor\Voltage_Monitor\SoftConsole\Voltage_Monitor_MSS_MSS_CM3_0\Voltage_Monitor_MSS_MSS_CM3_0_hw_platform\Debug\libVoltage_Monitor_MSS_MSS_CM3_0_hw_platform.a(ace_flags.o)
 .comment       0x00000102       0x2b E:\repos\ECEN5863_projects\POT_Uart\Voltage_Monitor\Voltage_Monitor\SoftConsole\Voltage_Monitor_MSS_MSS_CM3_0\Voltage_Monitor_MSS_MSS_CM3_0_hw_platform\Debug\libVoltage_Monitor_MSS_MSS_CM3_0_hw_platform.a(mss_ace.o)
 .comment       0x0000012d       0x2b E:\repos\ECEN5863_projects\POT_Uart\Voltage_Monitor\Voltage_Monitor\SoftConsole\Voltage_Monitor_MSS_MSS_CM3_0\Voltage_Monitor_MSS_MSS_CM3_0_hw_platform\Debug\libVoltage_Monitor_MSS_MSS_CM3_0_hw_platform.a(system_a2fxxxm3.o)
 .comment       0x00000158       0x2b E:\repos\ECEN5863_projects\POT_Uart\Voltage_Monitor\Voltage_Monitor\SoftConsole\Voltage_Monitor_MSS_MSS_CM3_0\Voltage_Monitor_MSS_MSS_CM3_0_hw_platform\Debug\libVoltage_Monitor_MSS_MSS_CM3_0_hw_platform.a(ace_config.o)

.debug_aranges  0x00000000      0x5b8
 *(.debug_aranges)
 .debug_aranges
                0x00000000       0x28 ./main.o
 .debug_aranges
                0x00000028       0xa8 E:/repos/ECEN5863_projects/POT_Uart/Voltage_Monitor/Voltage_Monitor/SoftConsole/Voltage_Monitor_MSS_MSS_CM3_0/Voltage_Monitor_MSS_MSS_CM3_0_hw_platform/Debug/CMSIS/startup_gcc/newlib_stubs.o
 .debug_aranges
                0x000000d0       0xd8 E:\repos\ECEN5863_projects\POT_Uart\Voltage_Monitor\Voltage_Monitor\SoftConsole\Voltage_Monitor_MSS_MSS_CM3_0\Voltage_Monitor_MSS_MSS_CM3_0_hw_platform\Debug\libVoltage_Monitor_MSS_MSS_CM3_0_hw_platform.a(mss_uart.o)
 .debug_aranges
                0x000001a8       0x60 E:\repos\ECEN5863_projects\POT_Uart\Voltage_Monitor\Voltage_Monitor\SoftConsole\Voltage_Monitor_MSS_MSS_CM3_0\Voltage_Monitor_MSS_MSS_CM3_0_hw_platform\Debug\libVoltage_Monitor_MSS_MSS_CM3_0_hw_platform.a(mss_gpio.o)
 .debug_aranges
                0x00000208       0xb0 E:\repos\ECEN5863_projects\POT_Uart\Voltage_Monitor\Voltage_Monitor\SoftConsole\Voltage_Monitor_MSS_MSS_CM3_0\Voltage_Monitor_MSS_MSS_CM3_0_hw_platform\Debug\libVoltage_Monitor_MSS_MSS_CM3_0_hw_platform.a(ace_convert.o)
 .debug_aranges
                0x000002b8      0x1f0 E:\repos\ECEN5863_projects\POT_Uart\Voltage_Monitor\Voltage_Monitor\SoftConsole\Voltage_Monitor_MSS_MSS_CM3_0\Voltage_Monitor_MSS_MSS_CM3_0_hw_platform\Debug\libVoltage_Monitor_MSS_MSS_CM3_0_hw_platform.a(ace_flags.o)
 .debug_aranges
                0x000004a8       0xe0 E:\repos\ECEN5863_projects\POT_Uart\Voltage_Monitor\Voltage_Monitor\SoftConsole\Voltage_Monitor_MSS_MSS_CM3_0\Voltage_Monitor_MSS_MSS_CM3_0_hw_platform\Debug\libVoltage_Monitor_MSS_MSS_CM3_0_hw_platform.a(mss_ace.o)
 .debug_aranges
                0x00000588       0x30 E:\repos\ECEN5863_projects\POT_Uart\Voltage_Monitor\Voltage_Monitor\SoftConsole\Voltage_Monitor_MSS_MSS_CM3_0\Voltage_Monitor_MSS_MSS_CM3_0_hw_platform\Debug\libVoltage_Monitor_MSS_MSS_CM3_0_hw_platform.a(system_a2fxxxm3.o)

.debug_pubnames
                0x00000000     0x114b
 *(.debug_pubnames)
 .debug_pubnames
                0x00000000       0x1b ./main.o
 .debug_pubnames
                0x0000001b       0xeb E:/repos/ECEN5863_projects/POT_Uart/Voltage_Monitor/Voltage_Monitor/SoftConsole/Voltage_Monitor_MSS_MSS_CM3_0/Voltage_Monitor_MSS_MSS_CM3_0_hw_platform/Debug/CMSIS/startup_gcc/newlib_stubs.o
 .debug_pubnames
                0x00000106      0x21c E:\repos\ECEN5863_projects\POT_Uart\Voltage_Monitor\Voltage_Monitor\SoftConsole\Voltage_Monitor_MSS_MSS_CM3_0\Voltage_Monitor_MSS_MSS_CM3_0_hw_platform\Debug\libVoltage_Monitor_MSS_MSS_CM3_0_hw_platform.a(mss_uart.o)
 .debug_pubnames
                0x00000322       0xb1 E:\repos\ECEN5863_projects\POT_Uart\Voltage_Monitor\Voltage_Monitor\SoftConsole\Voltage_Monitor_MSS_MSS_CM3_0\Voltage_Monitor_MSS_MSS_CM3_0_hw_platform\Debug\libVoltage_Monitor_MSS_MSS_CM3_0_hw_platform.a(mss_gpio.o)
 .debug_pubnames
                0x000003d3      0x1ec E:\repos\ECEN5863_projects\POT_Uart\Voltage_Monitor\Voltage_Monitor\SoftConsole\Voltage_Monitor_MSS_MSS_CM3_0\Voltage_Monitor_MSS_MSS_CM3_0_hw_platform\Debug\libVoltage_Monitor_MSS_MSS_CM3_0_hw_platform.a(ace_convert.o)
 .debug_pubnames
                0x000005bf      0x65f E:\repos\ECEN5863_projects\POT_Uart\Voltage_Monitor\Voltage_Monitor\SoftConsole\Voltage_Monitor_MSS_MSS_CM3_0\Voltage_Monitor_MSS_MSS_CM3_0_hw_platform\Debug\libVoltage_Monitor_MSS_MSS_CM3_0_hw_platform.a(ace_flags.o)
 .debug_pubnames
                0x00000c1e      0x292 E:\repos\ECEN5863_projects\POT_Uart\Voltage_Monitor\Voltage_Monitor\SoftConsole\Voltage_Monitor_MSS_MSS_CM3_0\Voltage_Monitor_MSS_MSS_CM3_0_hw_platform\Debug\libVoltage_Monitor_MSS_MSS_CM3_0_hw_platform.a(mss_ace.o)
 .debug_pubnames
                0x00000eb0       0xb4 E:\repos\ECEN5863_projects\POT_Uart\Voltage_Monitor\Voltage_Monitor\SoftConsole\Voltage_Monitor_MSS_MSS_CM3_0\Voltage_Monitor_MSS_MSS_CM3_0_hw_platform\Debug\libVoltage_Monitor_MSS_MSS_CM3_0_hw_platform.a(system_a2fxxxm3.o)
 .debug_pubnames
                0x00000f64      0x1e7 E:\repos\ECEN5863_projects\POT_Uart\Voltage_Monitor\Voltage_Monitor\SoftConsole\Voltage_Monitor_MSS_MSS_CM3_0\Voltage_Monitor_MSS_MSS_CM3_0_hw_platform\Debug\libVoltage_Monitor_MSS_MSS_CM3_0_hw_platform.a(ace_config.o)

.debug_info     0x00000000     0xa9e0
 *(.debug_info .gnu.linkonce.wi.*)
 .debug_info    0x00000000      0xf3b ./main.o
 .debug_info    0x00000f3b      0x6bf E:/repos/ECEN5863_projects/POT_Uart/Voltage_Monitor/Voltage_Monitor/SoftConsole/Voltage_Monitor_MSS_MSS_CM3_0/Voltage_Monitor_MSS_MSS_CM3_0_hw_platform/Debug/CMSIS/startup_gcc/newlib_stubs.o
 .debug_info    0x000015fa     0x15a4 E:\repos\ECEN5863_projects\POT_Uart\Voltage_Monitor\Voltage_Monitor\SoftConsole\Voltage_Monitor_MSS_MSS_CM3_0\Voltage_Monitor_MSS_MSS_CM3_0_hw_platform\Debug\libVoltage_Monitor_MSS_MSS_CM3_0_hw_platform.a(mss_uart.o)
 .debug_info    0x00002b9e     0x1114 E:\repos\ECEN5863_projects\POT_Uart\Voltage_Monitor\Voltage_Monitor\SoftConsole\Voltage_Monitor_MSS_MSS_CM3_0\Voltage_Monitor_MSS_MSS_CM3_0_hw_platform\Debug\libVoltage_Monitor_MSS_MSS_CM3_0_hw_platform.a(mss_gpio.o)
 .debug_info    0x00003cb2     0x1aa2 E:\repos\ECEN5863_projects\POT_Uart\Voltage_Monitor\Voltage_Monitor\SoftConsole\Voltage_Monitor_MSS_MSS_CM3_0\Voltage_Monitor_MSS_MSS_CM3_0_hw_platform\Debug\libVoltage_Monitor_MSS_MSS_CM3_0_hw_platform.a(ace_convert.o)
 .debug_info    0x00005754     0x2846 E:\repos\ECEN5863_projects\POT_Uart\Voltage_Monitor\Voltage_Monitor\SoftConsole\Voltage_Monitor_MSS_MSS_CM3_0\Voltage_Monitor_MSS_MSS_CM3_0_hw_platform\Debug\libVoltage_Monitor_MSS_MSS_CM3_0_hw_platform.a(ace_flags.o)
 .debug_info    0x00007f9a     0x1afb E:\repos\ECEN5863_projects\POT_Uart\Voltage_Monitor\Voltage_Monitor\SoftConsole\Voltage_Monitor_MSS_MSS_CM3_0\Voltage_Monitor_MSS_MSS_CM3_0_hw_platform\Debug\libVoltage_Monitor_MSS_MSS_CM3_0_hw_platform.a(mss_ace.o)
 .debug_info    0x00009a95      0x53c E:\repos\ECEN5863_projects\POT_Uart\Voltage_Monitor\Voltage_Monitor\SoftConsole\Voltage_Monitor_MSS_MSS_CM3_0\Voltage_Monitor_MSS_MSS_CM3_0_hw_platform\Debug\libVoltage_Monitor_MSS_MSS_CM3_0_hw_platform.a(system_a2fxxxm3.o)
 .debug_info    0x00009fd1      0xa0f E:\repos\ECEN5863_projects\POT_Uart\Voltage_Monitor\Voltage_Monitor\SoftConsole\Voltage_Monitor_MSS_MSS_CM3_0\Voltage_Monitor_MSS_MSS_CM3_0_hw_platform\Debug\libVoltage_Monitor_MSS_MSS_CM3_0_hw_platform.a(ace_config.o)

.debug_abbrev   0x00000000      0xdff
 *(.debug_abbrev)
 .debug_abbrev  0x00000000      0x1a6 ./main.o
 .debug_abbrev  0x000001a6      0x130 E:/repos/ECEN5863_projects/POT_Uart/Voltage_Monitor/Voltage_Monitor/SoftConsole/Voltage_Monitor_MSS_MSS_CM3_0/Voltage_Monitor_MSS_MSS_CM3_0_hw_platform/Debug/CMSIS/startup_gcc/newlib_stubs.o
 .debug_abbrev  0x000002d6      0x245 E:\repos\ECEN5863_projects\POT_Uart\Voltage_Monitor\Voltage_Monitor\SoftConsole\Voltage_Monitor_MSS_MSS_CM3_0\Voltage_Monitor_MSS_MSS_CM3_0_hw_platform\Debug\libVoltage_Monitor_MSS_MSS_CM3_0_hw_platform.a(mss_uart.o)
 .debug_abbrev  0x0000051b      0x181 E:\repos\ECEN5863_projects\POT_Uart\Voltage_Monitor\Voltage_Monitor\SoftConsole\Voltage_Monitor_MSS_MSS_CM3_0\Voltage_Monitor_MSS_MSS_CM3_0_hw_platform\Debug\libVoltage_Monitor_MSS_MSS_CM3_0_hw_platform.a(mss_gpio.o)
 .debug_abbrev  0x0000069c      0x191 E:\repos\ECEN5863_projects\POT_Uart\Voltage_Monitor\Voltage_Monitor\SoftConsole\Voltage_Monitor_MSS_MSS_CM3_0\Voltage_Monitor_MSS_MSS_CM3_0_hw_platform\Debug\libVoltage_Monitor_MSS_MSS_CM3_0_hw_platform.a(ace_convert.o)
 .debug_abbrev  0x0000082d      0x1d2 E:\repos\ECEN5863_projects\POT_Uart\Voltage_Monitor\Voltage_Monitor\SoftConsole\Voltage_Monitor_MSS_MSS_CM3_0\Voltage_Monitor_MSS_MSS_CM3_0_hw_platform\Debug\libVoltage_Monitor_MSS_MSS_CM3_0_hw_platform.a(ace_flags.o)
 .debug_abbrev  0x000009ff      0x225 E:\repos\ECEN5863_projects\POT_Uart\Voltage_Monitor\Voltage_Monitor\SoftConsole\Voltage_Monitor_MSS_MSS_CM3_0\Voltage_Monitor_MSS_MSS_CM3_0_hw_platform\Debug\libVoltage_Monitor_MSS_MSS_CM3_0_hw_platform.a(mss_ace.o)
 .debug_abbrev  0x00000c24      0x111 E:\repos\ECEN5863_projects\POT_Uart\Voltage_Monitor\Voltage_Monitor\SoftConsole\Voltage_Monitor_MSS_MSS_CM3_0\Voltage_Monitor_MSS_MSS_CM3_0_hw_platform\Debug\libVoltage_Monitor_MSS_MSS_CM3_0_hw_platform.a(system_a2fxxxm3.o)
 .debug_abbrev  0x00000d35       0xca E:\repos\ECEN5863_projects\POT_Uart\Voltage_Monitor\Voltage_Monitor\SoftConsole\Voltage_Monitor_MSS_MSS_CM3_0\Voltage_Monitor_MSS_MSS_CM3_0_hw_platform\Debug\libVoltage_Monitor_MSS_MSS_CM3_0_hw_platform.a(ace_config.o)

.debug_line     0x00000000     0x2e9b
 *(.debug_line)
 .debug_line    0x00000000      0x7fa ./main.o
 .debug_line    0x000007fa      0x4a8 E:/repos/ECEN5863_projects/POT_Uart/Voltage_Monitor/Voltage_Monitor/SoftConsole/Voltage_Monitor_MSS_MSS_CM3_0/Voltage_Monitor_MSS_MSS_CM3_0_hw_platform/Debug/CMSIS/startup_gcc/newlib_stubs.o
 .debug_line    0x00000ca2      0x5c5 E:\repos\ECEN5863_projects\POT_Uart\Voltage_Monitor\Voltage_Monitor\SoftConsole\Voltage_Monitor_MSS_MSS_CM3_0\Voltage_Monitor_MSS_MSS_CM3_0_hw_platform\Debug\libVoltage_Monitor_MSS_MSS_CM3_0_hw_platform.a(mss_uart.o)
 .debug_line    0x00001267      0x362 E:\repos\ECEN5863_projects\POT_Uart\Voltage_Monitor\Voltage_Monitor\SoftConsole\Voltage_Monitor_MSS_MSS_CM3_0\Voltage_Monitor_MSS_MSS_CM3_0_hw_platform\Debug\libVoltage_Monitor_MSS_MSS_CM3_0_hw_platform.a(mss_gpio.o)
 .debug_line    0x000015c9      0x511 E:\repos\ECEN5863_projects\POT_Uart\Voltage_Monitor\Voltage_Monitor\SoftConsole\Voltage_Monitor_MSS_MSS_CM3_0\Voltage_Monitor_MSS_MSS_CM3_0_hw_platform\Debug\libVoltage_Monitor_MSS_MSS_CM3_0_hw_platform.a(ace_convert.o)
 .debug_line    0x00001ada      0x904 E:\repos\ECEN5863_projects\POT_Uart\Voltage_Monitor\Voltage_Monitor\SoftConsole\Voltage_Monitor_MSS_MSS_CM3_0\Voltage_Monitor_MSS_MSS_CM3_0_hw_platform\Debug\libVoltage_Monitor_MSS_MSS_CM3_0_hw_platform.a(ace_flags.o)
 .debug_line    0x000023de      0x649 E:\repos\ECEN5863_projects\POT_Uart\Voltage_Monitor\Voltage_Monitor\SoftConsole\Voltage_Monitor_MSS_MSS_CM3_0\Voltage_Monitor_MSS_MSS_CM3_0_hw_platform\Debug\libVoltage_Monitor_MSS_MSS_CM3_0_hw_platform.a(mss_ace.o)
 .debug_line    0x00002a27      0x2b7 E:\repos\ECEN5863_projects\POT_Uart\Voltage_Monitor\Voltage_Monitor\SoftConsole\Voltage_Monitor_MSS_MSS_CM3_0\Voltage_Monitor_MSS_MSS_CM3_0_hw_platform\Debug\libVoltage_Monitor_MSS_MSS_CM3_0_hw_platform.a(system_a2fxxxm3.o)
 .debug_line    0x00002cde      0x1bd E:\repos\ECEN5863_projects\POT_Uart\Voltage_Monitor\Voltage_Monitor\SoftConsole\Voltage_Monitor_MSS_MSS_CM3_0\Voltage_Monitor_MSS_MSS_CM3_0_hw_platform\Debug\libVoltage_Monitor_MSS_MSS_CM3_0_hw_platform.a(ace_config.o)

.debug_frame    0x00000000     0x1bf0
 *(.debug_frame)
 .debug_frame   0x00000000       0x4c ./main.o
 .debug_frame   0x0000004c      0x21c E:/repos/ECEN5863_projects/POT_Uart/Voltage_Monitor/Voltage_Monitor/SoftConsole/Voltage_Monitor_MSS_MSS_CM3_0/Voltage_Monitor_MSS_MSS_CM3_0_hw_platform/Debug/CMSIS/startup_gcc/newlib_stubs.o
 .debug_frame   0x00000268      0x2e4 E:\repos\ECEN5863_projects\POT_Uart\Voltage_Monitor\Voltage_Monitor\SoftConsole\Voltage_Monitor_MSS_MSS_CM3_0\Voltage_Monitor_MSS_MSS_CM3_0_hw_platform\Debug\libVoltage_Monitor_MSS_MSS_CM3_0_hw_platform.a(mss_uart.o)
 .debug_frame   0x0000054c      0x118 E:\repos\ECEN5863_projects\POT_Uart\Voltage_Monitor\Voltage_Monitor\SoftConsole\Voltage_Monitor_MSS_MSS_CM3_0\Voltage_Monitor_MSS_MSS_CM3_0_hw_platform\Debug\libVoltage_Monitor_MSS_MSS_CM3_0_hw_platform.a(mss_gpio.o)
 .debug_frame   0x00000664      0x24c E:\repos\ECEN5863_projects\POT_Uart\Voltage_Monitor\Voltage_Monitor\SoftConsole\Voltage_Monitor_MSS_MSS_CM3_0\Voltage_Monitor_MSS_MSS_CM3_0_hw_platform\Debug\libVoltage_Monitor_MSS_MSS_CM3_0_hw_platform.a(ace_convert.o)
 .debug_frame   0x000008b0      0x7b4 E:\repos\ECEN5863_projects\POT_Uart\Voltage_Monitor\Voltage_Monitor\SoftConsole\Voltage_Monitor_MSS_MSS_CM3_0\Voltage_Monitor_MSS_MSS_CM3_0_hw_platform\Debug\libVoltage_Monitor_MSS_MSS_CM3_0_hw_platform.a(ace_flags.o)
 .debug_frame   0x00001064      0x2cc E:\repos\ECEN5863_projects\POT_Uart\Voltage_Monitor\Voltage_Monitor\SoftConsole\Voltage_Monitor_MSS_MSS_CM3_0\Voltage_Monitor_MSS_MSS_CM3_0_hw_platform\Debug\libVoltage_Monitor_MSS_MSS_CM3_0_hw_platform.a(mss_ace.o)
 .debug_frame   0x00001330       0x64 E:\repos\ECEN5863_projects\POT_Uart\Voltage_Monitor\Voltage_Monitor\SoftConsole\Voltage_Monitor_MSS_MSS_CM3_0\Voltage_Monitor_MSS_MSS_CM3_0_hw_platform\Debug\libVoltage_Monitor_MSS_MSS_CM3_0_hw_platform.a(system_a2fxxxm3.o)
 .debug_frame   0x00001394       0x20 e:/program files (x86)/microsemi/softconsole v3.4/sourcery-g++/bin/../lib/gcc/arm-none-eabi/4.4.1/../../../../arm-none-eabi/lib/thumb2\libc.a(lib_a-errno.o)
 .debug_frame   0x000013b4       0x2c e:/program files (x86)/microsemi/softconsole v3.4/sourcery-g++/bin/../lib/gcc/arm-none-eabi/4.4.1/../../../../arm-none-eabi/lib/thumb2\libc.a(lib_a-init.o)
 .debug_frame   0x000013e0       0x34 e:/program files (x86)/microsemi/softconsole v3.4/sourcery-g++/bin/../lib/gcc/arm-none-eabi/4.4.1/../../../../arm-none-eabi/lib/thumb2\libc.a(lib_a-memcpy.o)
 .debug_frame   0x00001414       0x64 e:/program files (x86)/microsemi/softconsole v3.4/sourcery-g++/bin/../lib/gcc/arm-none-eabi/4.4.1/../../../../arm-none-eabi/lib/thumb2\libc.a(lib_a-snprintf.o)
 .debug_frame   0x00001478       0x28 e:/program files (x86)/microsemi/softconsole v3.4/sourcery-g++/bin/../lib/gcc/arm-none-eabi/4.4.1/../../../../arm-none-eabi/lib/thumb2\libc.a(lib_a-strncmp.o)
 .debug_frame   0x000014a0       0x68 e:/program files (x86)/microsemi/softconsole v3.4/sourcery-g++/bin/../lib/gcc/arm-none-eabi/4.4.1/../../../../arm-none-eabi/lib/thumb2\libc.a(lib_a-svfprintf.o)
 .debug_frame   0x00001508       0x64 e:/program files (x86)/microsemi/softconsole v3.4/sourcery-g++/bin/../lib/gcc/arm-none-eabi/4.4.1/../../../../arm-none-eabi/lib/thumb2\libc.a(lib_a-dtoa.o)
 .debug_frame   0x0000156c       0x50 e:/program files (x86)/microsemi/softconsole v3.4/sourcery-g++/bin/../lib/gcc/arm-none-eabi/4.4.1/../../../../arm-none-eabi/lib/thumb2\libc.a(lib_a-freer.o)
 .debug_frame   0x000015bc       0x6c e:/program files (x86)/microsemi/softconsole v3.4/sourcery-g++/bin/../lib/gcc/arm-none-eabi/4.4.1/../../../../arm-none-eabi/lib/thumb2\libc.a(lib_a-locale.o)
 .debug_frame   0x00001628       0x30 e:/program files (x86)/microsemi/softconsole v3.4/sourcery-g++/bin/../lib/gcc/arm-none-eabi/4.4.1/../../../../arm-none-eabi/lib/thumb2\libc.a(lib_a-malloc.o)
 .debug_frame   0x00001658       0x3c e:/program files (x86)/microsemi/softconsole v3.4/sourcery-g++/bin/../lib/gcc/arm-none-eabi/4.4.1/../../../../arm-none-eabi/lib/thumb2\libc.a(lib_a-mallocr.o)
 .debug_frame   0x00001694       0x28 e:/program files (x86)/microsemi/softconsole v3.4/sourcery-g++/bin/../lib/gcc/arm-none-eabi/4.4.1/../../../../arm-none-eabi/lib/thumb2\libc.a(lib_a-memchr.o)
 .debug_frame   0x000016bc       0x2c e:/program files (x86)/microsemi/softconsole v3.4/sourcery-g++/bin/../lib/gcc/arm-none-eabi/4.4.1/../../../../arm-none-eabi/lib/thumb2\libc.a(lib_a-memmove.o)
 .debug_frame   0x000016e8       0x30 e:/program files (x86)/microsemi/softconsole v3.4/sourcery-g++/bin/../lib/gcc/arm-none-eabi/4.4.1/../../../../arm-none-eabi/lib/thumb2\libc.a(lib_a-mlock.o)
 .debug_frame   0x00001718      0x240 e:/program files (x86)/microsemi/softconsole v3.4/sourcery-g++/bin/../lib/gcc/arm-none-eabi/4.4.1/../../../../arm-none-eabi/lib/thumb2\libc.a(lib_a-mprec.o)
 .debug_frame   0x00001958       0x3c e:/program files (x86)/microsemi/softconsole v3.4/sourcery-g++/bin/../lib/gcc/arm-none-eabi/4.4.1/../../../../arm-none-eabi/lib/thumb2\libc.a(lib_a-reallocr.o)
 .debug_frame   0x00001994       0x20 e:/program files (x86)/microsemi/softconsole v3.4/sourcery-g++/bin/../lib/gcc/arm-none-eabi/4.4.1/../../../../arm-none-eabi/lib/thumb2\libc.a(lib_a-s_isinfd.o)
 .debug_frame   0x000019b4       0x20 e:/program files (x86)/microsemi/softconsole v3.4/sourcery-g++/bin/../lib/gcc/arm-none-eabi/4.4.1/../../../../arm-none-eabi/lib/thumb2\libc.a(lib_a-s_isnand.o)
 .debug_frame   0x000019d4       0x2c e:/program files (x86)/microsemi/softconsole v3.4/sourcery-g++/bin/../lib/gcc/arm-none-eabi/4.4.1/../../../../arm-none-eabi/lib/thumb2\libc.a(lib_a-sbrkr.o)
 .debug_frame   0x00001a00       0x30 e:/program files (x86)/microsemi/softconsole v3.4/sourcery-g++/bin/../lib/gcc/arm-none-eabi/4.4.1/../../../../arm-none-eabi/lib/thumb2\libc.a(lib_a-strcmp.o)
 .debug_frame   0x00001a30       0x20 e:/program files (x86)/microsemi/softconsole v3.4/sourcery-g++/bin/../lib/gcc/arm-none-eabi/4.4.1/../../../../arm-none-eabi/lib/thumb2\libc.a(lib_a-strlen.o)
 .debug_frame   0x00001a50       0x2c e:/program files (x86)/microsemi/softconsole v3.4/sourcery-g++/bin/../lib/gcc/arm-none-eabi/4.4.1/../../../../arm-none-eabi/lib/thumb2\libc.a(lib_a-callocr.o)
 .debug_frame   0x00001a7c       0x28 e:/program files (x86)/microsemi/softconsole v3.4/sourcery-g++/bin/../lib/gcc/arm-none-eabi/4.4.1/../../../../arm-none-eabi/lib/thumb2\libc.a(lib_a-memset.o)
 .debug_frame   0x00001aa4       0x64 e:/program files (x86)/microsemi/softconsole v3.4/sourcery-g++/bin/../lib/gcc/arm-none-eabi/4.4.1/../../../../arm-none-eabi/lib/thumb2\libc.a(lib_a-reent.o)
 .debug_frame   0x00001b08       0x20 e:/program files (x86)/microsemi/softconsole v3.4/sourcery-g++/bin/../lib/gcc/arm-none-eabi/4.4.1/thumb2\libgcc.a(_udivsi3.o)
 .debug_frame   0x00001b28       0x50 e:/program files (x86)/microsemi/softconsole v3.4/sourcery-g++/bin/../lib/gcc/arm-none-eabi/4.4.1/thumb2\libgcc.a(bpabi.o)
 .debug_frame   0x00001b78       0x3c e:/program files (x86)/microsemi/softconsole v3.4/sourcery-g++/bin/../lib/gcc/arm-none-eabi/4.4.1/thumb2\libgcc.a(_divdi3.o)
 .debug_frame   0x00001bb4       0x3c e:/program files (x86)/microsemi/softconsole v3.4/sourcery-g++/bin/../lib/gcc/arm-none-eabi/4.4.1/thumb2\libgcc.a(_udivdi3.o)

.debug_str      0x00000000     0x44a1
 *(.debug_str)
 .debug_str     0x00000000     0x1281 ./main.o
                               0x131b (size before relaxing)
 .debug_str     0x00001281      0x27c E:/repos/ECEN5863_projects/POT_Uart/Voltage_Monitor/Voltage_Monitor/SoftConsole/Voltage_Monitor_MSS_MSS_CM3_0/Voltage_Monitor_MSS_MSS_CM3_0_hw_platform/Debug/CMSIS/startup_gcc/newlib_stubs.o
                                0x35e (size before relaxing)
 .debug_str     0x000014fd      0x628 E:\repos\ECEN5863_projects\POT_Uart\Voltage_Monitor\Voltage_Monitor\SoftConsole\Voltage_Monitor_MSS_MSS_CM3_0\Voltage_Monitor_MSS_MSS_CM3_0_hw_platform\Debug\libVoltage_Monitor_MSS_MSS_CM3_0_hw_platform.a(mss_uart.o)
                               0x14ef (size before relaxing)
 .debug_str     0x00001b25      0x14f E:\repos\ECEN5863_projects\POT_Uart\Voltage_Monitor\Voltage_Monitor\SoftConsole\Voltage_Monitor_MSS_MSS_CM3_0\Voltage_Monitor_MSS_MSS_CM3_0_hw_platform\Debug\libVoltage_Monitor_MSS_MSS_CM3_0_hw_platform.a(mss_gpio.o)
                               0x12c7 (size before relaxing)
 .debug_str     0x00001c74      0xd87 E:\repos\ECEN5863_projects\POT_Uart\Voltage_Monitor\Voltage_Monitor\SoftConsole\Voltage_Monitor_MSS_MSS_CM3_0\Voltage_Monitor_MSS_MSS_CM3_0_hw_platform\Debug\libVoltage_Monitor_MSS_MSS_CM3_0_hw_platform.a(ace_convert.o)
                                0xfe5 (size before relaxing)
 .debug_str     0x000029fb     0x1163 E:\repos\ECEN5863_projects\POT_Uart\Voltage_Monitor\Voltage_Monitor\SoftConsole\Voltage_Monitor_MSS_MSS_CM3_0\Voltage_Monitor_MSS_MSS_CM3_0_hw_platform\Debug\libVoltage_Monitor_MSS_MSS_CM3_0_hw_platform.a(ace_flags.o)
                               0x2913 (size before relaxing)
 .debug_str     0x00003b5e      0x642 E:\repos\ECEN5863_projects\POT_Uart\Voltage_Monitor\Voltage_Monitor\SoftConsole\Voltage_Monitor_MSS_MSS_CM3_0\Voltage_Monitor_MSS_MSS_CM3_0_hw_platform\Debug\libVoltage_Monitor_MSS_MSS_CM3_0_hw_platform.a(mss_ace.o)
                               0x1313 (size before relaxing)
 .debug_str     0x000041a0       0xf7 E:\repos\ECEN5863_projects\POT_Uart\Voltage_Monitor\Voltage_Monitor\SoftConsole\Voltage_Monitor_MSS_MSS_CM3_0\Voltage_Monitor_MSS_MSS_CM3_0_hw_platform\Debug\libVoltage_Monitor_MSS_MSS_CM3_0_hw_platform.a(system_a2fxxxm3.o)
                                0x492 (size before relaxing)
 .debug_str     0x00004297      0x20a E:\repos\ECEN5863_projects\POT_Uart\Voltage_Monitor\Voltage_Monitor\SoftConsole\Voltage_Monitor_MSS_MSS_CM3_0\Voltage_Monitor_MSS_MSS_CM3_0_hw_platform\Debug\libVoltage_Monitor_MSS_MSS_CM3_0_hw_platform.a(ace_config.o)
                                0xe7b (size before relaxing)

.debug_loc      0x00000000     0x204b
 *(.debug_loc)
 .debug_loc     0x00000000       0x70 ./main.o
 .debug_loc     0x00000070      0x3c6 E:/repos/ECEN5863_projects/POT_Uart/Voltage_Monitor/Voltage_Monitor/SoftConsole/Voltage_Monitor_MSS_MSS_CM3_0/Voltage_Monitor_MSS_MSS_CM3_0_hw_platform/Debug/CMSIS/startup_gcc/newlib_stubs.o
 .debug_loc     0x00000436      0x510 E:\repos\ECEN5863_projects\POT_Uart\Voltage_Monitor\Voltage_Monitor\SoftConsole\Voltage_Monitor_MSS_MSS_CM3_0\Voltage_Monitor_MSS_MSS_CM3_0_hw_platform\Debug\libVoltage_Monitor_MSS_MSS_CM3_0_hw_platform.a(mss_uart.o)
 .debug_loc     0x00000946      0x1ef E:\repos\ECEN5863_projects\POT_Uart\Voltage_Monitor\Voltage_Monitor\SoftConsole\Voltage_Monitor_MSS_MSS_CM3_0\Voltage_Monitor_MSS_MSS_CM3_0_hw_platform\Debug\libVoltage_Monitor_MSS_MSS_CM3_0_hw_platform.a(mss_gpio.o)
 .debug_loc     0x00000b35      0x415 E:\repos\ECEN5863_projects\POT_Uart\Voltage_Monitor\Voltage_Monitor\SoftConsole\Voltage_Monitor_MSS_MSS_CM3_0\Voltage_Monitor_MSS_MSS_CM3_0_hw_platform\Debug\libVoltage_Monitor_MSS_MSS_CM3_0_hw_platform.a(ace_convert.o)
 .debug_loc     0x00000f4a      0xb2d E:\repos\ECEN5863_projects\POT_Uart\Voltage_Monitor\Voltage_Monitor\SoftConsole\Voltage_Monitor_MSS_MSS_CM3_0\Voltage_Monitor_MSS_MSS_CM3_0_hw_platform\Debug\libVoltage_Monitor_MSS_MSS_CM3_0_hw_platform.a(ace_flags.o)
 .debug_loc     0x00001a77      0x53b E:\repos\ECEN5863_projects\POT_Uart\Voltage_Monitor\Voltage_Monitor\SoftConsole\Voltage_Monitor_MSS_MSS_CM3_0\Voltage_Monitor_MSS_MSS_CM3_0_hw_platform\Debug\libVoltage_Monitor_MSS_MSS_CM3_0_hw_platform.a(mss_ace.o)
 .debug_loc     0x00001fb2       0x99 E:\repos\ECEN5863_projects\POT_Uart\Voltage_Monitor\Voltage_Monitor\SoftConsole\Voltage_Monitor_MSS_MSS_CM3_0\Voltage_Monitor_MSS_MSS_CM3_0_hw_platform\Debug\libVoltage_Monitor_MSS_MSS_CM3_0_hw_platform.a(system_a2fxxxm3.o)

.debug_macinfo  0x00000000    0x359ab
 *(.debug_macinfo)
 .debug_macinfo
                0x00000000     0x8e32 ./main.o
 .debug_macinfo
                0x00008e32     0x4bf0 E:/repos/ECEN5863_projects/POT_Uart/Voltage_Monitor/Voltage_Monitor/SoftConsole/Voltage_Monitor_MSS_MSS_CM3_0/Voltage_Monitor_MSS_MSS_CM3_0_hw_platform/Debug/CMSIS/startup_gcc/newlib_stubs.o
 .debug_macinfo
                0x0000da22     0x63ca E:\repos\ECEN5863_projects\POT_Uart\Voltage_Monitor\Voltage_Monitor\SoftConsole\Voltage_Monitor_MSS_MSS_CM3_0\Voltage_Monitor_MSS_MSS_CM3_0_hw_platform\Debug\libVoltage_Monitor_MSS_MSS_CM3_0_hw_platform.a(mss_uart.o)
 .debug_macinfo
                0x00013dec     0x5ce1 E:\repos\ECEN5863_projects\POT_Uart\Voltage_Monitor\Voltage_Monitor\SoftConsole\Voltage_Monitor_MSS_MSS_CM3_0\Voltage_Monitor_MSS_MSS_CM3_0_hw_platform\Debug\libVoltage_Monitor_MSS_MSS_CM3_0_hw_platform.a(mss_gpio.o)
 .debug_macinfo
                0x00019acd     0x5b7c E:\repos\ECEN5863_projects\POT_Uart\Voltage_Monitor\Voltage_Monitor\SoftConsole\Voltage_Monitor_MSS_MSS_CM3_0\Voltage_Monitor_MSS_MSS_CM3_0_hw_platform\Debug\libVoltage_Monitor_MSS_MSS_CM3_0_hw_platform.a(ace_convert.o)
 .debug_macinfo
                0x0001f649     0x7855 E:\repos\ECEN5863_projects\POT_Uart\Voltage_Monitor\Voltage_Monitor\SoftConsole\Voltage_Monitor_MSS_MSS_CM3_0\Voltage_Monitor_MSS_MSS_CM3_0_hw_platform\Debug\libVoltage_Monitor_MSS_MSS_CM3_0_hw_platform.a(ace_flags.o)
 .debug_macinfo
                0x00026e9e     0x77de E:\repos\ECEN5863_projects\POT_Uart\Voltage_Monitor\Voltage_Monitor\SoftConsole\Voltage_Monitor_MSS_MSS_CM3_0\Voltage_Monitor_MSS_MSS_CM3_0_hw_platform\Debug\libVoltage_Monitor_MSS_MSS_CM3_0_hw_platform.a(mss_ace.o)
 .debug_macinfo
                0x0002e67c     0x5a7f E:\repos\ECEN5863_projects\POT_Uart\Voltage_Monitor\Voltage_Monitor\SoftConsole\Voltage_Monitor_MSS_MSS_CM3_0\Voltage_Monitor_MSS_MSS_CM3_0_hw_platform\Debug\libVoltage_Monitor_MSS_MSS_CM3_0_hw_platform.a(system_a2fxxxm3.o)
 .debug_macinfo
                0x000340fb     0x18b0 E:\repos\ECEN5863_projects\POT_Uart\Voltage_Monitor\Voltage_Monitor\SoftConsole\Voltage_Monitor_MSS_MSS_CM3_0\Voltage_Monitor_MSS_MSS_CM3_0_hw_platform\Debug\libVoltage_Monitor_MSS_MSS_CM3_0_hw_platform.a(ace_config.o)

.debug_weaknames
 *(.debug_weaknames)

.debug_funcnames
 *(.debug_funcnames)

.debug_typenames
 *(.debug_typenames)

.debug_varnames
 *(.debug_varnames)

.note.gnu.arm.ident
 *(.note.gnu.arm.ident)

.ARM.attributes
                0x00000000       0x25
 *(.ARM.attributes)
 .ARM.attributes
                0x00000000       0x19 e:/program files (x86)/microsemi/softconsole v3.4/sourcery-g++/bin/../lib/gcc/arm-none-eabi/4.4.1/thumb2/crti.o
 .ARM.attributes
                0x00000019       0x29 e:/program files (x86)/microsemi/softconsole v3.4/sourcery-g++/bin/../lib/gcc/arm-none-eabi/4.4.1/thumb2/crtbegin.o
 .ARM.attributes
                0x00000042       0x31 ./main.o
 .ARM.attributes
                0x00000073       0x21 E:/repos/ECEN5863_projects/POT_Uart/Voltage_Monitor/Voltage_Monitor/SoftConsole/Voltage_Monitor_MSS_MSS_CM3_0/Voltage_Monitor_MSS_MSS_CM3_0_hw_platform/Debug/CMSIS/startup_gcc/startup_a2fxxxm3.o
 .ARM.attributes
                0x00000094       0x31 E:/repos/ECEN5863_projects/POT_Uart/Voltage_Monitor/Voltage_Monitor/SoftConsole/Voltage_Monitor_MSS_MSS_CM3_0/Voltage_Monitor_MSS_MSS_CM3_0_hw_platform/Debug/CMSIS/startup_gcc/newlib_stubs.o
 .ARM.attributes
                0x000000c5       0x31 E:\repos\ECEN5863_projects\POT_Uart\Voltage_Monitor\Voltage_Monitor\SoftConsole\Voltage_Monitor_MSS_MSS_CM3_0\Voltage_Monitor_MSS_MSS_CM3_0_hw_platform\Debug\libVoltage_Monitor_MSS_MSS_CM3_0_hw_platform.a(mss_uart.o)
 .ARM.attributes
                0x000000f6       0x31 E:\repos\ECEN5863_projects\POT_Uart\Voltage_Monitor\Voltage_Monitor\SoftConsole\Voltage_Monitor_MSS_MSS_CM3_0\Voltage_Monitor_MSS_MSS_CM3_0_hw_platform\Debug\libVoltage_Monitor_MSS_MSS_CM3_0_hw_platform.a(mss_gpio.o)
 .ARM.attributes
                0x00000127       0x31 E:\repos\ECEN5863_projects\POT_Uart\Voltage_Monitor\Voltage_Monitor\SoftConsole\Voltage_Monitor_MSS_MSS_CM3_0\Voltage_Monitor_MSS_MSS_CM3_0_hw_platform\Debug\libVoltage_Monitor_MSS_MSS_CM3_0_hw_platform.a(ace_convert.o)
 .ARM.attributes
                0x00000158       0x31 E:\repos\ECEN5863_projects\POT_Uart\Voltage_Monitor\Voltage_Monitor\SoftConsole\Voltage_Monitor_MSS_MSS_CM3_0\Voltage_Monitor_MSS_MSS_CM3_0_hw_platform\Debug\libVoltage_Monitor_MSS_MSS_CM3_0_hw_platform.a(ace_flags.o)
 .ARM.attributes
                0x00000189       0x31 E:\repos\ECEN5863_projects\POT_Uart\Voltage_Monitor\Voltage_Monitor\SoftConsole\Voltage_Monitor_MSS_MSS_CM3_0\Voltage_Monitor_MSS_MSS_CM3_0_hw_platform\Debug\libVoltage_Monitor_MSS_MSS_CM3_0_hw_platform.a(mss_ace.o)
 .ARM.attributes
                0x000001ba       0x31 E:\repos\ECEN5863_projects\POT_Uart\Voltage_Monitor\Voltage_Monitor\SoftConsole\Voltage_Monitor_MSS_MSS_CM3_0\Voltage_Monitor_MSS_MSS_CM3_0_hw_platform\Debug\libVoltage_Monitor_MSS_MSS_CM3_0_hw_platform.a(system_a2fxxxm3.o)
 .ARM.attributes
                0x000001eb       0x31 E:\repos\ECEN5863_projects\POT_Uart\Voltage_Monitor\Voltage_Monitor\SoftConsole\Voltage_Monitor_MSS_MSS_CM3_0\Voltage_Monitor_MSS_MSS_CM3_0_hw_platform\Debug\libVoltage_Monitor_MSS_MSS_CM3_0_hw_platform.a(ace_config.o)
 .ARM.attributes
                0x0000021c       0x1b e:/program files (x86)/microsemi/softconsole v3.4/sourcery-g++/bin/../lib/gcc/arm-none-eabi/4.4.1/thumb2\libgcc.a(_arm_addsubdf3.o)
 .ARM.attributes
                0x00000237       0x1b e:/program files (x86)/microsemi/softconsole v3.4/sourcery-g++/bin/../lib/gcc/arm-none-eabi/4.4.1/thumb2\libgcc.a(_arm_addsubsf3.o)
 .ARM.attributes
                0x00000252       0x1b e:/program files (x86)/microsemi/softconsole v3.4/sourcery-g++/bin/../lib/gcc/arm-none-eabi/4.4.1/thumb2\libgcc.a(_arm_muldivsf3.o)
 .ARM.attributes
                0x0000026d       0x29 e:/program files (x86)/microsemi/softconsole v3.4/sourcery-g++/bin/../lib/gcc/arm-none-eabi/4.4.1/../../../../arm-none-eabi/lib/thumb2\libc.a(lib_a-errno.o)
 .ARM.attributes
                0x00000296       0x29 e:/program files (x86)/microsemi/softconsole v3.4/sourcery-g++/bin/../lib/gcc/arm-none-eabi/4.4.1/../../../../arm-none-eabi/lib/thumb2\libc.a(lib_a-impure.o)
 .ARM.attributes
                0x000002bf       0x29 e:/program files (x86)/microsemi/softconsole v3.4/sourcery-g++/bin/../lib/gcc/arm-none-eabi/4.4.1/../../../../arm-none-eabi/lib/thumb2\libc.a(lib_a-init.o)
 .ARM.attributes
                0x000002e8       0x29 e:/program files (x86)/microsemi/softconsole v3.4/sourcery-g++/bin/../lib/gcc/arm-none-eabi/4.4.1/../../../../arm-none-eabi/lib/thumb2\libc.a(lib_a-memcpy.o)
 .ARM.attributes
                0x00000311       0x29 e:/program files (x86)/microsemi/softconsole v3.4/sourcery-g++/bin/../lib/gcc/arm-none-eabi/4.4.1/../../../../arm-none-eabi/lib/thumb2\libc.a(lib_a-snprintf.o)
 .ARM.attributes
                0x0000033a       0x29 e:/program files (x86)/microsemi/softconsole v3.4/sourcery-g++/bin/../lib/gcc/arm-none-eabi/4.4.1/../../../../arm-none-eabi/lib/thumb2\libc.a(lib_a-strncmp.o)
 .ARM.attributes
                0x00000363       0x29 e:/program files (x86)/microsemi/softconsole v3.4/sourcery-g++/bin/../lib/gcc/arm-none-eabi/4.4.1/../../../../arm-none-eabi/lib/thumb2\libc.a(lib_a-svfprintf.o)
 .ARM.attributes